ARM Linker, 4.1 [Build 894] [Standard]

==============================================================================

Section Cross References

    main.o(.text) refers to lenfien.o(.text) for LENFIEN_copyright
    main.o(.text) refers to ssd1289_base.o(.text) for SSD1289_init
    main.o(.text) refers to ads7483_base.o(.text) for ADS7483_init
    main.o(.text) refers to windows.o(.text) for WINDOW_show_dialog_box
    main.o(.text) refers to exam.o(.text) for EXAM_init
    main.o(.text) refers to main.o(.constdata) for .constdata
    main.o(.text) refers to ssd1289_base.o(.data) for ScreenState
    lenfien.o(.text) refers to ssd1289_configure.o(.text) for LCD_set_font_color
    lenfien.o(.text) refers to ssd1289_font.o(.text) for LCD_printf
    lenfien.o(.text) refers to ssd1289_base.o(.text) for SSD1289_init
    lenfien.o(.text) refers to ads7483_base.o(.text) for ADS7483_init
    lenfien.o(.text) refers to windows.o(.text) for WINDOW_show_dialog_box
    lenfien.o(.text) refers to beep.o(.text) for BEEP_init
    lenfien.o(.text) refers to exit.o(.text) for exit
    lenfien.o(.text) refers to ssd1289_base.o(.data) for ScreenState
    lenfien.o(.text) refers to lenfien.o(.data) for logo_R
    lenfien.o(.text) refers to lenfien.o(.constdata) for .constdata
    interruptservice.o(.text) refers to lenfien.o(.text) for LENFIEN_logo_animation
    interruptservice.o(.text) refers to com_bit_operations.o(.emb_text) for __get_bit
    interruptservice.o(.text) refers to core_nvic.o(.text) for NVIC_disable_interrupt
    interruptservice.o(.text) refers to base_rtc.o(.text) for RTC_set_SECIE
    interruptservice.o(.text) refers to base_dma.o(.text) for DMA1_get_TCIFx
    interruptservice.o(.text) refers to adconverter.o(.text) for ADConverter_update_UI
    interruptservice.o(.text) refers to led.o(.text) for LED_turn_on_LED2
    interruptservice.o(.text) refers to base_atime.o(.text) for TIM1_set_UIE
    interruptservice.o(.text) refers to base_adc.o(.text) for ADC1_get_EOC
    interruptservice.o(.text) refers to base_exti.o(.text) for EXTI_get_PRx
    interruptservice.o(.text) refers to ads7483_base.o(.text) for ADS7483_update_state
    interruptservice.o(.text) refers to button.o(.text) for BUTTON_process
    interruptservice.o(.text) refers to cnf_adc.o(.text) for ADC1_start_conversion
    interruptservice.o(.text) refers to base_usart.o(.text) for USART1_get_RXNE
    interruptservice.o(.text) refers to adconverter.o(.bss) for ADC_VALUE
    interruptservice.o(.text) refers to interruptservice.o(.data) for i
    systeminit.o(.text) refers to cnf_rcc.o(.text) for RCC_init
    systeminit.o(.text) refers to led.o(.text) for LED_init
    systeminit.o(.text) refers to com_functions.o(.text) for delay
    startup_stm32f10x_hd.o(STACK) refers (Special) to heapauxi.o(.text) for __use_two_region_memory
    startup_stm32f10x_hd.o(HEAP) refers (Special) to heapauxi.o(.text) for __use_two_region_memory
    startup_stm32f10x_hd.o(RESET) refers (Special) to heapauxi.o(.text) for __use_two_region_memory
    startup_stm32f10x_hd.o(RESET) refers to startup_stm32f10x_hd.o(STACK) for __initial_sp
    startup_stm32f10x_hd.o(RESET) refers to startup_stm32f10x_hd.o(.text) for Reset_Handler
    startup_stm32f10x_hd.o(RESET) refers to interruptservice.o(.text) for NMI_Handler
    startup_stm32f10x_hd.o(.text) refers (Special) to heapauxi.o(.text) for __use_two_region_memory
    startup_stm32f10x_hd.o(.text) refers to systeminit.o(.text) for SystemInit
    startup_stm32f10x_hd.o(.text) refers to __main.o(!!!main) for __main
    startup_stm32f10x_hd.o(.text) refers to startup_stm32f10x_hd.o(HEAP) for Heap_Mem
    startup_stm32f10x_hd.o(.text) refers to startup_stm32f10x_hd.o(STACK) for Stack_Mem
    com_bit_operations.o(.text) refers to com_bit_operations.o(.emb_text) for __set_bit
    debug_color.o(.text) refers to ssd1289_graphic.o(.text) for LCD_draw_rectangle
    debug_color.o(.text) refers to ssd1289_font.o(.text) for LCD_printf
    debug_color.o(.text) refers to button.o(.text) for BUTTON_create_button
    debug_color.o(.text) refers to ssd1289_base.o(.data) for ScreenState
    debug_color.o(.text) refers to debug_color.o(.data) for r
    base_adc.o(.text) refers to com_bit_operations.o(.emb_text) for __get_bit
    base_adc.o(.text) refers to com_bit_operations.o(.text) for __write_bit
    base_afio.o(.text) refers to com_bit_operations.o(.text) for __set_bits
    base_afio.o(.text) refers to com_bit_operations.o(.emb_text) for __set_bit
    base_atime.o(.text) refers to com_bit_operations.o(.text) for __write_bit
    base_atime.o(.text) refers to com_bit_operations.o(.emb_text) for __set_bit
    base_crc.o(.text) refers to com_bit_operations.o(.text) for __set_bits
    base_crc.o(.text) refers to com_bit_operations.o(.emb_text) for __set_bit
    base_dma.o(.text) refers to com_bit_operations.o(.emb_text) for __get_bit
[...]
    RCC_set_USART2EN                         0x080033d9   Thumb Code    20  base_rcc.o(.text)
    RCC_set_SPI3EN                           0x080033ed   Thumb Code    24  base_rcc.o(.text)
    RCC_set_SPI2EN                           0x08003405   Thumb Code    18  base_rcc.o(.text)
    RCC_set_WWDGEN                           0x08003417   Thumb Code    18  base_rcc.o(.text)
    RCC_set_TIM14EN                          0x08003429   Thumb Code    18  base_rcc.o(.text)
    RCC_set_TIM13EN                          0x0800343b   Thumb Code    18  base_rcc.o(.text)
    RCC_set_TIM12EN                          0x0800344d   Thumb Code    18  base_rcc.o(.text)
    RCC_set_TIM7EN                           0x0800345f   Thumb Code    18  base_rcc.o(.text)
    RCC_set_TIM6EN                           0x08003471   Thumb Code    18  base_rcc.o(.text)
    RCC_set_TIM5EN                           0x08003483   Thumb Code    18  base_rcc.o(.text)
    RCC_set_TIM4EN                           0x08003495   Thumb Code    18  base_rcc.o(.text)
    RCC_set_TIM3EN                           0x080034a7   Thumb Code    18  base_rcc.o(.text)
    RCC_set_TIM2EN                           0x080034b9   Thumb Code    18  base_rcc.o(.text)
    RCC_set_BDRST                            0x080034cb   Thumb Code    14  base_rcc.o(.text)
    RCC_set_RTCEN                            0x080034d9   Thumb Code    20  base_rcc.o(.text)
    RCC_set_RTCSEL                           0x080034ed   Thumb Code    22  base_rcc.o(.text)
    RCC_set_LSEBYP                           0x08003503   Thumb Code    20  base_rcc.o(.text)
    RCC_get_LSERDY                           0x08003517   Thumb Code    18  base_rcc.o(.text)
    RCC_set_LSEON                            0x08003529   Thumb Code    20  base_rcc.o(.text)
    RCC_get_LPWRRSTF                         0x0800353d   Thumb Code    18  base_rcc.o(.text)
    RCC_get_WWDGRSTF                         0x0800354f   Thumb Code    18  base_rcc.o(.text)
    RCC_get_IWDGRSTF                         0x08003561   Thumb Code    18  base_rcc.o(.text)
    RCC_get_SFTRSTF                          0x08003573   Thumb Code    18  base_rcc.o(.text)
    RCC_get_PORRSTF                          0x08003585   Thumb Code    18  base_rcc.o(.text)
    RCC_get_PINRSTF                          0x08003597   Thumb Code    18  base_rcc.o(.text)
    RCC_set_RMVF                             0x080035a9   Thumb Code    14  base_rcc.o(.text)
    RCC_get_LSIRDY                           0x080035b7   Thumb Code    18  base_rcc.o(.text)
    RCC_set_LSION                            0x080035c9   Thumb Code    20  base_rcc.o(.text)
    RTC_set_OWIE                             0x080035e1   Thumb Code    16  base_rtc.o(.text)
    RTC_set_ALRIE                            0x080035f1   Thumb Code    16  base_rtc.o(.text)
    RTC_set_SECIE                            0x08003601   Thumb Code    16  base_rtc.o(.text)
    RTC_set_CNF                              0x08003611   Thumb Code    18  base_rtc.o(.text)
    RTC_set_PRL                              0x08003623   Thumb Code    46  base_rtc.o(.text)
    RTC_get_DIV                              0x08003651   Thumb Code    38  base_rtc.o(.text)
    RTC_set_CNT                              0x08003677   Thumb Code    46  base_rtc.o(.text)
    RTC_set_ALR                              0x080036a5   Thumb Code    52  base_rtc.o(.text)
    USART1_get_CTS                           0x080036dd   Thumb Code    16  base_usart.o(.text)
    USART1_clear_CTS                         0x080036ed   Thumb Code    12  base_usart.o(.text)
    USART2_get_CTS                           0x080036f9   Thumb Code    16  base_usart.o(.text)
    USART2_clear_CTS                         0x08003709   Thumb Code    12  base_usart.o(.text)
    USART3_get_CTS                           0x08003715   Thumb Code    16  base_usart.o(.text)
    USART3_clear_CTS                         0x08003725   Thumb Code    12  base_usart.o(.text)
    USART1_get_LBD                           0x08003731   Thumb Code    16  base_usart.o(.text)
    USART1_clear_LBD                         0x08003741   Thumb Code    12  base_usart.o(.text)
    USART2_get_LBD                           0x0800374d   Thumb Code    16  base_usart.o(.text)
    USART2_clear_LBD                         0x0800375d   Thumb Code    12  base_usart.o(.text)
    USART3_get_LBD                           0x08003769   Thumb Code    16  base_usart.o(.text)
    USART3_clear_LBD                         0x08003779   Thumb Code    12  base_usart.o(.text)
    USART1_get_TXE                           0x08003785   Thumb Code    16  base_usart.o(.text)
    USART1_clear_TXE                         0x08003795   Thumb Code    12  base_usart.o(.text)
    USART2_get_TXE                           0x080037a1   Thumb Code    16  base_usart.o(.text)
    USART2_clear_TXE                         0x080037b1   Thumb Code    12  base_usart.o(.text)
    USART3_get_TXE                           0x080037bd   Thumb Code    16  base_usart.o(.text)
    USART3_clear_TXE                         0x080037cd   Thumb Code    12  base_usart.o(.text)
    USART1_get_TC                            0x080037d9   Thumb Code    16  base_usart.o(.text)
    USART1_clear_TC                          0x080037e9   Thumb Code    12  base_usart.o(.text)
    USART2_get_TC                            0x080037f5   Thumb Code    16  base_usart.o(.text)
    USART2_clear_TC                          0x08003805   Thumb Code    12  base_usart.o(.text)
    USART3_get_TC                            0x08003811   Thumb Code    16  base_usart.o(.text)
    USART3_clear_TC                          0x08003821   Thumb Code    12  base_usart.o(.text)
    USART1_get_RXNE                          0x0800382d   Thumb Code    16  base_usart.o(.text)
    USART1_clear_RXNE                        0x0800383d   Thumb Code    12  base_usart.o(.text)
    USART2_get_RXNE                          0x08003849   Thumb Code    16  base_usart.o(.text)
    USART2_clear_RXNE                        0x08003859   Thumb Code    12  base_usart.o(.text)
    USART3_get_RXNE                          0x08003865   Thumb Code    16  base_usart.o(.text)
    USART3_clear_RXNE                        0x08003875   Thumb Code    12  base_usart.o(.text)
    USART1_get_IDLE                          0x08003881   Thumb Code    16  base_usart.o(.text)
    USART1_clear_IDLE                        0x08003891   Thumb Code    12  base_usart.o(.text)
    USART2_get_IDLE                          0x0800389d   Thumb Code    16  base_usart.o(.text)
    USART2_clear_IDLE                        0x080038ad   Thumb Code    12  base_usart.o(.text)
    USART3_get_IDLE                          0x080038b9   Thumb Code    16  base_usart.o(.text)
    USART3_clear_IDLE                        0x080038c9   Thumb Code    12  base_usart.o(.text)
    USART1_get_ORE                           0x080038d5   Thumb Code    16  base_usart.o(.text)
    USART1_clear_ORE                         0x080038e5   Thumb Code     2  base_usart.o(.text)
    USART2_get_ORE                           0x080038e7   Thumb Code    16  base_usart.o(.text)
    USART2_clear_ORE                         0x080038f7   Thumb Code     2  base_usart.o(.text)
    USART3_get_ORE                           0x080038f9   Thumb Code    16  base_usart.o(.text)
    USART3_clear_ORE                         0x08003909   Thumb Code     2  base_usart.o(.text)
    USART1_get_NE                            0x0800390b   Thumb Code    16  base_usart.o(.text)
    USART2_get_NE                            0x0800391b   Thumb Code    16  base_usart.o(.text)
    USART3_get_NE                            0x0800392b   Thumb Code    16  base_usart.o(.text)
    USART1_get_FE                            0x0800393b   Thumb Code    16  base_usart.o(.text)
    USART2_get_FE                            0x0800394b   Thumb Code    16  base_usart.o(.text)
    USART3_get_FE                            0x0800395b   Thumb Code    16  base_usart.o(.text)
    USART1_get_PE                            0x0800396b   Thumb Code    16  base_usart.o(.text)
    USART2_get_PE                            0x0800397b   Thumb Code    16  base_usart.o(.text)
    USART3_get_PE                            0x0800398b   Thumb Code    16  base_usart.o(.text)
    USART1_get_DR                            0x0800399b   Thumb Code    10  base_usart.o(.text)
    USART1_set_DR                            0x080039a5   Thumb Code     8  base_usart.o(.text)
    USART2_get_DR                            0x080039ad   Thumb Code    10  base_usart.o(.text)
    USART2_set_DR                            0x080039b7   Thumb Code     8  base_usart.o(.text)
    USART3_get_DR                            0x080039bf   Thumb Code    10  base_usart.o(.text)
    USART3_set_DR                            0x080039c9   Thumb Code     8  base_usart.o(.text)
    USART1_set_BRR                           0x080039d1   Thumb Code    22  base_usart.o(.text)
    USART1_set_div                           0x080039e7   Thumb Code   110  base_usart.o(.text)
    USART1_get_div                           0x08003a55   Thumb Code    66  base_usart.o(.text)
    USART2_set_BRR                           0x08003a97   Thumb Code    22  base_usart.o(.text)
    USART2_set_div                           0x08003aad   Thumb Code   128  base_usart.o(.text)
    USART2_get_div                           0x08003b2d   Thumb Code    62  base_usart.o(.text)
    USART3_set_BRR                           0x08003b6b   Thumb Code    20  base_usart.o(.text)
    USART3_set_div                           0x08003b7f   Thumb Code   110  base_usart.o(.text)
    USART3_get_div                           0x08003bed   Thumb Code    62  base_usart.o(.text)
    USART1_set_enable                        0x08003c2b   Thumb Code    18  base_usart.o(.text)
    USART2_set_enable                        0x08003c3d   Thumb Code    20  base_usart.o(.text)
    USART3_set_enable                        0x08003c51   Thumb Code    20  base_usart.o(.text)
    USART1_set_M                             0x08003c65   Thumb Code    18  base_usart.o(.text)
    USART2_set_M                             0x08003c77   Thumb Code    20  base_usart.o(.text)
    USART3_set_M                             0x08003c8b   Thumb Code    20  base_usart.o(.text)
    USART1_set_WAKE                          0x08003c9f   Thumb Code    18  base_usart.o(.text)
    USART2_set_WAKE                          0x08003cb1   Thumb Code    20  base_usart.o(.text)
    USART3_set_WAKE                          0x08003cc5   Thumb Code    20  base_usart.o(.text)
    USART1_set_PCE                           0x08003cd9   Thumb Code    18  base_usart.o(.text)
    USART2_set_PCE                           0x08003ceb   Thumb Code    20  base_usart.o(.text)
    USART3_set_PCE                           0x08003cff   Thumb Code    20  base_usart.o(.text)
    USART1_set_PS                            0x08003d13   Thumb Code    18  base_usart.o(.text)
    USART2_set_PS                            0x08003d25   Thumb Code    20  base_usart.o(.text)
    USART3_set_PS                            0x08003d39   Thumb Code    20  base_usart.o(.text)
    USART1_set_PEIE                          0x08003d4d   Thumb Code    18  base_usart.o(.text)
    USART2_set_PEIE                          0x08003d5f   Thumb Code    20  base_usart.o(.text)
    USART3_set_PEIE                          0x08003d73   Thumb Code    20  base_usart.o(.text)
    USART1_set_TXEIE                         0x08003d87   Thumb Code    18  base_usart.o(.text)
    USART2_set_TXEIE                         0x08003d99   Thumb Code    20  base_usart.o(.text)
    USART3_set_TXEIE                         0x08003dad   Thumb Code    20  base_usart.o(.text)
    USART1_set_TCIE                          0x08003dc1   Thumb Code    18  base_usart.o(.text)
    USART2_set_TCIE                          0x08003dd3   Thumb Code    20  base_usart.o(.text)
    USART3_set_TCIE                          0x08003de7   Thumb Code    20  base_usart.o(.text)
    USART1_set_RXNEIE                        0x08003dfb   Thumb Code    18  base_usart.o(.text)
    USART2_set_RXNEIE                        0x08003e0d   Thumb Code    20  base_usart.o(.text)
    USART3_set_RXNEIE                        0x08003e21   Thumb Code    20  base_usart.o(.text)
    USART1_set_IDLEIE                        0x08003e35   Thumb Code    18  base_usart.o(.text)
    USART2_set_IDLEIE                        0x08003e47   Thumb Code    20  base_usart.o(.text)
    USART3_set_IDLEIE                        0x08003e5b   Thumb Code    20  base_usart.o(.text)
    USART1_set_TE                            0x08003e6f   Thumb Code    18  base_usart.o(.text)
    USART2_set_TE                            0x08003e81   Thumb Code    20  base_usart.o(.text)
    USART3_set_TE                            0x08003e95   Thumb Code    20  base_usart.o(.text)
    USART1_set_RE                            0x08003ea9   Thumb Code    18  base_usart.o(.text)
    USART2_set_RE                            0x08003ebb   Thumb Code    20  base_usart.o(.text)
    USART3_set_RE                            0x08003ecf   Thumb Code    38  base_usart.o(.text)
    USART1_set_RWU                           0x08003ef5   Thumb Code    18  base_usart.o(.text)
    USART2_set_RWU                           0x08003f07   Thumb Code    18  base_usart.o(.text)
    USART3_set_RWU                           0x08003f19   Thumb Code    18  base_usart.o(.text)
    USART1_set_SBK                           0x08003f2b   Thumb Code    12  base_usart.o(.text)
    USART2_set_SBK                           0x08003f37   Thumb Code    12  base_usart.o(.text)
    USART3_set_SBK                           0x08003f43   Thumb Code    12  base_usart.o(.text)
    USART1_set_LINEN                         0x08003f4f   Thumb Code    20  base_usart.o(.text)
    USART2_set_LINEN                         0x08003f63   Thumb Code    20  base_usart.o(.text)
    USART3_set_LINEN                         0x08003f77   Thumb Code    20  base_usart.o(.text)
    USART1_set_STOP                          0x08003f8b   Thumb Code    22  base_usart.o(.text)
    USART2_set_STOP                          0x08003fa1   Thumb Code    22  base_usart.o(.text)
    USART3_set_STOP                          0x08003fb7   Thumb Code    22  base_usart.o(.text)
    USART1_set_CLKEN                         0x08003fcd   Thumb Code    20  base_usart.o(.text)
    USART2_set_CLKEN                         0x08003fe1   Thumb Code    20  base_usart.o(.text)
    USART3_set_CLKEN                         0x08003ff5   Thumb Code    20  base_usart.o(.text)
    USART1_set_CPOL                          0x08004009   Thumb Code    20  base_usart.o(.text)
    USART2_set_CPOL                          0x0800401d   Thumb Code    20  base_usart.o(.text)
    USART3_set_CPOL                          0x08004031   Thumb Code    20  base_usart.o(.text)
    USART1_set_CPHA                          0x08004045   Thumb Code    20  base_usart.o(.text)
    USART2_set_CPHA                          0x08004059   Thumb Code    20  base_usart.o(.text)
    USART3_set_CPHA                          0x0800406d   Thumb Code    20  base_usart.o(.text)
    USART1_set_LBCL                          0x08004081   Thumb Code    20  base_usart.o(.text)
    USART2_set_LBCL                          0x08004095   Thumb Code    20  base_usart.o(.text)
    USART3_set_LBCL                          0x080040a9   Thumb Code    20  base_usart.o(.text)
    USART1_set_LBDIE                         0x080040bd   Thumb Code    20  base_usart.o(.text)
    USART2_set_LBDIE                         0x080040d1   Thumb Code    20  base_usart.o(.text)
    USART3_set_LBDIE                         0x080040e5   Thumb Code    20  base_usart.o(.text)
    USART1_set_LBDL                          0x080040f9   Thumb Code    20  base_usart.o(.text)
    USART2_set_LBDL                          0x0800410d   Thumb Code    20  base_usart.o(.text)
    USART3_set_LBDL                          0x08004121   Thumb Code    20  base_usart.o(.text)
    USART1_set_ADD                           0x08004135   Thumb Code    22  base_usart.o(.text)
    USART1_get_ADD                           0x0800414b   Thumb Code    12  base_usart.o(.text)
    USART2_set_ADD                           0x08004157   Thumb Code    22  base_usart.o(.text)
    USART2_get_ADD                           0x0800416d   Thumb Code    12  base_usart.o(.text)
    USART3_set_ADD                           0x08004179   Thumb Code    22  base_usart.o(.text)
    USART3_get_ADD                           0x0800418f   Thumb Code    12  base_usart.o(.text)
    USART1_set_CTSIE                         0x0800419b   Thumb Code    20  base_usart.o(.text)
    USART2_set_CTSIE                         0x080041af   Thumb Code    20  base_usart.o(.text)
    USART3_set_CTSIE                         0x080041c3   Thumb Code    20  base_usart.o(.text)
    USART1_set_CTSE                          0x080041d7   Thumb Code    20  base_usart.o(.text)
    USART2_set_CTSE                          0x080041eb   Thumb Code    20  base_usart.o(.text)
    USART3_set_CTSE                          0x080041ff   Thumb Code    20  base_usart.o(.text)
    USART1_set_RTSE                          0x08004213   Thumb Code    20  base_usart.o(.text)
    USART2_set_RTSE                          0x08004227   Thumb Code    20  base_usart.o(.text)
    USART3_set_RTSE                          0x0800423b   Thumb Code    20  base_usart.o(.text)
    USART1_set_DMAT                          0x0800424f   Thumb Code    20  base_usart.o(.text)
    USART2_set_DMAT                          0x08004263   Thumb Code    20  base_usart.o(.text)
    USART3_set_DMAT                          0x08004277   Thumb Code    20  base_usart.o(.text)
    USART1_set_DMAR                          0x0800428b   Thumb Code    20  base_usart.o(.text)
    USART2_set_DMAR                          0x0800429f   Thumb Code    20  base_usart.o(.text)
    USART3_set_DMAR                          0x080042b3   Thumb Code    20  base_usart.o(.text)
    USART1_set_SCEN                          0x080042c7   Thumb Code    34  base_usart.o(.text)
    USART2_set_SCEN                          0x080042e9   Thumb Code    18  base_usart.o(.text)
    USART3_set_SCEN                          0x080042fb   Thumb Code    18  base_usart.o(.text)
    USART1_set_NACK                          0x0800430d   Thumb Code    18  base_usart.o(.text)
    USART2_set_NACK                          0x0800431f   Thumb Code    18  base_usart.o(.text)
    USART3_set_NACK                          0x08004331   Thumb Code    18  base_usart.o(.text)
    USART1_set_HDSEL                         0x08004343   Thumb Code    18  base_usart.o(.text)
    USART2_set_HDSEL                         0x08004355   Thumb Code    18  base_usart.o(.text)
    USART3_set_HDSEL                         0x08004367   Thumb Code    18  base_usart.o(.text)
    USART1_set_IRLP                          0x08004379   Thumb Code    18  base_usart.o(.text)
    USART2_set_IRLP                          0x0800438b   Thumb Code    18  base_usart.o(.text)
    USART3_set_IRLP                          0x0800439d   Thumb Code    18  base_usart.o(.text)
    USART1_set_IREN                          0x080043af   Thumb Code    18  base_usart.o(.text)
    USART2_set_IREN                          0x080043c1   Thumb Code    18  base_usart.o(.text)
    USART3_set_IREN                          0x080043d3   Thumb Code    18  base_usart.o(.text)
    USART1_set_EIE                           0x080043e5   Thumb Code    18  base_usart.o(.text)
    USART2_set_EIE                           0x080043f7   Thumb Code    18  base_usart.o(.text)
    USART3_set_EIE                           0x08004409   Thumb Code    18  base_usart.o(.text)
    USART1_set_GT                            0x0800441b   Thumb Code    20  base_usart.o(.text)
    USART2_set_GT                            0x0800442f   Thumb Code    20  base_usart.o(.text)
    USART3_set_GT                            0x08004443   Thumb Code    20  base_usart.o(.text)
    USART1_set_PSC                           0x08004457   Thumb Code    20  base_usart.o(.text)
    USART2_set_PSC                           0x0800446b   Thumb Code    20  base_usart.o(.text)
    USART3_set_PSC                           0x0800447f   Thumb Code    20  base_usart.o(.text)
    DAC_set_DMAEN2                           0x080044a1   Thumb Code    18  base_dac.o(.text)
    DAC_set_MAMP2                            0x080044b3   Thumb Code    20  base_dac.o(.text)
    DAC_set_WAVE2                            0x080044c7   Thumb Code    20  base_dac.o(.text)
    DAC_set_TSEL2                            0x080044db   Thumb Code    20  base_dac.o(.text)
    DAC_set_TEN2                             0x080044ef   Thumb Code    18  base_dac.o(.text)
    DAC_set_BOFF2                            0x08004501   Thumb Code    18  base_dac.o(.text)
    DAC_set_EN2                              0x08004513   Thumb Code    18  base_dac.o(.text)
    DAC_set_DMAEN1                           0x08004525   Thumb Code    18  base_dac.o(.text)
    DAC_set_MAMP1                            0x08004537   Thumb Code    20  base_dac.o(.text)
    DAC_set_WAVE1                            0x0800454b   Thumb Code    20  base_dac.o(.text)
    DAC_set_TSEL1                            0x0800455f   Thumb Code    20  base_dac.o(.text)
    DAC_set_TEN1                             0x08004573   Thumb Code    18  base_dac.o(.text)
    DAC_set_BOFF1                            0x08004585   Thumb Code    18  base_dac.o(.text)
    DAC_set_EN1                              0x08004597   Thumb Code    18  base_dac.o(.text)
    DAC_set_SWTRIG2                          0x080045a9   Thumb Code    20  base_dac.o(.text)
    DAC_set_SWTRIG1                          0x080045bd   Thumb Code    20  base_dac.o(.text)
    DAC_set_DHR1                             0x080045d1   Thumb Code    58  base_dac.o(.text)
    DAC_get_DHR1                             0x0800460b   Thumb Code    54  base_dac.o(.text)
    DAC_set_DHR2                             0x08004641   Thumb Code    58  base_dac.o(.text)
    DAC_get_DHR2                             0x0800467b   Thumb Code    54  base_dac.o(.text)
    DAC_set_DHRxD                            0x080046b1   Thumb Code    58  base_dac.o(.text)
    DAC_get_DHRxD                            0x080046eb   Thumb Code    50  base_dac.o(.text)
    DAC_set_DALIM                            0x0800471d   Thumb Code    10  base_dac.o(.text)
    DAC_get_DOR2                             0x08004727   Thumb Code    10  base_dac.o(.text)
    DAC_get_DOR1                             0x08004731   Thumb Code    10  base_dac.o(.text)
    NVIC_enable_interrupt                    0x08004745   Thumb Code    28  core_nvic.o(.text)
    NVIC_disable_interrupt                   0x08004761   Thumb Code    28  core_nvic.o(.text)
    NVIC_pending_interrupt                   0x0800477d   Thumb Code    28  core_nvic.o(.text)
    NVIC_clear_pending                       0x08004799   Thumb Code    28  core_nvic.o(.text)
    NVIC_get_PRIx                            0x080047b5   Thumb Code     8  core_nvic.o(.text)
    NVIC_set_PRIx                            0x080047bd   Thumb Code     6  core_nvic.o(.text)
    ADC1_IN10_init                           0x080047c9   Thumb Code   110  cnf_adc.o(.text)
    ADC1_start_conversion                    0x08004837   Thumb Code    10  cnf_adc.o(.text)
    TIM1_init_us                             0x08004841   Thumb Code    80  cnf_atime.o(.text)
    TIM1_init_ms                             0x08004891   Thumb Code    80  cnf_atime.o(.text)
    TIM1_CH1_generate_pwm                    0x080048e1   Thumb Code   192  cnf_atime.o(.text)
    TIM1_CH1_set_pwm_duty                    0x080049a1   Thumb Code    12  cnf_atime.o(.text)
    TIM1_CH2_generate_pwm                    0x080049ad   Thumb Code   192  cnf_atime.o(.text)
    TIM1_CH2_set_pwm_duty                    0x08004a6d   Thumb Code    12  cnf_atime.o(.text)
    TIM1_CH3_generate_pwm                    0x08004a79   Thumb Code   192  cnf_atime.o(.text)
    TIM1_CH3_set_pwm_duty                    0x08004b39   Thumb Code    12  cnf_atime.o(.text)
    TIM1_CH4_generate_pwm                    0x08004b45   Thumb Code   140  cnf_atime.o(.text)
    TIM1_CH4_set_pwm_duty                    0x08004bd1   Thumb Code    12  cnf_atime.o(.text)
    TIM8_init_us                             0x08004bdd   Thumb Code    80  cnf_atime.o(.text)
    TIM8_init_ms                             0x08004c2d   Thumb Code    80  cnf_atime.o(.text)
    TIM8_CH1_generate_pwm                    0x08004c7d   Thumb Code   192  cnf_atime.o(.text)
    TIM8_CH1_set_pwm_duty                    0x08004d3d   Thumb Code    12  cnf_atime.o(.text)
    TIM8_CH2_generate_pwm                    0x08004d49   Thumb Code   192  cnf_atime.o(.text)
    TIM8_CH2_set_pwm_duty                    0x08004e09   Thumb Code    12  cnf_atime.o(.text)
    TIM8_CH3_generate_pwm                    0x08004e15   Thumb Code   192  cnf_atime.o(.text)
    TIM8_CH3_set_pwm_duty                    0x08004ed5   Thumb Code    12  cnf_atime.o(.text)
    TIM8_CH4_generate_pwm                    0x08004ee1   Thumb Code   140  cnf_atime.o(.text)
    TIM8_CH4_set_pwm_duty                    0x08004f6d   Thumb Code    12  cnf_atime.o(.text)
    DMA1_CH1_init                            0x08004f79   Thumb Code   122  cnf_dma.o(.text)
    RCC_init                                 0x08004ffd   Thumb Code    90  cnf_rcc.o(.text)
    DAC_cnf_mode1                            0x08005057   Thumb Code    70  cnf_dac.o(.text)
    DAC_cnf_write_holding_data               0x0800509d   Thumb Code    12  cnf_dac.o(.text)
    DAC_cnf_mode2                            0x080050a9   Thumb Code    76  cnf_dac.o(.text)
    DAC_cnf_mode3                            0x080050f5   Thumb Code    82  cnf_dac.o(.text)
    LED_turn_state                           0x08005147   Thumb Code    22  led.o(.text)
    LED_turn_off_all                         0x0800515d   Thumb Code    10  led.o(.text)
    LED_init                                 0x08005167   Thumb Code    88  led.o(.text)
    LED_turn_on_all                          0x080051bf   Thumb Code    10  led.o(.text)
    LED_turn_on_LED1                         0x080051c9   Thumb Code    14  led.o(.text)
    LED_turn_on_LED2                         0x080051d7   Thumb Code    14  led.o(.text)
    LED_turn_on_LED3                         0x080051e5   Thumb Code    14  led.o(.text)
    LED_turn_on_LED4                         0x080051f3   Thumb Code    14  led.o(.text)
    LED_turn_off_LED1                        0x08005201   Thumb Code    14  led.o(.text)
    LED_turn_off_LED2                        0x0800520f   Thumb Code    14  led.o(.text)
    LED_turn_off_LED3                        0x0800521d   Thumb Code    14  led.o(.text)
    LED_turn_off_LED4                        0x0800522b   Thumb Code    14  led.o(.text)
    BEEP_init                                0x08005239   Thumb Code    22  beep.o(.text)
    BEEP_start                               0x0800524f   Thumb Code    14  beep.o(.text)
    BEEP_stop                                0x0800525d   Thumb Code    14  beep.o(.text)
    ADS7483_interrupt_init                   0x0800526d   Thumb Code    68  ads7483_base.o(.text)
    ADS7483_port_init                        0x080052b1   Thumb Code    80  ads7483_base.o(.text)
    ADS7483_init                             0x08005301   Thumb Code    42  ads7483_base.o(.text)
    ADS7483_send_command                     0x0800532b   Thumb Code    82  ads7483_base.o(.text)
    ADS7483_receive_data                     0x0800537d   Thumb Code    64  ads7483_base.o(.text)
    ADS7483_conversion                       0x080053bd   Thumb Code   146  ads7483_base.o(.text)
    ADS7483_get_exact_coordinate             0x0800544f   Thumb Code    90  ads7483_base.o(.text)
    ADS7483_point_filter                     0x080054a9   Thumb Code    52  ads7483_base.o(.text)
    ADS7483_get_coordinate                   0x080054dd   Thumb Code   286  ads7483_base.o(.text)
    ADS7483_update_state                     0x080055fb   Thumb Code    98  ads7483_base.o(.text)
    ADS7483_interrupt_draw_line              0x0800565d   Thumb Code   122  ads7483_base.o(.text)
    ADS7483_interrupt_display_touch_coordinate 0x080056d7   Thumb Code   314  ads7483_base.o(.text)
    ADS7483_interrupt_process                0x08005811   Thumb Code    30  ads7483_base.o(.text)
    ADS7483_test                             0x0800582f   Thumb Code    24  ads7483_base.o(.text)
    ADS7483_interrupt_scan_button            0x08005847   Thumb Code    10  ads7483_base.o(.text)
    ADS7483_BUTTON_update_state              0x08005875   Thumb Code   168  ads7483_button.o(.text)
    ADS7483_BUTTON_execute_handler           0x0800591d   Thumb Code    76  ads7483_button.o(.text)
    SSD1289_pins_init                        0x08005971   Thumb Code   304  ssd1289_base.o(.text)
    SSD1289_FSMC_init                        0x08005aa1   Thumb Code    94  ssd1289_base.o(.text)
    SSD1289_internal_init                    0x08005b09   Thumb Code   444  ssd1289_base.o(.text)
    SSD1289_set_point                        0x08005cc5   Thumb Code    60  ssd1289_base.o(.text)
    SSD1289_set_GDDRAM_position              0x08005d01   Thumb Code    76  ssd1289_base.o(.text)
    SSD1289_clear_screen                     0x08005d4d   Thumb Code    34  ssd1289_base.o(.text)
    SSD1289_init                             0x08005d6f   Thumb Code    78  ssd1289_base.o(.text)
    SSD1289_get_point                        0x08005dc9   Thumb Code    42  ssd1289_base.o(.text)
    SSD1289_set_window                       0x08005df3   Thumb Code    88  ssd1289_base.o(.text)
    SSD1289_set_full_window                  0x08005e4b   Thumb Code    50  ssd1289_base.o(.text)
    SSD1289_draw_bitmap_262K                 0x08005e7d   Thumb Code    80  ssd1289_base.o(.text)
    SSD1289_draw_bitmap_65K                  0x08005ecd   Thumb Code    72  ssd1289_base.o(.text)
    SSD1289_draw_font_8_16                   0x08005f15   Thumb Code    94  ssd1289_base.o(.text)
    SSD1289_draw_font_right_align            0x08005f73   Thumb Code   198  ssd1289_base.o(.text)
    SSD1289_draw_font_left_align             0x08006039   Thumb Code   152  ssd1289_base.o(.text)
    LCD_window_test                          0x080060d1   Thumb Code     2  ssd1289_base.o(.text)
    LCD_draw_moving_rectangle                0x080060d3   Thumb Code   110  ssd1289_base.o(.text)
    _LCD_SSD1289_draw_font                   0x08006141   Thumb Code   164  ssd1289_base.o(.text)
    LCD_big_to_small                         0x080061e5   Thumb Code   198  ssd1289_base.o(.text)
    LCD_set_lineSpacing                      0x080062bd   Thumb Code    42  ssd1289_configure.o(.text)
    LCD_set_rowSpacing                       0x080062e7   Thumb Code    42  ssd1289_configure.o(.text)
    LCD_set_font_color                       0x08006311   Thumb Code    10  ssd1289_configure.o(.text)
    LCD_set_font_backColor                   0x0800631b   Thumb Code    10  ssd1289_configure.o(.text)
    LCD_set_font                             0x08006325   Thumb Code    10  ssd1289_configure.o(.text)
    LCD_set_screen_backColor                 0x0800632f   Thumb Code    10  ssd1289_configure.o(.text)
    LCD_print_char                           0x08006341   Thumb Code   178  ssd1289_font.o(.text)
    LCD_print_string                         0x080063f3   Thumb Code   312  ssd1289_font.o(.text)
    LCD_printf                               0x0800652b   Thumb Code    58  ssd1289_font.o(.text)
    LCD_clear_pre_print                      0x08006565   Thumb Code    54  ssd1289_font.o(.text)
    LCD_draw_point                           0x080065b1   Thumb Code    64  ssd1289_graphic.o(.text)
    LCD_get_point                            0x080065f1   Thumb Code    60  ssd1289_graphic.o(.text)
    LCD_draw_rectangle                       0x0800662d   Thumb Code   150  ssd1289_graphic.o(.text)
    LCD_draw_line                            0x080066c3   Thumb Code   496  ssd1289_graphic.o(.text)
    LCD_draw_empty_rectangle                 0x080068b3   Thumb Code    82  ssd1289_graphic.o(.text)
    LCD_SSD1289_graphic_test                 0x08006905   Thumb Code    68  ssd1289_graphic.o(.text)
    DAConverter_draw_slider                  0x0800694d   Thumb Code   100  daconverter.o(.text)
    DAConverter_release_handler              0x080069b1   Thumb Code    32  daconverter.o(.text)
    DAConverter_update_slider                0x080069d1   Thumb Code   204  daconverter.o(.text)
    DAConverter_hold_handler                 0x08006a9d   Thumb Code   152  daconverter.o(.text)
    DAConverter_click_handler                0x08006b35   Thumb Code     2  daconverter.o(.text)
    DAConverter_draw_UI                      0x08006b37   Thumb Code   228  daconverter.o(.text)
    DAConverter_init                         0x08006c1b   Thumb Code    50  daconverter.o(.text)
    BUTTON_BtnSub_hold_handler               0x08006c65   Thumb Code    92  adconverter.o(.text)
    BUTTON_BtnAdd_hold_handler               0x08006cc1   Thumb Code    94  adconverter.o(.text)
    ADConverter_draw_UI                      0x08006d1f   Thumb Code   942  adconverter.o(.text)
    ADConverter_init                         0x080070cd   Thumb Code    50  adconverter.o(.text)
    ADConverter_record_ADValue               0x080070ff   Thumb Code   144  adconverter.o(.text)
    ADConverter_AD2COR                       0x0800718f   Thumb Code    96  adconverter.o(.text)
    ADConverter_get_voltage                  0x080071ef   Thumb Code   144  adconverter.o(.text)
    ADConverter_get_cycle                    0x0800727f   Thumb Code   252  adconverter.o(.text)
    ADConverter_update_UI                    0x0800737b   Thumb Code   392  adconverter.o(.text)
    EXAM_delete_button                       0x08007515   Thumb Code    40  exam.o(.text)
    BtHandler_touchTest                      0x0800753d   Thumb Code    20  exam.o(.text)
    BtHandler_drawLine                       0x08007551   Thumb Code    20  exam.o(.text)
    BtHandler_adConverter                    0x08007565   Thumb Code     8  exam.o(.text)
    EXAM_init                                0x0800756d   Thumb Code   362  exam.o(.text)
    FONT_get_font_info                       0x080077c5   Thumb Code    46  font_operation.o(.text)
    FONT_get_lib_info                        0x080077f3   Thumb Code    38  font_operation.o(.text)
    FONT_get_width                           0x08007819   Thumb Code   152  font_operation.o(.text)
    FONT_get_string_width                    0x080078b1   Thumb Code    44  font_operation.o(.text)
    FONT_get_char_width                      0x080078dd   Thumb Code    24  font_operation.o(.text)
    FONT_get_char_high                       0x080078f5   Thumb Code    24  font_operation.o(.text)
    FONT_printf                              0x0800790d   Thumb Code   118  font_operation.o(.text)
    FONT_test                                0x08007983   Thumb Code    14  font_operation.o(.text)
    FONT_interface_ascii_8x16_get_font       0x080079a1   Thumb Code    52  font_lib_ascii_8_16.o(.text)
    FONT_interface_ascii_8x16_get_lib        0x080079d5   Thumb Code     4  font_lib_ascii_8_16.o(.text)
    FONT_interface_ascii_10x19_get_font      0x080079e5   Thumb Code    60  font_lib_ascii_10_19.o(.text)
    FONT_interface_ascii_10x19_get_lib       0x08007a21   Thumb Code     4  font_lib_ascii_10_19.o(.text)
    FONT_interface_ascii_YAHEI_get_font      0x08007a31   Thumb Code    80  font_lib_ascii_yahei.o(.text)
    FONT_interface_ascii_YAHEI_get_lib       0x08007a81   Thumb Code     4  font_lib_ascii_yahei.o(.text)
    BUTTON_init                              0x08007a91   Thumb Code    12  button.o(.text)
    BUTTON_create_button                     0x08007a9d   Thumb Code    76  button.o(.text)
    BUTTON_draw_button                       0x08007ae9   Thumb Code   238  button.o(.text)
    BUTTON_draw_press_effect                 0x08007bd7   Thumb Code   238  button.o(.text)
    BUTTON_draw_release_effect               0x08007cc5   Thumb Code   232  button.o(.text)
    BUTTON_update_press_effect               0x08007dad   Thumb Code    60  button.o(.text)
    BUTTON_update_states                     0x08007de9   Thumb Code    34  button.o(.text)
    BUTTON_update_press_effects              0x08007e0b   Thumb Code    34  button.o(.text)
    BUTTON_execute_handlers                  0x08007e2d   Thumb Code    38  button.o(.text)
    BUTTON_process                           0x08007e53   Thumb Code    12  button.o(.text)
    BUTTON_btn1_click_handler                0x08007e5f   Thumb Code    66  button.o(.text)
    BUTTON_btn1_hold_handler                 0x08007ea1   Thumb Code    22  button.o(.text)
    BUTTON_btn2_click_handler                0x08007eb7   Thumb Code    28  button.o(.text)
    BUTTON_btn2_hold_handler                 0x08007ed3   Thumb Code    22  button.o(.text)
    BUTTON_test                              0x08007ee9   Thumb Code   120  button.o(.text)
    BTNLIST_create_list                      0x08007fa5   Thumb Code    28  button_list.o(.text)
    BTNLIST_insert_button                    0x08007fc1   Thumb Code    56  button_list.o(.text)
    BTNLIST_delete_button                    0x08007ff9   Thumb Code   108  button_list.o(.text)
    WINDOW_delete_button                     0x08008065   Thumb Code    76  windows.o(.text)
    WINDOW_btnHandler_ok                     0x080080b1   Thumb Code     8  windows.o(.text)
    WINDOW_btnHandler_no                     0x080080b9   Thumb Code    12  windows.o(.text)
    WINDOW_btnHandler_yes                    0x080080c5   Thumb Code    14  windows.o(.text)
    WINDOW_show_dialog_box                   0x080080d3   Thumb Code   736  windows.o(.text)
    WINDOW_test                              0x080083b3   Thumb Code     2  windows.o(.text)
    malloc                                   0x080083dd   Thumb Code    94  h1_alloc.o(.text)
    free                                     0x0800843b   Thumb Code    78  h1_free.o(.text)
    __c89vsprintf                            0x08008489   Thumb Code    32  c89vsprintf.o(.text)
    _printf_int_dec                          0x080084ad   Thumb Code   102  _printf_dec.o(.text)
    __printf                                 0x08008525   Thumb Code   390  __printf_flags_ss_wp.o(.text)
    exit                                     0x080086b1   Thumb Code    12  exit.o(.text)
    strcpy                                   0x080086bd   Thumb Code    72  strcpy.o(.text)
    __use_two_region_memory                  0x08008705   Thumb Code     2  heapauxi.o(.text)
    __rt_heap_escrow                         0x08008707   Thumb Code     2  heapauxi.o(.text)
    __rt_heap_expand                         0x08008709   Thumb Code     2  heapauxi.o(.text)
    __rt_heap_descriptor                     0x0800870d   Thumb Code     8  rt_heap_descriptor_intlibspace.o(.text)
    __use_no_heap                            0x08008715   Thumb Code     2  hguard.o(.text)
    __heap$guard                             0x08008717   Thumb Code     2  hguard.o(.text)
    _terminate_user_alloc                    0x08008719   Thumb Code     2  init_alloc.o(.text)
    _init_user_alloc                         0x0800871b   Thumb Code     2  init_alloc.o(.text)
    __Heap_Full                              0x0800871d   Thumb Code    34  init_alloc.o(.text)
    __Heap_Broken                            0x0800873f   Thumb Code     6  init_alloc.o(.text)
    _init_alloc                              0x08008745   Thumb Code    94  init_alloc.o(.text)
    __Heap_Initialize                        0x080087a3   Thumb Code    10  h1_init.o(.text)
    __Heap_DescSize                          0x080087ad   Thumb Code     4  h1_init.o(.text)
    _printf_pre_padding                      0x080087b1   Thumb Code    46  _printf_pad.o(.text)
    _printf_post_padding                     0x080087df   Thumb Code    36  _printf_pad.o(.text)
    _printf_truncate_signed                  0x08008803   Thumb Code    18  _printf_truncate.o(.text)
    _printf_truncate_unsigned                0x08008815   Thumb Code    18  _printf_truncate.o(.text)
    _printf_str                              0x08008827   Thumb Code    82  _printf_str.o(.text)
    _printf_int_common                       0x08008879   Thumb Code   184  _printf_intcommon.o(.text)
    _printf_charcount                        0x08008931   Thumb Code    42  _printf_charcount.o(.text)
    __lib_sel_fp_printf                      0x0800895b   Thumb Code     2  _printf_fp_dec.o(.text)
    _printf_fp_dec_real                      0x08008b09   Thumb Code   626  _printf_fp_dec.o(.text)
    _printf_char_common                      0x08008d87   Thumb Code    32  _printf_char_common.o(.text)
    _sputc                                   0x08008dad   Thumb Code    10  _sputc.o(.text)
    _printf_wctomb                           0x08008db9   Thumb Code   182  _printf_wctomb.o(.text)
    _printf_longlong_dec                     0x08008e75   Thumb Code   104  _printf_longlong_dec.o(.text)
    _printf_longlong_oct                     0x08008eed   Thumb Code    76  _printf_oct_int_ll.o(.text)
    _printf_int_oct                          0x08008f39   Thumb Code    24  _printf_oct_int_ll.o(.text)
    _printf_ll_oct                           0x08008f51   Thumb Code    12  _printf_oct_int_ll.o(.text)
    _printf_longlong_hex                     0x08008f65   Thumb Code    92  _printf_hex_int_ll_ptr.o(.text)
    _printf_int_hex                          0x08008fc1   Thumb Code    28  _printf_hex_int_ll_ptr.o(.text)
    _printf_ll_hex                           0x08008fdd   Thumb Code    12  _printf_hex_int_ll_ptr.o(.text)
    _printf_hex_ptr                          0x08008fe9   Thumb Code    18  _printf_hex_int_ll_ptr.o(.text)
    __user_libspace                          0x08009001   Thumb Code     8  libspace.o(.text)
    __user_perproc_libspace                  0x08009001   Thumb Code     0  libspace.o(.text)
    __user_perthread_libspace                0x08009001   Thumb Code     0  libspace.o(.text)
    __rt_locale                              0x08009009   Thumb Code     8  rt_locale_intlibspace.o(.text)
    __Heap_ProvideMemory                     0x08009011   Thumb Code    52  h1_extend.o(.text)
    _ll_udiv10                               0x08009045   Thumb Code   138  lludiv10.o(.text)
    _printf_fp_infnan                        0x080090d1   Thumb Code   112  _printf_fp_infnan.o(.text)
    _printf_cs_common                        0x08009151   Thumb Code    20  _printf_char.o(.text)
    _printf_char                             0x08009165   Thumb Code    16  _printf_char.o(.text)
    _printf_string                           0x08009175   Thumb Code     8  _printf_char.o(.text)
    _printf_lcs_common                       0x0800917d   Thumb Code    20  _printf_wchar.o(.text)
    _printf_wchar                            0x08009191   Thumb Code    16  _printf_wchar.o(.text)
    _printf_wstring                          0x080091a1   Thumb Code     8  _printf_wchar.o(.text)
    _btod_etento                             0x080091a9   Thumb Code   222  bigflt0.o(.text)
    _wcrtomb                                 0x0800928d   Thumb Code    64  _wcrtomb.o(.text)
    __rt_SIGRTMEM                            0x080092cd   Thumb Code    14  defsig_rtmem_outer.o(.text)
    _sys_exit                                0x080092dd   Thumb Code     8  sys_exit.o(.text)
    __I$use$semihosting                      0x080092e9   Thumb Code     0  use_no_semi.o(.text)
    __use_no_semihosting_swi                 0x080092e9   Thumb Code     2  use_no_semi.o(.text)
    __semihosting_library_function           0x080092eb   Thumb Code     0  indicate_semi.o(.text)
    __user_setup_stackheap                   0x080092eb   Thumb Code    74  sys_stackheap_outer.o(.text)
    __rt_ctype_table                         0x08009335   Thumb Code    16  rt_ctype_table.o(.text)
    __sig_exit                               0x08009345   Thumb Code    10  defsig_exit.o(.text)
    __rt_SIGRTMEM_inner                      0x08009351   Thumb Code    22  defsig_rtmem_inner.o(.text)
    strcmp                                   0x080093a1   Thumb Code   128  strcmpv7m.o(.text)
    __default_signal_display                 0x08009421   Thumb Code    50  defsig_general.o(.text)
    _ttywrch                                 0x08009453   Thumb Code    14  sys_wrch.o(.text)
    __rt_fp_status_addr                      0x08009461   Thumb Code     8  rt_fp_status_addr_intlibspace.o(.text)
    _btod_d2e                                0x08009469   Thumb Code    62  btod.o(CL$$btod_d2e)
    _d2e_denorm_low                          0x080094a7   Thumb Code    70  btod.o(CL$$btod_d2e_denorm_low)
    _d2e_norm_op1                            0x080094ed   Thumb Code    96  btod.o(CL$$btod_d2e_norm_op1)
    __btod_div_common                        0x0800954d   Thumb Code   696  btod.o(CL$$btod_div_common)
    _e2e                                     0x08009885   Thumb Code   198  btod.o(CL$$btod_e2e)
    _btod_ediv                               0x0800994b   Thumb Code    40  btod.o(CL$$btod_ediv)
    _btod_emul                               0x08009973   Thumb Code    40  btod.o(CL$$btod_emul)
    __btod_mult_common                       0x0800999b   Thumb Code   580  btod.o(CL$$btod_mult_common)
    __ARM_fpclassify                         0x08009bdf   Thumb Code    40  fpclassify.o(i.__ARM_fpclassify)
    _is_digit                                0x08009c07   Thumb Code    14  __printf_wp.o(i._is_digit)
    _get_lc_numeric                          0x08009c15   Thumb Code    44  lc_numeric_c.o(locale$$code)
    _get_lc_ctype                            0x08009c41   Thumb Code    44  lc_ctype_c.o(locale$$code)
    __aeabi_d2f                              0x08009c6d   Thumb Code     0  d2f.o(x$fpl$d2f)
    _d2f                                     0x08009c6d   Thumb Code    98  d2f.o(x$fpl$d2f)
    __fpl_dcmp_Inf                           0x08009ccf   Thumb Code    24  dcmpi.o(x$fpl$dcmpinf)
    __aeabi_d2iz                             0x08009ce9   Thumb Code     0  dfix.o(x$fpl$dfix)
    _dfix                                    0x08009ce9   Thumb Code    94  dfix.o(x$fpl$dfix)
    __aeabi_cdcmple                          0x08009d49   Thumb Code     0  dleqf.o(x$fpl$dleqf)
    _dcmple                                  0x08009d49   Thumb Code   120  dleqf.o(x$fpl$dleqf)
    __fpl_dcmple_InfNaN                      0x08009dab   Thumb Code     0  dleqf.o(x$fpl$dleqf)
    __aeabi_dmul                             0x08009dc1   Thumb Code     0  dmul.o(x$fpl$dmul)
    _dmul                                    0x08009dc1   Thumb Code   332  dmul.o(x$fpl$dmul)
    __fpl_dnaninf                            0x08009f15   Thumb Code   156  dnaninf.o(x$fpl$dnaninf)
    __fpl_dretinf                            0x08009fb1   Thumb Code    12  dretinf.o(x$fpl$dretinf)
    __aeabi_cdrcmple                         0x08009fbd   Thumb Code     0  drleqf.o(x$fpl$drleqf)
    _drcmple                                 0x08009fbd   Thumb Code   108  drleqf.o(x$fpl$drleqf)
    __aeabi_f2d                              0x0800a029   Thumb Code     0  f2d.o(x$fpl$f2d)
    _f2d                                     0x0800a029   Thumb Code    86  f2d.o(x$fpl$f2d)
    __aeabi_fadd                             0x0800a081   Thumb Code     0  faddsub_clz.o(x$fpl$fadd)
    _fadd                                    0x0800a081   Thumb Code   196  faddsub_clz.o(x$fpl$fadd)
    __fpl_fcmp_Inf                           0x0800a145   Thumb Code    24  fcmpi.o(x$fpl$fcmpinf)
    __aeabi_fdiv                             0x0800a15d   Thumb Code     0  fdiv.o(x$fpl$fdiv)
    _fdiv                                    0x0800a15d   Thumb Code   384  fdiv.o(x$fpl$fdiv)
    __aeabi_f2iz                             0x0800a2e1   Thumb Code     0  ffix.o(x$fpl$ffix)
    _ffix                                    0x0800a2e1   Thumb Code    54  ffix.o(x$fpl$ffix)
    __aeabi_f2uiz                            0x0800a319   Thumb Code     0  ffixu.o(x$fpl$ffixu)
    _ffixu                                   0x0800a319   Thumb Code    62  ffixu.o(x$fpl$ffixu)
    __aeabi_i2f                              0x0800a359   Thumb Code     0  fflt_clz.o(x$fpl$fflt)
    _fflt                                    0x0800a359   Thumb Code    48  fflt_clz.o(x$fpl$fflt)
    __aeabi_ui2f                             0x0800a389   Thumb Code     0  fflt_clz.o(x$fpl$ffltu)
    _ffltu                                   0x0800a389   Thumb Code    38  fflt_clz.o(x$fpl$ffltu)
    __aeabi_cfcmple                          0x0800a3b1   Thumb Code     0  fleqf.o(x$fpl$fleqf)
    _fcmple                                  0x0800a3b1   Thumb Code   104  fleqf.o(x$fpl$fleqf)
    __fpl_fcmple_InfNaN                      0x0800a403   Thumb Code     0  fleqf.o(x$fpl$fleqf)
    __aeabi_fmul                             0x0800a419   Thumb Code     0  fmul.o(x$fpl$fmul)
    _fmul                                    0x0800a419   Thumb Code   258  fmul.o(x$fpl$fmul)
    __fpl_fnaninf                            0x0800a51b   Thumb Code   140  fnaninf.o(x$fpl$fnaninf)
    _fp_init                                 0x0800a5a7   Thumb Code    14  fpinit.o(x$fpl$fpinit)
    __fplib_config_pureend_doubles           0x0800a5b3   Thumb Code     0  fpinit.o(x$fpl$fpinit)
    __fpl_fretinf                            0x0800a5b5   Thumb Code    10  fretinf.o(x$fpl$fretinf)
    __aeabi_cfrcmple                         0x0800a5bf   Thumb Code     0  frleqf.o(x$fpl$frleqf)
    _frcmple                                 0x0800a5bf   Thumb Code    98  frleqf.o(x$fpl$frleqf)
    __aeabi_frsub                            0x0800a621   Thumb Code     0  faddsub_clz.o(x$fpl$frsb)
    _frsb                                    0x0800a621   Thumb Code    20  faddsub_clz.o(x$fpl$frsb)
    __aeabi_fsub                             0x0800a635   Thumb Code     0  faddsub_clz.o(x$fpl$fsub)
    _fsub                                    0x0800a635   Thumb Code   234  faddsub_clz.o(x$fpl$fsub)
    _printf_fp_dec                           0x0800a71f   Thumb Code     4  printf1.o(x$fpl$printf1)
    __I$use$fp                               0x0800a723   Thumb Code     0  usenofp.o(x$fpl$usenofp)
    ansi_font8x16                            0x0800a7da   Data        1520  font_lib_ascii_8_16.o(.constdata)
    ansi_font10x19                           0x0800adca   Data          38  font_lib_ascii_10_19.o(.constdata)
    ansi_YAHEI_font_variable                 0x0800adf0   Data        3990  font_lib_ascii_yahei.o(.constdata)
    ansi_YAHEI_specail_AT                    0x0800bd86   Data           1  font_lib_ascii_yahei.o(.constdata)
    Region$$Table$$Base                      0x0800be5c   Number         0  anon$$obj.o(Region$$Table)
    Region$$Table$$Limit                     0x0800be7c   Number         0  anon$$obj.o(Region$$Table)
    __ctype                                  0x0800bea5   Data           0  lc_ctype_c.o(locale$$data)
    time                                     0x2000000c   Data           4  interruptservice.o(.data)
    DAC_DALIM                                0x20000010   Data           1  base_dac.o(.data)
    touchPointPre                            0x20000014   Data           8  ads7483_base.o(.data)
    touchPoint                               0x20000024   Data           8  ads7483_base.o(.data)
    ScreenState                              0x20000034   Data          12  ssd1289_base.o(.data)
    FontFormat                               0x20000040   Data          20  ssd1289_font.o(.data)
    preX                                     0x20000054   Data           2  ssd1289_font.o(.data)
    preY                                     0x20000056   Data           2  ssd1289_font.o(.data)
    SLIDER_Y                                 0x2000005a   Data           2  daconverter.o(.data)
    SLIDER_POS                               0x2000005c   Data           2  daconverter.o(.data)
    ADC_SAMPLETIME                           0x20000060   Data           4  adconverter.o(.data)
    PCurADV                                  0x20000064   Data           4  adconverter.o(.data)
    PPreADV                                  0x20000068   Data           4  adconverter.o(.data)
    EXAM_mode                                0x20000074   Data           1  exam.o(.data)
    mode                                     0x20000075   Data           1  exam.o(.data)
    pButtonADC                               0x20000078   Data           4  exam.o(.data)
    pButtonDrawLine                          0x2000007c   Data           4  exam.o(.data)
    pButtonTouchTest                         0x20000080   Data           4  exam.o(.data)
    ansi_font8x16_inf                        0x20000084   Data          16  font_lib_ascii_8_16.o(.data)
    ansi_8x16_font                           0x20000094   Data          16  font_lib_ascii_8_16.o(.data)
    ansi_font10x19_inf                       0x200000a4   Data          16  font_lib_ascii_10_19.o(.data)
    ansi_10x19_font                          0x200000b4   Data          16  font_lib_ascii_10_19.o(.data)
    ansi_YAHEI_font_variable_inf             0x200000c4   Data          16  font_lib_ascii_yahei.o(.data)
    ansi_YAHEI_font                          0x200000d4   Data          16  font_lib_ascii_yahei.o(.data)
    PButtonList                              0x200000e4   Data           4  button.o(.data)
    PButtonYes                               0x200000f0   Data           4  windows.o(.data)
    PButtonNo                                0x200000f4   Data           4  windows.o(.data)
    PButtonOk                                0x200000f8   Data           4  windows.o(.data)
    dialogOkFlag                             0x200000fc   Data           1  windows.o(.data)
    dialogResult                             0x200000fd   Data           1  windows.o(.data)
    TouchState                               0x20000114   Data          12  ads7483_base.o(.bss)
    buffer                                   0x20000120   Data         128  ssd1289_font.o(.bss)
    ADC_VALUE                                0x200001a0   Data         650  adconverter.o(.bss)
    _ADC_VALUE                               0x2000042a   Data         650  adconverter.o(.bss)
    __libspace_start                         0x200006b4   Data          96  libspace.o(.bss)
    __temporary_stack_top$libspace           0x20000714   Data           0  libspace.o(.bss)



==============================================================================

Memory Map of the image

  Image Entry point : 0x08000131

  Load Region LR_IROM1 (Base: 0x08000000, Size: 0x0000c0a8, Max: 0x00080000, ABSOLUTE)

    Execution Region ER_IROM1 (Base: 0x08000000, Size: 0x0000bfa8, Max: 0x00080000, ABSOLUTE)

    Base Addr    Size         Type   Attr      Idx    E Section Name        Object

    0x08000000   0x00000130   Data   RO          255    RESET               startup_stm32f10x_hd.o
    0x08000130   0x00000008   Code   RO         1187  * !!!main             c_w.l(__main.o)
    0x08000138   0x00000034   Code   RO         1572    !!!scatter          c_w.l(__scatter.o)
    0x0800016c   0x0000001a   Code   RO         1574    !!handler_copy      c_w.l(__scatter_copy.o)
    0x08000186   0x00000002   PAD
    0x08000188   0x0000001c   Code   RO         1576    !!handler_zi        c_w.l(__scatter_zi.o)
    0x080001a4   0x00000000   Code   RO         1180    .ARM.Collect$$_printf_percent$$00000000  c_w.l(_printf_percent.o)
    0x080001a4   0x00000006   Code   RO         1313    .ARM.Collect$$_printf_percent$$00000001  c_w.l(_printf_n.o)
    0x080001aa   0x00000006   Code   RO         1315    .ARM.Collect$$_printf_percent$$00000002  c_w.l(_printf_p.o)
    0x080001b0   0x00000006   Code   RO         1179    .ARM.Collect$$_printf_percent$$00000003  c_w.l(_printf_f.o)
    0x080001b6   0x00000006   Code   RO         1319    .ARM.Collect$$_printf_percent$$00000004  c_w.l(_printf_e.o)
    0x080001bc   0x00000006   Code   RO         1320    .ARM.Collect$$_printf_percent$$00000005  c_w.l(_printf_g.o)
    0x080001c2   0x00000006   Code   RO         1321    .ARM.Collect$$_printf_percent$$00000006  c_w.l(_printf_a.o)
    0x080001c8   0x0000000a   Code   RO         1326    .ARM.Collect$$_printf_percent$$00000007  c_w.l(_printf_ll.o)
    0x080001d2   0x00000006   Code   RO         1317    .ARM.Collect$$_printf_percent$$00000008  c_w.l(_printf_i.o)
    0x080001d8   0x00000006   Code   RO         1178    .ARM.Collect$$_printf_percent$$00000009  c_w.l(_printf_d.o)
    0x080001de   0x00000006   Code   RO         1318    .ARM.Collect$$_printf_percent$$0000000A  c_w.l(_printf_u.o)
    0x080001e4   0x00000006   Code   RO         1316    .ARM.Collect$$_printf_percent$$0000000B  c_w.l(_printf_o.o)
    0x080001ea   0x00000006   Code   RO         1314    .ARM.Collect$$_printf_percent$$0000000C  c_w.l(_printf_x.o)
    0x080001f0   0x00000006   Code   RO         1323    .ARM.Collect$$_printf_percent$$0000000D  c_w.l(_printf_lli.o)
    0x080001f6   0x00000006   Code   RO         1324    .ARM.Collect$$_printf_percent$$0000000E  c_w.l(_printf_lld.o)
    0x080001fc   0x00000006   Code   RO         1325    .ARM.Collect$$_printf_percent$$0000000F  c_w.l(_printf_llu.o)
    0x08000202   0x00000006   Code   RO         1330    .ARM.Collect$$_printf_percent$$00000010  c_w.l(_printf_llo.o)
    0x08000208   0x00000006   Code   RO         1331    .ARM.Collect$$_printf_percent$$00000011  c_w.l(_printf_llx.o)
    0x0800020e   0x0000000a   Code   RO         1327    .ARM.Collect$$_printf_percent$$00000012  c_w.l(_printf_l.o)
    0x08000218   0x00000006   Code   RO         1311    .ARM.Collect$$_printf_percent$$00000013  c_w.l(_printf_c.o)
    0x0800021e   0x00000006   Code   RO         1312    .ARM.Collect$$_printf_percent$$00000014  c_w.l(_printf_s.o)
    0x08000224   0x00000006   Code   RO         1328    .ARM.Collect$$_printf_percent$$00000015  c_w.l(_printf_lc.o)
    0x0800022a   0x00000006   Code   RO         1329    .ARM.Collect$$_printf_percent$$00000016  c_w.l(_printf_ls.o)
    0x08000230   0x00000004   Code   RO         1322    .ARM.Collect$$_printf_percent$$00000017  c_w.l(_printf_percent_end.o)
    0x08000234   0x00000006   Code   RO         1515    .ARM.Collect$$libinit$$00000000  c_w.l(libinit.o)
    0x0800023a   0x00000008   Code   RO         1336    .ARM.Collect$$libinit$$00000001  c_w.l(libinit2.o)
    0x08000242   0x00000000   Code   RO         1338    .ARM.Collect$$libinit$$00000006  c_w.l(libinit2.o)
    0x08000242   0x00000000   Code   RO         1340    .ARM.Collect$$libinit$$00000008  c_w.l(libinit2.o)
    0x08000242   0x00000000   Code   RO         1342    .ARM.Collect$$libinit$$0000000A  c_w.l(libinit2.o)
    0x08000242   0x00000006   Code   RO         1343    .ARM.Collect$$libinit$$0000000B  c_w.l(libinit2.o)
    0x08000248   0x00000000   Code   RO         1345    .ARM.Collect$$libinit$$0000000D  c_w.l(libinit2.o)
    0x08000248   0x0000000c   Code   RO         1346    .ARM.Collect$$libinit$$0000000E  c_w.l(libinit2.o)
    0x08000254   0x00000000   Code   RO         1347    .ARM.Collect$$libinit$$0000000F  c_w.l(libinit2.o)
    0x08000254   0x00000000   Code   RO         1349    .ARM.Collect$$libinit$$00000011  c_w.l(libinit2.o)
    0x08000254   0x0000000a   Code   RO         1350    .ARM.Collect$$libinit$$00000012  c_w.l(libinit2.o)
    0x0800025e   0x00000000   Code   RO         1351    .ARM.Collect$$libinit$$00000013  c_w.l(libinit2.o)
    0x0800025e   0x00000000   Code   RO         1353    .ARM.Collect$$libinit$$00000015  c_w.l(libinit2.o)
    0x0800025e   0x00000000   Code   RO         1355    .ARM.Collect$$libinit$$00000017  c_w.l(libinit2.o)
    0x0800025e   0x00000000   Code   RO         1357    .ARM.Collect$$libinit$$00000019  c_w.l(libinit2.o)
    0x0800025e   0x00000000   Code   RO         1359    .ARM.Collect$$libinit$$0000001B  c_w.l(libinit2.o)
    0x0800025e   0x00000000   Code   RO         1361    .ARM.Collect$$libinit$$0000001D  c_w.l(libinit2.o)
    0x0800025e   0x00000000   Code   RO         1363    .ARM.Collect$$libinit$$0000001F  c_w.l(libinit2.o)
    0x0800025e   0x00000000   Code   RO         1365    .ARM.Collect$$libinit$$00000021  c_w.l(libinit2.o)
    0x0800025e   0x00000000   Code   RO         1369    .ARM.Collect$$libinit$$00000028  c_w.l(libinit2.o)
    0x0800025e   0x00000000   Code   RO         1371    .ARM.Collect$$libinit$$0000002A  c_w.l(libinit2.o)
    0x0800025e   0x00000000   Code   RO         1373    .ARM.Collect$$libinit$$0000002C  c_w.l(libinit2.o)
    0x0800025e   0x00000000   Code   RO         1375    .ARM.Collect$$libinit$$0000002E  c_w.l(libinit2.o)
    0x0800025e   0x00000002   Code   RO         1376    .ARM.Collect$$libinit$$0000002F  c_w.l(libinit2.o)
    0x08000260   0x00000002   Code   RO         1516    .ARM.Collect$$libshutdown$$00000000  c_w.l(libshutdown.o)
    0x08000262   0x00000000   Code   RO         1530    .ARM.Collect$$libshutdown$$00000003  c_w.l(libshutdown2.o)
    0x08000262   0x00000000   Code   RO         1533    .ARM.Collect$$libshutdown$$00000006  c_w.l(libshutdown2.o)
    0x08000262   0x00000000   Code   RO         1536    .ARM.Collect$$libshutdown$$00000009  c_w.l(libshutdown2.o)
    0x08000262   0x00000000   Code   RO         1538    .ARM.Collect$$libshutdown$$0000000B  c_w.l(libshutdown2.o)
    0x08000262   0x00000000   Code   RO         1541    .ARM.Collect$$libshutdown$$0000000E  c_w.l(libshutdown2.o)
    0x08000262   0x00000002   Code   RO         1542    .ARM.Collect$$libshutdown$$0000000F  c_w.l(libshutdown2.o)
    0x08000264   0x00000000   Code   RO         1235    .ARM.Collect$$rtentry$$00000000  c_w.l(rtentry.o)
    0x08000264   0x00000000   Code   RO         1396    .ARM.Collect$$rtentry$$00000002  c_w.l(rtentry2.o)
    0x08000264   0x00000006   Code   RO         1408    .ARM.Collect$$rtentry$$00000004  c_w.l(rtentry4.o)
    0x0800026a   0x00000000   Code   RO         1398    .ARM.Collect$$rtentry$$00000009  c_w.l(rtentry2.o)
    0x0800026a   0x00000004   Code   RO         1399    .ARM.Collect$$rtentry$$0000000A  c_w.l(rtentry2.o)
    0x0800026e   0x00000000   Code   RO         1401    .ARM.Collect$$rtentry$$0000000C  c_w.l(rtentry2.o)
    0x0800026e   0x00000008   Code   RO         1402    .ARM.Collect$$rtentry$$0000000D  c_w.l(rtentry2.o)
    0x08000276   0x00000002   Code   RO         1236    .ARM.Collect$$rtexit$$00000000  c_w.l(rtexit.o)
    0x08000278   0x00000000   Code   RO         1411    .ARM.Collect$$rtexit$$00000002  c_w.l(rtexit2.o)
    0x08000278   0x00000004   Code   RO         1412    .ARM.Collect$$rtexit$$00000003  c_w.l(rtexit2.o)
    0x0800027c   0x00000006   Code   RO         1413    .ARM.Collect$$rtexit$$00000004  c_w.l(rtexit2.o)
    0x08000282   0x00000002   PAD
    0x08000284   0x00000038   Code   RO          261    .emb_text           com_bit_operations.o
    0x080002bc   0x00000000   Code   RO         1424    .emb_text           c_w.l(maybetermalloc1.o)
    0x080002bc   0x000000e4   Code   RO            1    .text               main.o
    0x080003a0   0x00000160   Code   RO          162    .text               lenfien.o
    0x08000500   0x00000250   Code   RO          179    .text               interruptservice.o
    0x08000750   0x0000001c   Code   RO          241    .text               systeminit.o
    0x0800076c   0x00000040   Code   RO          256    .text               startup_stm32f10x_hd.o
    0x080007ac   0x000000be   Code   RO          262    .text               com_bit_operations.o
    0x0800086a   0x00000046   Code   RO          277    .text               com_functions.o
    0x080008b0   0x00000468   Code   RO          314    .text               base_adc.o
    0x08000d18   0x000001d0   Code   RO          326    .text               base_afio.o
    0x08000ee8   0x00000ed0   Code   RO          338    .text               base_atime.o
    0x08001db8   0x000003e8   Code   RO          362    .text               base_dma.o
    0x080021a0   0x00000090   Code   RO          374    .text               base_exti.o
    0x08002230   0x00000924   Code   RO          386    .text               base_fsmc.o
    0x08002b54   0x000000e4   Code   RO          401    .text               base_gpio.o
    0x08002c38   0x000009a8   Code   RO          425    .text               base_rcc.o
    0x080035e0   0x000000fc   Code   RO          440    .text               base_rtc.o
    0x080036dc   0x00000dc4   Code   RO          467    .text               base_usart.o
    0x080044a0   0x000002a4   Code   RO          479    .text               base_dac.o
    0x08004744   0x00000084   Code   RO          554    .text               core_nvic.o
    0x080047c8   0x00000078   Code   RO          566    .text               cnf_adc.o
    0x08004840   0x00000738   Code   RO          578    .text               cnf_atime.o
    0x08004f78   0x00000084   Code   RO          605    .text               cnf_dma.o
    0x08004ffc   0x0000005a   Code   RO          618    .text               cnf_rcc.o
    0x08005056   0x000000f0   Code   RO          676    .text               cnf_dac.o
    0x08005146   0x000000f2   Code   RO          715    .text               led.o
    0x08005238   0x00000032   Code   RO          727    .text               beep.o
    0x0800526a   0x00000002   PAD
    0x0800526c   0x00000608   Code   RO          751    .text               ads7483_base.o
    0x08005874   0x000000fc   Code   RO          778    .text               ads7483_button.o
    0x08005970   0x0000094c   Code   RO          805    .text               ssd1289_base.o
    0x080062bc   0x00000084   Code   RO          827    .text               ssd1289_configure.o
    0x08006340   0x00000270   Code   RO          839    .text               ssd1289_font.o
    0x080065b0   0x0000039c   Code   RO          855    .text               ssd1289_graphic.o
    0x0800694c   0x00000318   Code   RO          894    .text               daconverter.o
    0x08006c64   0x000008b0   Code   RO          909    .text               adconverter.o
    0x08007514   0x000002b0   Code   RO          940    .text               exam.o
    0x080077c4   0x000001dc   Code   RO          973    .text               font_operation.o
    0x080079a0   0x00000044   Code   RO          986    .text               font_lib_ascii_8_16.o
    0x080079e4   0x0000004c   Code   RO         1006    .text               font_lib_ascii_10_19.o
    0x08007a30   0x00000060   Code   RO         1026    .text               font_lib_ascii_yahei.o
    0x08007a90   0x00000514   Code   RO         1042    .text               button.o
    0x08007fa4   0x000000c0   Code   RO         1057    .text               button_list.o
    0x08008064   0x00000378   Code   RO         1069    .text               windows.o
    0x080083dc   0x0000005e   Code   RO         1090    .text               c_w.l(h1_alloc.o)
    0x0800843a   0x0000004e   Code   RO         1092    .text               c_w.l(h1_free.o)
    0x08008488   0x00000024   Code   RO         1148    .text               c_w.l(c89vsprintf.o)
    0x080084ac   0x00000078   Code   RO         1156    .text               c_w.l(_printf_dec.o)
    0x08008524   0x0000018c   Code   RO         1175    .text               c_w.l(__printf_flags_ss_wp.o)
    0x080086b0   0x0000000c   Code   RO         1181    .text               c_w.l(exit.o)
    0x080086bc   0x00000048   Code   RO         1183    .text               c_w.l(strcpy.o)
    0x08008704   0x00000006   Code   RO         1185    .text               c_w.l(heapauxi.o)
    0x0800870a   0x00000002   PAD
    0x0800870c   0x00000008   Code   RO         1241    .text               c_w.l(rt_heap_descriptor_intlibspace.o)
    0x08008714   0x00000004   Code   RO         1243    .text               c_w.l(hguard.o)
    0x08008718   0x0000008a   Code   RO         1245    .text               c_w.l(init_alloc.o)
    0x080087a2   0x0000000e   Code   RO         1249    .text               c_w.l(h1_init.o)
    0x080087b0   0x00000052   Code   RO         1263    .text               c_w.l(_printf_pad.o)
    0x08008802   0x00000024   Code   RO         1265    .text               c_w.l(_printf_truncate.o)
    0x08008826   0x00000052   Code   RO         1267    .text               c_w.l(_printf_str.o)
    0x08008878   0x000000b8   Code   RO         1269    .text               c_w.l(_printf_intcommon.o)
    0x08008930   0x0000002a   Code   RO         1271    .text               c_w.l(_printf_charcount.o)
    0x0800895a   0x00000420   Code   RO         1273    .text               c_w.l(_printf_fp_dec.o)
    0x08008d7a   0x00000002   PAD
    0x08008d7c   0x00000030   Code   RO         1275    .text               c_w.l(_printf_char_common.o)
    0x08008dac   0x0000000a   Code   RO         1277    .text               c_w.l(_sputc.o)
    0x08008db6   0x00000002   PAD
    0x08008db8   0x000000bc   Code   RO         1279    .text               c_w.l(_printf_wctomb.o)
    0x08008e74   0x00000078   Code   RO         1282    .text               c_w.l(_printf_longlong_dec.o)
    0x08008eec   0x00000078   Code   RO         1288    .text               c_w.l(_printf_oct_int_ll.o)
    0x08008f64   0x0000009c   Code   RO         1308    .text               c_w.l(_printf_hex_int_ll_ptr.o)
    0x08009000   0x00000008   Code   RO         1392    .text               c_w.l(libspace.o)
    0x08009008   0x00000008   Code   RO         1420    .text               c_w.l(rt_locale_intlibspace.o)
    0x08009010   0x00000034   Code   RO         1426    .text               c_w.l(h1_extend.o)
    0x08009044   0x0000008a   Code   RO         1430    .text               c_w.l(lludiv10.o)
    0x080090ce   0x00000002   PAD
    0x080090d0   0x00000080   Code   RO         1432    .text               c_w.l(_printf_fp_infnan.o)
    0x08009150   0x0000002c   Code   RO         1436    .text               c_w.l(_printf_char.o)
    0x0800917c   0x0000002c   Code   RO         1438    .text               c_w.l(_printf_wchar.o)
    0x080091a8   0x000000e4   Code   RO         1440    .text               c_w.l(bigflt0.o)
    0x0800928c   0x00000040   Code   RO         1465    .text               c_w.l(_wcrtomb.o)
    0x080092cc   0x0000000e   Code   RO         1470    .text               c_w.l(defsig_rtmem_outer.o)
    0x080092da   0x00000002   PAD
    0x080092dc   0x0000000c   Code   RO         1485    .text               c_w.l(sys_exit.o)
    0x080092e8   0x00000002   Code   RO         1487    .text               c_w.l(use_no_semi.o)
    0x080092ea   0x00000000   Code   RO         1489    .text               c_w.l(indicate_semi.o)
    0x080092ea   0x0000004a   Code   RO         1490    .text               c_w.l(sys_stackheap_outer.o)
    0x08009334   0x00000010   Code   RO         1492    .text               c_w.l(rt_ctype_table.o)
    0x08009344   0x0000000a   Code   RO         1498    .text               c_w.l(defsig_exit.o)
    0x0800934e   0x00000002   PAD
    0x08009350   0x00000050   Code   RO         1500    .text               c_w.l(defsig_rtmem_inner.o)
    0x080093a0   0x00000080   Code   RO         1502    .text               c_w.l(strcmpv7m.o)
    0x08009420   0x00000032   Code   RO         1526    .text               c_w.l(defsig_general.o)
    0x08009452   0x0000000e   Code   RO         1545    .text               c_w.l(sys_wrch.o)
    0x08009460   0x00000008   Code   RO         1550    .text               c_w.l(rt_fp_status_addr_intlibspace.o)
    0x08009468   0x0000003e   Code   RO         1443    CL$$btod_d2e        c_w.l(btod.o)
    0x080094a6   0x00000046   Code   RO         1445    CL$$btod_d2e_denorm_low  c_w.l(btod.o)
    0x080094ec   0x00000060   Code   RO         1444    CL$$btod_d2e_norm_op1  c_w.l(btod.o)
    0x0800954c   0x00000338   Code   RO         1453    CL$$btod_div_common  c_w.l(btod.o)
    0x08009884   0x000000c6   Code   RO         1450    CL$$btod_e2e        c_w.l(btod.o)
    0x0800994a   0x00000028   Code   RO         1447    CL$$btod_ediv       c_w.l(btod.o)
    0x08009972   0x00000028   Code   RO         1446    CL$$btod_emul       c_w.l(btod.o)
    0x0800999a   0x00000244   Code   RO         1452    CL$$btod_mult_common  c_w.l(btod.o)
    0x08009bde   0x00000028   Code   RO         1483    i.__ARM_fpclassify  m_ws.l(fpclassify.o)
    0x08009c06   0x0000000e   Code   RO         1168    i._is_digit         c_w.l(__printf_wp.o)
    0x08009c14   0x0000002c   Code   RO         1468    locale$$code        c_w.l(lc_numeric_c.o)
    0x08009c40   0x0000002c   Code   RO         1522    locale$$code        c_w.l(lc_ctype_c.o)
    0x08009c6c   0x00000062   Code   RO         1189    x$fpl$d2f           fz_ws.l(d2f.o)
    0x08009cce   0x00000018   Code   RO         1479    x$fpl$dcmpinf       fz_ws.l(dcmpi.o)
    0x08009ce6   0x00000002   PAD
    0x08009ce8   0x0000005e   Code   RO         1191    x$fpl$dfix          fz_ws.l(dfix.o)
    0x08009d46   0x00000002   PAD
    0x08009d48   0x00000078   Code   RO         1377    x$fpl$dleqf         fz_ws.l(dleqf.o)
    0x08009dc0   0x00000154   Code   RO         1195    x$fpl$dmul          fz_ws.l(dmul.o)
    0x08009f14   0x0000009c   Code   RO         1379    x$fpl$dnaninf       fz_ws.l(dnaninf.o)
    0x08009fb0   0x0000000c   Code   RO         1381    x$fpl$dretinf       fz_ws.l(dretinf.o)
    0x08009fbc   0x0000006c   Code   RO         1197    x$fpl$drleqf        fz_ws.l(drleqf.o)
    0x0800a028   0x00000056   Code   RO         1199    x$fpl$f2d           fz_ws.l(f2d.o)
    0x0800a07e   0x00000002   PAD
    0x0800a080   0x000000c4   Code   RO         1201    x$fpl$fadd          fz_ws.l(faddsub_clz.o)
    0x0800a144   0x00000018   Code   RO         1383    x$fpl$fcmpinf       fz_ws.l(fcmpi.o)
    0x0800a15c   0x00000184   Code   RO         1208    x$fpl$fdiv          fz_ws.l(fdiv.o)
    0x0800a2e0   0x00000036   Code   RO         1211    x$fpl$ffix          fz_ws.l(ffix.o)
    0x0800a316   0x00000002   PAD
    0x0800a318   0x0000003e   Code   RO         1215    x$fpl$ffixu         fz_ws.l(ffixu.o)
    0x0800a356   0x00000002   PAD
    0x0800a358   0x00000030   Code   RO         1220    x$fpl$fflt          fz_ws.l(fflt_clz.o)
    0x0800a388   0x00000026   Code   RO         1219    x$fpl$ffltu         fz_ws.l(fflt_clz.o)
    0x0800a3ae   0x00000002   PAD
    0x0800a3b0   0x00000068   Code   RO         1225    x$fpl$fleqf         fz_ws.l(fleqf.o)
    0x0800a418   0x00000102   Code   RO         1227    x$fpl$fmul          fz_ws.l(fmul.o)
    0x0800a51a   0x0000008c   Code   RO         1385    x$fpl$fnaninf       fz_ws.l(fnaninf.o)
    0x0800a5a6   0x0000000e   Code   RO         1543    x$fpl$fpinit        fz_ws.l(fpinit.o)
    0x0800a5b4   0x0000000a   Code   RO         1387    x$fpl$fretinf       fz_ws.l(fretinf.o)
    0x0800a5be   0x00000062   Code   RO         1229    x$fpl$frleqf        fz_ws.l(frleqf.o)
    0x0800a620   0x00000014   Code   RO         1202    x$fpl$frsb          fz_ws.l(faddsub_clz.o)
    0x0800a634   0x000000ea   Code   RO         1203    x$fpl$fsub          fz_ws.l(faddsub_clz.o)
    0x0800a71e   0x00000004   Code   RO         1231    x$fpl$printf1       fz_ws.l(printf1.o)
    0x0800a722   0x00000000   Code   RO         1389    x$fpl$usenofp       fz_ws.l(usenofp.o)
    0x0800a722   0x00000002   PAD
    0x0800a724   0x00000018   Data   RO            2    .constdata          main.o
    0x0800a73c   0x00000054   Data   RO          163    .constdata          lenfien.o
    0x0800a790   0x0000004a   Data   RO          941    .constdata          exam.o
    0x0800a7da   0x000005f0   Data   RO          987    .constdata          font_lib_ascii_8_16.o
    0x0800adca   0x00000026   Data   RO         1007    .constdata          font_lib_ascii_10_19.o
    0x0800adf0   0x00000f97   Data   RO         1027    .constdata          font_lib_ascii_yahei.o
    0x0800bd87   0x00000011   Data   RO         1176    .constdata          c_w.l(__printf_flags_ss_wp.o)
    0x0800bd98   0x00000008   Data   RO         1280    .constdata          c_w.l(_printf_wctomb.o)
    0x0800bda0   0x00000028   Data   RO         1309    .constdata          c_w.l(_printf_hex_int_ll_ptr.o)
    0x0800bdc8   0x00000094   Data   RO         1441    .constdata          c_w.l(bigflt0.o)
    0x0800be5c   0x00000020   Data   RO         1570    Region$$Table       anon$$obj.o
    0x0800be7c   0x0000001c   Data   RO         1467    locale$$data        c_w.l(lc_numeric_c.o)
    0x0800be98   0x00000110   Data   RO         1521    locale$$data        c_w.l(lc_ctype_c.o)


    Execution Region RW_IRAM1 (Base: 0x20000000, Size: 0x00000d18, Max: 0x0000c000, ABSOLUTE)

    Base Addr    Size         Type   Attr      Idx    E Section Name        Object

    0x20000000   0x00000005   Data   RW          164    .data               lenfien.o
    0x20000005   0x00000003   PAD
    0x20000008   0x00000008   Data   RW          180    .data               interruptservice.o
    0x20000010   0x00000001   Data   RW          480    .data               base_dac.o
    0x20000011   0x00000003   PAD
    0x20000014   0x00000018   Data   RW          753    .data               ads7483_base.o
    0x2000002c   0x00000008   Data   RW          779    .data               ads7483_button.o
    0x20000034   0x0000000c   Data   RW          806    .data               ssd1289_base.o
    0x20000040   0x00000018   Data   RW          841    .data               ssd1289_font.o
    0x20000058   0x00000006   Data   RW          895    .data               daconverter.o
    0x2000005e   0x00000002   PAD
    0x20000060   0x00000014   Data   RW          911    .data               adconverter.o
    0x20000074   0x00000010   Data   RW          942    .data               exam.o
    0x20000084   0x00000020   Data   RW          988    .data               font_lib_ascii_8_16.o
    0x200000a4   0x00000020   Data   RW         1008    .data               font_lib_ascii_10_19.o
    0x200000c4   0x00000020   Data   RW         1028    .data               font_lib_ascii_yahei.o
    0x200000e4   0x0000000c   Data   RW         1043    .data               button.o
    0x200000f0   0x0000000e   Data   RW         1070    .data               windows.o
    0x200000fe   0x00000002   PAD
    0x20000100   0x00000020   Zero   RW          752    .bss                ads7483_base.o
    0x20000120   0x00000080   Zero   RW          840    .bss                ssd1289_font.o
    0x200001a0   0x00000514   Zero   RW          910    .bss                adconverter.o
    0x200006b4   0x00000060   Zero   RW         1393    .bss                c_w.l(libspace.o)
    0x20000714   0x00000004   PAD
    0x20000718   0x00000200   Zero   RW          254    HEAP                startup_stm32f10x_hd.o
    0x20000918   0x00000400   Zero   RW          253    STACK               startup_stm32f10x_hd.o


==============================================================================

Image component sizes


      Code (inc. data)   RO Data    RW Data    ZI Data      Debug   Object Name

      2224        130          0         20       1300       5293   adconverter.o
      1544         98          0         24         32       6077   ads7483_base.o
       252          8          0          8          0       1041   ads7483_button.o
      1128         10          0          0          0       9011   base_adc.o
       464          4          0          0          0       3950   base_afio.o
      3792         34          0          0          0      34482   base_atime.o
       676         10          0          1          0      12422   base_dac.o
      1000          6          0          0          0       5930   base_dma.o
       144          6          0          0          0       1746   base_exti.o
      2340         20          0          0          0      22010   base_fsmc.o
       228          4          0          0          0       1753   base_gpio.o
      2472         12          0          0          0      22340   base_rcc.o
       252          4          0          0          0       1687   base_rtc.o
      3524         62          0          0          0      28899   base_usart.o
        50          0          0          0          0        673   beep.o
      1300        106          0         12          0       6061   button.o
       192          0          0          0          0       1322   button_list.o
       120          0          0          0          0        639   cnf_adc.o
      1848          0          0          0          0       6498   cnf_atime.o
       240          0          0          0          0        991   cnf_dac.o
       132         10          0          0          0        492   cnf_dma.o
        90          0          0          0          0        487   cnf_rcc.o
         0          0          0          0          0        468   cnf_usart.o
       246          0          0          0          0       2437   com_bit_operations.o
        70          0          0          0          0        782   com_functions.o
       132          6          0          0          0       1581   core_nvic.o
       792         24          0          6          0       3106   daconverter.o
       688        238         74         16          0       1549   exam.o
        76         12         38         32          0       1557   font_lib_ascii_10_19.o
        68         12       1520         32          0       1548   font_lib_ascii_8_16.o
        96         12       3991         32          0       1735   font_lib_ascii_yahei.o
       476         16          0          0          0       3704   font_operation.o
       592         22          0          8          0       9131   interruptservice.o
       242          0          0          0          0       1899   led.o
       352        102         84          5          0        957   lenfien.o
       228        104         24          0          0       9419   main.o
      2380         32          0         12          0       7944   ssd1289_base.o
       132          8          0          0          0       1705   ssd1289_configure.o
       624         40          0         24        128       2903   ssd1289_font.o
       924          4          0          0          0       3058   ssd1289_graphic.o
        64         26        304          0       1536        808   startup_stm32f10x_hd.o
        28          0          0          0          0        437   systeminit.o
       888         40          0         14          0       2165   windows.o

    ----------------------------------------------------------------------
     33112       1222       6067        256       2996     232697   Object Totals
         0          0         32          0          0          0   (incl. Generated)
         2          0          0         10          0          0   (incl. Padding)

    ----------------------------------------------------------------------

      Code (inc. data)   RO Data    RW Data    ZI Data      Debug   Library Member Name

         8          0          0          0          0         68   __main.o
       396          6         17          0          0         92   __printf_flags_ss_wp.o
        14          0          0          0          0         68   __printf_wp.o
        52          8          0          0          0          0   __scatter.o
        26          0          0          0          0          0   __scatter_copy.o
        28          0          0          0          0          0   __scatter_zi.o
         6          0          0          0          0          0   _printf_a.o
         6          0          0          0          0          0   _printf_c.o
        44          0          0          0          0        108   _printf_char.o
        48          6          0          0          0         96   _printf_char_common.o
        42          0          0          0          0         68   _printf_charcount.o
         6          0          0          0          0          0   _printf_d.o
       120         18          0          0          0         92   _printf_dec.o
         6          0          0          0          0          0   _printf_e.o
         6          0          0          0          0          0   _printf_f.o
      1056          0          0          0          0        216   _printf_fp_dec.o
       128         16          0          0          0         84   _printf_fp_infnan.o
         6          0          0          0          0          0   _printf_g.o
       156          6         40          0          0        160   _printf_hex_int_ll_ptr.o
         6          0          0          0          0          0   _printf_i.o
       184          0          0          0          0         88   _printf_intcommon.o
        10          0          0          0          0          0   _printf_l.o
         6          0          0          0          0          0   _printf_lc.o
        10          0          0          0          0          0   _printf_ll.o
         6          0          0          0          0          0   _printf_lld.o
         6          0          0          0          0          0   _printf_lli.o
         6          0          0          0          0          0   _printf_llo.o
         6          0          0          0          0          0   _printf_llu.o
         6          0          0          0          0          0   _printf_llx.o
       120         16          0          0          0         92   _printf_longlong_dec.o
         6          0          0          0          0          0   _printf_ls.o
         6          0          0          0          0          0   _printf_n.o
         6          0          0          0          0          0   _printf_o.o
       120          8          0          0          0        124   _printf_oct_int_ll.o
         6          0          0          0          0          0   _printf_p.o
        82          0          0          0          0        108   _printf_pad.o
         0          0          0          0          0          0   _printf_percent.o
         4          0          0          0          0          0   _printf_percent_end.o
         6          0          0          0          0          0   _printf_s.o
        82          0          0          0          0         80   _printf_str.o
        36          0          0          0          0         84   _printf_truncate.o
         6          0          0          0          0          0   _printf_u.o
        44          0          0          0          0        108   _printf_wchar.o
       188          6          8          0          0         92   _printf_wctomb.o
         6          0          0          0          0          0   _printf_x.o
        10          0          0          0          0         68   _sputc.o
        64          0          0          0          0         92   _wcrtomb.o
       228          6        148          0          0         96   bigflt0.o
      1910        128          0          0          0        672   btod.o
        36          4          0          0          0         76   c89vsprintf.o
        10          0          0          0          0         68   defsig_exit.o
        50          0          0          0          0         88   defsig_general.o
        80         58          0          0          0         76   defsig_rtmem_inner.o
        14          0          0          0          0         80   defsig_rtmem_outer.o
        12          0          0          0          0         72   exit.o
        94          0          0          0          0         80   h1_alloc.o
        52          0          0          0          0         68   h1_extend.o
        78          0          0          0          0         80   h1_free.o
        14          0          0          0          0         84   h1_init.o
         6          0          0          0          0        152   heapauxi.o
         4          0          0          0          0        136   hguard.o
         0          0          0          0          0          0   indicate_semi.o
       138          0          0          0          0        168   init_alloc.o
        44         10        272          0          0         76   lc_ctype_c.o
        44         10         28          0          0         76   lc_numeric_c.o
         6          0          0          0          0          0   libinit.o
        38          0          0          0          0          0   libinit2.o
         2          0          0          0          0          0   libshutdown.o
         2          0          0          0          0          0   libshutdown2.o
         8          4          0          0         96         68   libspace.o
       138          0          0          0          0         80   lludiv10.o
         0          0          0          0          0          0   maybetermalloc1.o
        16          4          0          0          0         76   rt_ctype_table.o
         8          4          0          0          0         68   rt_fp_status_addr_intlibspace.o
         8          4          0          0          0         68   rt_heap_descriptor_intlibspace.o
         8          4          0          0          0         68   rt_locale_intlibspace.o
         0          0          0          0          0          0   rtentry.o
        12          0          0          0          0          0   rtentry2.o
         6          0          0          0          0          0   rtentry4.o
         2          0          0          0          0          0   rtexit.o
        10          0          0          0          0          0   rtexit2.o
       128          0          0          0          0         68   strcmpv7m.o
        72          0          0          0          0         80   strcpy.o
        12          4          0          0          0         68   sys_exit.o
        74          0          0          0          0         80   sys_stackheap_outer.o
        14          0          0          0          0         76   sys_wrch.o
         2          0          0          0          0         68   use_no_semi.o
        98          4          0          0          0         92   d2f.o
        24          0          0          0          0         68   dcmpi.o
        94          4          0          0          0         92   dfix.o
       120          4          0          0          0         92   dleqf.o
       340         12          0          0          0        104   dmul.o
       156          4          0          0          0         92   dnaninf.o
        12          0          0          0          0         68   dretinf.o
       108          0          0          0          0         80   drleqf.o
        86          4          0          0          0         84   f2d.o
       450          8          0          0          0        236   faddsub_clz.o
        24          0          0          0          0         68   fcmpi.o
       388         76          0          0          0         96   fdiv.o
        54          4          0          0          0         84   ffix.o
        62          4          0          0          0         84   ffixu.o
        86          0          0          0          0        136   fflt_clz.o
       104          4          0          0          0         84   fleqf.o
       258          4          0          0          0         84   fmul.o
       140          4          0          0          0         84   fnaninf.o
        14          0          0          0          0         76   fpinit.o
        10          0          0          0          0         68   fretinf.o
        98          0          0          0          0         68   frleqf.o
         4          0          0          0          0         68   printf1.o
         0          0          0          0          0          0   usenofp.o
        40          0          0          0          0         68   fpclassify.o

    ----------------------------------------------------------------------
      9372        466        513          0        100       7080   Library Totals
        30          0          0          0          4          0   (incl. Padding)

    ----------------------------------------------------------------------

      Code (inc. data)   RO Data    RW Data    ZI Data      Debug   Library Name

      6572        330        513          0         96       5004   c_w.l
      2730        136          0          0          0       2008   fz_ws.l
        40          0          0          0          0         68   m_ws.l

    ----------------------------------------------------------------------
      9372        466        513          0        100       7080   Library Totals

    ----------------------------------------------------------------------

==============================================================================


      Code (inc. data)   RO Data    RW Data    ZI Data      Debug   

     42484       1688       6580        256       3096     232497   Grand Totals
     42484       1688       6580        256       3096     232497   ELF Image Totals
     42484       1688       6580        256          0          0   ROM Totals

==============================================================================

    Total RO  Size (Code + RO Data)                49064 (  47.91kB)
    Total RW  Size (RW Data + ZI Data)              3352 (   3.27kB)
    Total ROM Size (Code + RO Data + RW Data)      49320 (  48.16kB)

==============================================================================

