ARM Linker, 5.03 [Build 69] [MDK-ARM Standard]

==============================================================================

Section Cross References

    main.o(.text) refers to system.o(.text) for System::system_init()
    main.o(.ARM.exidx) refers to main.o(.text) for .text
    usermain.o(.text) refers to usermain.o(i._ZN6Screen5PointC1Ess) for Screen::Point::Point(short, short)
    usermain.o(.text) refers to font.o(.text) for Font::set_font_back_color(unsigned)
    usermain.o(.text) refers to lencar.o(.text) for LenCar::init()
    usermain.o(.text) refers to new.o(i._Znwj) for operator new(unsigned)
    usermain.o(.text) refers to string.o(.text) for String::String(const char*)
    usermain.o(.text) refers to window.o(.text) for Window::Window(String, unsigned short, unsigned short, unsigned, void(*)(Screen::Point, Touchable*, Touchable*), void(*)(Screen::Point, Touchable*, Touchable*), void(*)(Screen::Point, Touchable*, Touchable*), void(*)(Screen::Point, Touchable*, Touchable*))
    usermain.o(.text) refers to usermain.o(i._ZN6StringD1Ev) for String::~String()
    usermain.o(.text) refers to text.o(.text) for Text::set_text(String)
    usermain.o(.text) refers to usermain.o(.data) for prei
    usermain.o(.text) refers to color.o(.data) for Color::RGB_RED
    usermain.o(.text) refers to textbox.o(.text) for TextBox::TextBox(String, unsigned short, unsigned short, unsigned, unsigned)
    usermain.o(.text) refers to widget.o(.text) for Widget::Widget__sub_object(unsigned short, unsigned short)
    usermain.o(.text) refers to button.o(.text) for Button::Button(String, unsigned short, unsigned short, void(*)(Screen::Point, Touchable*, Touchable*), void(*)(Screen::Point, Touchable*, Touchable*), void(*)(Screen::Point, Touchable*, Touchable*), void(*)(Screen::Point, Touchable*, Touchable*), Vector<Touchable*>*)
    usermain.o(.text) refers to touchable.o(.text) for Touchable::set_release_handler(void(*)(Screen::Point, Touchable*, Touchable*))
    usermain.o(.text) refers to controlpad.o(.text) for ControlPad::ControlPad(int, unsigned, unsigned)
    usermain.o(.text) refers to usermain.o(.constdata) for .constdata
    usermain.o(.text) refers to text.o(.constdata__ZTV4Text) for vtable for Text
    usermain.o(.text) refers to system.o(.bss) for System::systemTouches
    usermain.o(.ARM.exidx) refers to usermain.o(.text) for .text
    startup_stm32f10x_hd.o(STACK) refers (Special) to heapauxi.o(.text) for __use_two_region_memory
    startup_stm32f10x_hd.o(HEAP) refers (Special) to heapauxi.o(.text) for __use_two_region_memory
    startup_stm32f10x_hd.o(RESET) refers (Special) to heapauxi.o(.text) for __use_two_region_memory
    startup_stm32f10x_hd.o(RESET) refers to startup_stm32f10x_hd.o(STACK) for __initial_sp
    startup_stm32f10x_hd.o(RESET) refers to startup_stm32f10x_hd.o(.text) for Reset_Handler
    startup_stm32f10x_hd.o(RESET) refers to isr.o(.text) for NMI_Handler
    startup_stm32f10x_hd.o(.text) refers (Special) to heapauxi.o(.text) for __use_two_region_memory
    startup_stm32f10x_hd.o(.text) refers to sys.o(.text) for SystemInit
    startup_stm32f10x_hd.o(.text) refers to __main.o(!!!main) for __main
    startup_stm32f10x_hd.o(.text) refers to startup_stm32f10x_hd.o(HEAP) for Heap_Mem
    startup_stm32f10x_hd.o(.text) refers to startup_stm32f10x_hd.o(STACK) for Stack_Mem
    isr.o(.text) refers to out.o(.text) for Out::printl(short, short, const char*, ...)
    isr.o(.text) refers to base.o(.text) for EXTI_get_PRx(unsigned char)
    isr.o(.text) refers to ads7843.o(.text) for ADS7843::update_state()
    isr.o(.text) refers to system.o(.text) for System::touch_process()
    isr.o(.text) refers to isr.o(.data) for i
    isr.o(.ARM.exidx) refers to isr.o(.text) for .text
    sys.o(.text) refers to cnf.o(.text) for RCC_init()
    sys.o(.ARM.exidx) refers to sys.o(.text) for .text
    com.o(.text) refers to com.o(.emb_text) for __set_bit(unsigned*, unsigned char)
    com.o(.text) refers to dflt_clz.o(x$fpl$dflt) for __aeabi_i2d
    com.o(.text) refers to sqrt.o(i.sqrt) for sqrt
    com.o(.text) refers to dleqf.o(x$fpl$dleqf) for __aeabi_cdcmple
    com.o(.ARM.exidx) refers to com.o(.text) for .text
    base.o(.text) refers to com.o(.text) for __set_bits(unsigned*, unsigned, unsigned char, unsigned char)
    base.o(.text) refers to com.o(.emb_text) for __get_bit(unsigned, unsigned char)
    base.o(.text) refers to ffix.o(x$fpl$ffix) for __aeabi_f2iz
    base.o(.text) refers to fflt_clz.o(x$fpl$fflt) for __aeabi_i2f
    base.o(.text) refers to faddsub_clz.o(x$fpl$frsb) for __aeabi_frsub
    base.o(.text) refers to fmul.o(x$fpl$fmul) for __aeabi_fmul
    base.o(.text) refers to f2d.o(x$fpl$f2d) for __aeabi_f2d
    base.o(.text) refers to drleqf.o(x$fpl$drleqf) for __aeabi_cdrcmple
    base.o(.text) refers to faddsub_clz.o(x$fpl$fadd) for __aeabi_fadd
    base.o(.text) refers to fdiv.o(x$fpl$fdiv) for __aeabi_fdiv
[...]
    Vector<Proc*>::~Vector__sub_object()     0x08011251   Thumb Code     0  system.o(t._ZN6VectorIP4ProcED1Ev)
    Vector<Widget*>::copy(Widget*const *, Widget*const *, Widget**) 0x08011263   Thumb Code    40  pad.o(t._ZN6VectorIP6WidgetE4copyEPKS1_S4_PS1_)
    Vector<Widget*>::clear()                 0x0801128b   Thumb Code    32  pad.o(t._ZN6VectorIP6WidgetE5clearEv)
    Vector<Widget*>::resize()                0x080112ab   Thumb Code    96  pad.o(t._ZN6VectorIP6WidgetE6resizeEv)
    Vector<Widget*>::push_back(Widget*const &) 0x0801130b   Thumb Code    36  pad.o(t._ZN6VectorIP6WidgetE9push_backERKS1_)
    Vector<Widget*>::Vector()                0x0801132f   Thumb Code    14  pad.o(t._ZN6VectorIP6WidgetEC1Ev)
    Vector<Widget*>::Vector__sub_object()    0x0801132f   Thumb Code     0  pad.o(t._ZN6VectorIP6WidgetEC1Ev)
    Vector<Widget*>::~Vector()               0x0801133d   Thumb Code    18  pad.o(t._ZN6VectorIP6WidgetED1Ev)
    Vector<Widget*>::~Vector__sub_object()   0x0801133d   Thumb Code     0  pad.o(t._ZN6VectorIP6WidgetED1Ev)
    Vector<Touchable*>::copy(Touchable*const *, Touchable*const *, Touchable**) 0x0801134f   Thumb Code    40  touchable.o(t._ZN6VectorIP9TouchableE4copyEPKS1_S4_PS1_)
    Vector<Touchable*>::find(Touchable*const &) 0x08011377   Thumb Code    46  touchable.o(t._ZN6VectorIP9TouchableE4findERKS1_)
    Vector<Touchable*>::erase(Touchable**)   0x080113a5   Thumb Code    38  touchable.o(t._ZN6VectorIP9TouchableE5eraseEPS1_)
    Vector<Touchable*>::remove(Touchable**)  0x080113cb   Thumb Code    66  touchable.o(t._ZN6VectorIP9TouchableE6removeEPS1_)
    Vector<Touchable*>::resize()             0x0801140d   Thumb Code    92  touchpad.o(t._ZN6VectorIP9TouchableE6resizeEv)
    Vector<Touchable*>::push_back(Touchable*const &) 0x08011469   Thumb Code    36  touchable.o(t._ZN6VectorIP9TouchableE9push_backERKS1_)
    Vector<Touchable*>::Vector()             0x0801148d   Thumb Code    14  system.o(t._ZN6VectorIP9TouchableEC1Ev)
    Vector<Touchable*>::Vector__sub_object() 0x0801148d   Thumb Code     0  system.o(t._ZN6VectorIP9TouchableEC1Ev)
    Vector<Touchable*>::~Vector()            0x0801149b   Thumb Code    18  system.o(t._ZN6VectorIP9TouchableED1Ev)
    Vector<Touchable*>::~Vector__sub_object() 0x0801149b   Thumb Code     0  system.o(t._ZN6VectorIP9TouchableED1Ev)
    Vector<void(*)()>::copy(void(*const *)(), void(*const *)(), void(**)()) 0x080114ad   Thumb Code    40  process.o(t._ZN6VectorIPFvvEE4copyEPKS1_S4_PS1_)
    Vector<void(*)()>::find(void(*const &)()) 0x080114d5   Thumb Code    46  process.o(t._ZN6VectorIPFvvEE4findERKS1_)
    Vector<void(*)()>::erase(void(**)())     0x08011503   Thumb Code    38  process.o(t._ZN6VectorIPFvvEE5eraseEPS1_)
    Vector<void(*)()>::remove(void(**)())    0x08011529   Thumb Code    66  process.o(t._ZN6VectorIPFvvEE6removeEPS1_)
    Vector<void(*)()>::resize()              0x0801156b   Thumb Code    96  process.o(t._ZN6VectorIPFvvEE6resizeEv)
    Vector<void(*)()>::push_back(void(*const &)()) 0x080115cb   Thumb Code    36  process.o(t._ZN6VectorIPFvvEE9push_backERKS1_)
    Vector<void(*)()>::Vector()              0x080115ef   Thumb Code    14  process.o(t._ZN6VectorIPFvvEEC1Ev)
    Vector<void(*)()>::Vector__sub_object()  0x080115ef   Thumb Code     0  process.o(t._ZN6VectorIPFvvEEC1Ev)
    Vector<void(*)()>::~Vector()             0x080115fd   Thumb Code    18  process.o(t._ZN6VectorIPFvvEED1Ev)
    Vector<void(*)()>::~Vector__sub_object() 0x080115fd   Thumb Code     0  process.o(t._ZN6VectorIPFvvEED1Ev)
    Vector<char>::copy(const char*, const char*, char*) 0x0801160f   Thumb Code    38  string.o(t._ZN6VectorIcE4copyEPKcS2_Pc)
    Vector<char>::clear()                    0x08011635   Thumb Code    32  usermain.o(t._ZN6VectorIcE5clearEv)
    Vector<char>::erase(char*)               0x08011655   Thumb Code    38  string.o(t._ZN6VectorIcE5eraseEPc)
    Vector<char>::remove(char*)              0x0801167b   Thumb Code    66  string.o(t._ZN6VectorIcE6removeEPc)
    Vector<char>::resize()                   0x080116bd   Thumb Code    96  string.o(t._ZN6VectorIcE6resizeEv)
    Vector<char>::push_back(const char&)     0x0801171d   Thumb Code    34  string.o(t._ZN6VectorIcE9push_backERKc)
    Vector<char>::Vector()                   0x0801173f   Thumb Code    14  string.o(t._ZN6VectorIcEC1Ev)
    Vector<char>::Vector__sub_object()       0x0801173f   Thumb Code     0  string.o(t._ZN6VectorIcEC1Ev)
    Vector<char>::~Vector()                  0x0801174d   Thumb Code    18  usermain.o(t._ZN6VectorIcED1Ev)
    Vector<char>::~Vector__sub_object()      0x0801174d   Thumb Code     0  usermain.o(t._ZN6VectorIcED1Ev)
    Vector<char>::operator ==(const Vector<char>&) 0x0801175f   Thumb Code   128  string.o(t._ZN6VectorIcEeqERKS0_)
    Vector<Screen::Point>::end() const       0x080117df   Thumb Code    20  paintable.o(t._ZNK6VectorIN6Screen5PointEE3endEv)
    Vector<System::Event>::end() const       0x080117f3   Thumb Code    20  system.o(t._ZNK6VectorIN6System5EventEE3endEv)
    Vector<System::Event>::begin() const     0x08011807   Thumb Code     6  system.o(t._ZNK6VectorIN6System5EventEE5beginEv)
    Vector<Pad*>::end() const                0x0801180d   Thumb Code    20  pad.o(t._ZNK6VectorIP3PadE3endEv)
    Vector<Pad*>::rend() const               0x08011821   Thumb Code    16  pad.o(t._ZNK6VectorIP3PadE4rendEv)
    Vector<Pad*>::begin() const              0x08011831   Thumb Code     6  pad.o(t._ZNK6VectorIP3PadE5beginEv)
    Vector<Pad*>::rbegin() const             0x08011837   Thumb Code    22  pad.o(t._ZNK6VectorIP3PadE6rbeginEv)
    Vector<Proc*>::end() const               0x0801184d   Thumb Code    20  process.o(t._ZNK6VectorIP4ProcE3endEv)
    Vector<Proc*>::begin() const             0x08011861   Thumb Code     6  process.o(t._ZNK6VectorIP4ProcE5beginEv)
    Vector<Widget*>::end() const             0x08011867   Thumb Code    20  pad.o(t._ZNK6VectorIP6WidgetE3endEv)
    Vector<Widget*>::begin() const           0x0801187b   Thumb Code     6  pad.o(t._ZNK6VectorIP6WidgetE5beginEv)
    Vector<Touchable*>::end() const          0x08011881   Thumb Code    20  touchable.o(t._ZNK6VectorIP9TouchableE3endEv)
    Vector<Touchable*>::begin() const        0x08011895   Thumb Code     6  touchable.o(t._ZNK6VectorIP9TouchableE5beginEv)
    Vector<void(*)()>::end() const           0x0801189b   Thumb Code    20  process.o(t._ZNK6VectorIPFvvEE3endEv)
    Vector<void(*)()>::begin() const         0x080118af   Thumb Code     6  process.o(t._ZNK6VectorIPFvvEE5beginEv)
    Vector<char>::end() const                0x080118b5   Thumb Code    18  string.o(t._ZNK6VectorIcE3endEv)
    Vector<char>::begin() const              0x080118c7   Thumb Code     6  string.o(t._ZNK6VectorIcE5beginEv)
    __aeabi_d2f                              0x080118cd   Thumb Code     0  d2f.o(x$fpl$d2f)
    _d2f                                     0x080118cd   Thumb Code    98  d2f.o(x$fpl$d2f)
    __aeabi_dadd                             0x08011931   Thumb Code     0  daddsub_clz.o(x$fpl$dadd)
    _dadd                                    0x08011931   Thumb Code   332  daddsub_clz.o(x$fpl$dadd)
    __fpl_dcheck_NaN1                        0x08011a81   Thumb Code    10  dcheck1.o(x$fpl$dcheck1)
    __fpl_dcmp_Inf                           0x08011a91   Thumb Code    24  dcmpi.o(x$fpl$dcmpinf)
    __aeabi_ddiv                             0x08011aa9   Thumb Code     0  ddiv.o(x$fpl$ddiv)
    _ddiv                                    0x08011aa9   Thumb Code   552  ddiv.o(x$fpl$ddiv)
    __aeabi_cdcmpeq                          0x08011d59   Thumb Code     0  deqf.o(x$fpl$deqf)
    _dcmpeq                                  0x08011d59   Thumb Code   120  deqf.o(x$fpl$deqf)
    __aeabi_d2iz                             0x08011dd1   Thumb Code     0  dfix.o(x$fpl$dfix)
    _dfix                                    0x08011dd1   Thumb Code    94  dfix.o(x$fpl$dfix)
    __aeabi_d2uiz                            0x08011e31   Thumb Code     0  dfixu.o(x$fpl$dfixu)
    _dfixu                                   0x08011e31   Thumb Code    90  dfixu.o(x$fpl$dfixu)
    __aeabi_i2d                              0x08011e8b   Thumb Code     0  dflt_clz.o(x$fpl$dflt)
    _dflt                                    0x08011e8b   Thumb Code    46  dflt_clz.o(x$fpl$dflt)
    __aeabi_ui2d                             0x08011eb9   Thumb Code     0  dflt_clz.o(x$fpl$dfltu)
    _dfltu                                   0x08011eb9   Thumb Code    38  dflt_clz.o(x$fpl$dfltu)
    __aeabi_cdcmple                          0x08011ee1   Thumb Code     0  dleqf.o(x$fpl$dleqf)
    _dcmple                                  0x08011ee1   Thumb Code   120  dleqf.o(x$fpl$dleqf)
    __fpl_dcmple_InfNaN                      0x08011f43   Thumb Code     0  dleqf.o(x$fpl$dleqf)
    __aeabi_dmul                             0x08011f59   Thumb Code     0  dmul.o(x$fpl$dmul)
    _dmul                                    0x08011f59   Thumb Code   332  dmul.o(x$fpl$dmul)
    __fpl_dnaninf                            0x080120ad   Thumb Code   156  dnaninf.o(x$fpl$dnaninf)
    __fpl_dretinf                            0x08012149   Thumb Code    12  dretinf.o(x$fpl$dretinf)
    __aeabi_cdrcmple                         0x08012155   Thumb Code     0  drleqf.o(x$fpl$drleqf)
    _drcmple                                 0x08012155   Thumb Code   108  drleqf.o(x$fpl$drleqf)
    __aeabi_drsub                            0x080121c1   Thumb Code     0  daddsub_clz.o(x$fpl$drsb)
    _drsb                                    0x080121c1   Thumb Code    22  daddsub_clz.o(x$fpl$drsb)
    _dsqrt                                   0x080121d9   Thumb Code   456  dsqrt_noumaal.o(x$fpl$dsqrt)
    __aeabi_dsub                             0x080123a5   Thumb Code     0  daddsub_clz.o(x$fpl$dsub)
    _dsub                                    0x080123a5   Thumb Code   464  daddsub_clz.o(x$fpl$dsub)
    __aeabi_f2d                              0x08012579   Thumb Code     0  f2d.o(x$fpl$f2d)
    _f2d                                     0x08012579   Thumb Code    86  f2d.o(x$fpl$f2d)
    __aeabi_fadd                             0x080125d1   Thumb Code     0  faddsub_clz.o(x$fpl$fadd)
    _fadd                                    0x080125d1   Thumb Code   196  faddsub_clz.o(x$fpl$fadd)
    __aeabi_fdiv                             0x08012695   Thumb Code     0  fdiv.o(x$fpl$fdiv)
    _fdiv                                    0x08012695   Thumb Code   384  fdiv.o(x$fpl$fdiv)
    __aeabi_f2iz                             0x08012819   Thumb Code     0  ffix.o(x$fpl$ffix)
    _ffix                                    0x08012819   Thumb Code    54  ffix.o(x$fpl$ffix)
    __aeabi_i2f                              0x08012851   Thumb Code     0  fflt_clz.o(x$fpl$fflt)
    _fflt                                    0x08012851   Thumb Code    48  fflt_clz.o(x$fpl$fflt)
    __aeabi_ui2f                             0x08012881   Thumb Code     0  fflt_clz.o(x$fpl$ffltu)
    _ffltu                                   0x08012881   Thumb Code    38  fflt_clz.o(x$fpl$ffltu)
    __aeabi_fmul                             0x080128a9   Thumb Code     0  fmul.o(x$fpl$fmul)
    _fmul                                    0x080128a9   Thumb Code   258  fmul.o(x$fpl$fmul)
    __fpl_fnaninf                            0x080129ab   Thumb Code   140  fnaninf.o(x$fpl$fnaninf)
    __fpl_fretinf                            0x08012a37   Thumb Code    10  fretinf.o(x$fpl$fretinf)
    __aeabi_frsub                            0x08012a41   Thumb Code     0  faddsub_clz.o(x$fpl$frsb)
    _frsb                                    0x08012a41   Thumb Code    20  faddsub_clz.o(x$fpl$frsb)
    __aeabi_fsub                             0x08012a55   Thumb Code     0  faddsub_clz.o(x$fpl$fsub)
    _fsub                                    0x08012a55   Thumb Code   234  faddsub_clz.o(x$fpl$fsub)
    _printf_fp_dec                           0x08012b3f   Thumb Code     4  printf1.o(x$fpl$printf1)
    __fpl_return_NaN                         0x08012b43   Thumb Code   100  retnan.o(x$fpl$retnan)
    __ARM_scalbn                             0x08012ba7   Thumb Code    92  scalbn.o(x$fpl$scalbn)
    __fpl_cmpreturn                          0x08012c03   Thumb Code    48  trapv.o(x$fpl$trapveneer)
    __I$use$fp                               0x08012c32   Number         0  usenofp.o(x$fpl$usenofp)
    Font::libInfos                           0x08012c94   Data          60  font.o(.constdata)
    Font::ascii_8x16                         0x08012cd0   Data        1520  fontlib.o(.constdata)
    Font::ascii_10x19                        0x080132c0   Data        3610  fontlib.o(.constdata)
    Font::ascii_YAHEI                        0x080140da   Data        3990  fontlib.o(.constdata)
    __mathlib_zero                           0x08015210   Data           8  qnan.o(.constdata)
    typeinfo for ControlPad                  0x0801539c   Data          12  controlpad.o(.constdata__ZTI10ControlPad)
    typeinfo for TouchWidget                 0x080153a8   Data          32  touchwidget.o(.constdata__ZTI11TouchWidget)
    typeinfo for Text                        0x080153c8   Data          12  text.o(.constdata__ZTI4Text)
    typeinfo for Touch                       0x080153d4   Data          24  touchable.o(.constdata__ZTI5Touch)
    typeinfo for Button                      0x080153ec   Data          12  button.o(.constdata__ZTI6Button)
    typeinfo for Screen                      0x080153f8   Data          12  widget.o(.constdata__ZTI6Screen)
    typeinfo for Slider                      0x08015404   Data          12  slider.o(.constdata__ZTI6Slider)
    typeinfo for Widget                      0x08015410   Data          12  widget.o(.constdata__ZTI6Widget)
    typeinfo for ADS7843                     0x0801541c   Data           8  touchable.o(.constdata__ZTI7ADS7843)
    typeinfo for Graphic                     0x08015424   Data          12  widget.o(.constdata__ZTI7Graphic)
    typeinfo for SSD1289                     0x08015430   Data           8  widget.o(.constdata__ZTI7SSD1289)
    typeinfo for TextBox                     0x08015438   Data          12  textbox.o(.constdata__ZTI7TextBox)
    typeinfo for Touchable                   0x08015444   Data          12  touchable.o(.constdata__ZTI9Touchable)
    typeinfo for __cxxabiv1::__class_type_info 0x08015450   Data          12  lib_rtti_impl.o(.constdata__ZTIN10__cxxabiv117__class_type_infoE)
    typeinfo for __cxxabiv1::__si_class_type_info 0x0801545c   Data          12  lib_rtti_impl.o(.constdata__ZTIN10__cxxabiv120__si_class_type_infoE)
    typeinfo for __cxxabiv1::__vmi_class_type_info 0x08015468   Data          12  lib_rtti_impl.o(.constdata__ZTIN10__cxxabiv121__vmi_class_type_infoE)
    typeinfo for std::type_info              0x08015474   Data           8  type_info_dtor.o(.constdata__ZTISt9type_info)
    typeinfo name for ControlPad             0x0801547c   Data          13  controlpad.o(.constdata__ZTS10ControlPad)
    typeinfo name for TouchWidget            0x08015489   Data          14  touchwidget.o(.constdata__ZTS11TouchWidget)
    typeinfo name for Text                   0x08015497   Data           6  text.o(.constdata__ZTS4Text)
    typeinfo name for Touch                  0x0801549d   Data           7  touchable.o(.constdata__ZTS5Touch)
    typeinfo name for Button                 0x080154a4   Data           8  button.o(.constdata__ZTS6Button)
    typeinfo name for Screen                 0x080154ac   Data           8  widget.o(.constdata__ZTS6Screen)
    typeinfo name for Slider                 0x080154b4   Data           8  slider.o(.constdata__ZTS6Slider)
    typeinfo name for Widget                 0x080154bc   Data           8  widget.o(.constdata__ZTS6Widget)
    typeinfo name for ADS7843                0x080154c4   Data           9  touchable.o(.constdata__ZTS7ADS7843)
    typeinfo name for Graphic                0x080154cd   Data           9  widget.o(.constdata__ZTS7Graphic)
    typeinfo name for SSD1289                0x080154d6   Data           9  widget.o(.constdata__ZTS7SSD1289)
    typeinfo name for TextBox                0x080154df   Data           9  textbox.o(.constdata__ZTS7TextBox)
    typeinfo name for Touchable              0x080154e8   Data          11  touchable.o(.constdata__ZTS9Touchable)
    typeinfo name for __cxxabiv1::__class_type_info 0x080154f3   Data          34  lib_rtti_impl.o(.constdata__ZTSN10__cxxabiv117__class_type_infoE)
    typeinfo name for __cxxabiv1::__si_class_type_info 0x08015515   Data          37  lib_rtti_impl.o(.constdata__ZTSN10__cxxabiv120__si_class_type_infoE)
    typeinfo name for __cxxabiv1::__vmi_class_type_info 0x0801553a   Data          38  lib_rtti_impl.o(.constdata__ZTSN10__cxxabiv121__vmi_class_type_infoE)
    typeinfo name for std::type_info         0x08015560   Data          13  type_info_dtor.o(.constdata__ZTSSt9type_info)
    vtable for ControlPad                    0x08015570   Data         128  controlpad.o(.constdata__ZTV10ControlPad)
    vtable for TouchWidget                   0x080155f0   Data         112  touchwidget.o(.constdata__ZTV11TouchWidget)
    vtable for Pad                           0x08015660   Data          68  pad.o(.constdata__ZTV3Pad)
    vtable for Text                          0x080156a4   Data          64  text.o(.constdata__ZTV4Text)
    vtable for Button                        0x080156e4   Data         132  button.o(.constdata__ZTV6Button)
    vtable for Slider                        0x08015768   Data         128  slider.o(.constdata__ZTV6Slider)
    vtable for Widget                        0x080157e8   Data          64  widget.o(.constdata__ZTV6Widget)
    vtable for Window                        0x08015828   Data         188  window.o(.constdata__ZTV6Window)
    vtable for Graphic                       0x080158e4   Data          32  widget.o(.constdata__ZTV7Graphic)
    vtable for TextBox                       0x08015904   Data         128  textbox.o(.constdata__ZTV7TextBox)
    vtable for TouchPad                      0x08015984   Data         136  touchpad.o(.constdata__ZTV8TouchPad)
    vtable for Paintable                     0x08015a0c   Data          52  paintable.o(.constdata__ZTV9Paintable)
    vtable for Touchable                     0x08015a40   Data          44  touchable.o(.constdata__ZTV9Touchable)
    vtable for __cxxabiv1::__class_type_info 0x08015a6c   Data          16  lib_rtti_impl.o(.constdata__ZTVN10__cxxabiv117__class_type_infoE)
    vtable for __cxxabiv1::__si_class_type_info 0x08015a7c   Data          16  lib_rtti_impl.o(.constdata__ZTVN10__cxxabiv120__si_class_type_infoE)
    vtable for __cxxabiv1::__vmi_class_type_info 0x08015a8c   Data          16  lib_rtti_impl.o(.constdata__ZTVN10__cxxabiv121__vmi_class_type_infoE)
    Region$$Table$$Base                      0x08015a9c   Number         0  anon$$obj.o(Region$$Table)
    Region$$Table$$Limit                     0x08015abc   Number         0  anon$$obj.o(Region$$Table)
    __ctype                                  0x08015ae5   Data           0  lc_ctype_c.o(locale$$data)
    SHT$$INIT_ARRAY$$Base                    0x08015be8   Number         0  system.o(.init_array)
    SHT$$INIT_ARRAY$$Limit                   0x08015c08   Number         0  window.o(.init_array)
    ph                                       0x2000000c   Data           4  usermain.o(.data)
    pw1                                      0x20000028   Data           4  usermain.o(.data)
    pw2                                      0x2000002c   Data           4  usermain.o(.data)
    pw                                       0x20000030   Data           4  usermain.o(.data)
    _pt                                      0x20000034   Data           4  usermain.o(.data)
    cp                                       0x20000038   Data           4  usermain.o(.data)
    DAC_DALIM                                0x2000004c   Data           1  base.o(.data)
    BkpInitState                             0x20000050   Data           1  cnf.o(.data)
    ADS7843::isInitialized                   0x2000007c   Data           1  ads7843.o(.data)
    ADS7843::touchState                      0x20000084   Data           8  ads7843.o(.data)
    SSD1289::state                           0x20000098   Data          12  ssd1289.o(.data)
    SSD1289::isInitialized                   0x200000a4   Data           1  ssd1289.o(.data)
    Out::preX                                0x200000c0   Data           2  out.o(.data)
    Out::preY                                0x200000c2   Data           2  out.o(.data)
    Font::fontFormat                         0x200000d4   Data          20  font.o(.data)
    Touchable::something_being_dragged       0x200000f4   Data           1  touchable.o(.data)
    Touchable::holdTime                      0x200000f8   Data           4  touchable.o(.data)
    Graphic::hashCodeCounter                 0x20000114   Data           4  graphic.o(.data)
    Color::RGB_RED                           0x20000124   Data           4  color.o(.data)
    Color::RGB_GREEN                         0x20000128   Data           4  color.o(.data)
    Color::RGB_BLUE                          0x2000012c   Data           4  color.o(.data)
    Color::RGB_BLACK                         0x20000130   Data           4  color.o(.data)
    Color::RGB_WHITE                         0x20000134   Data           4  color.o(.data)
    Color::buttonColor                       0x20000138   Data           4  color.o(.data)
    preExcute                                0x20000148   Data           4  controlpad.o(.data)
    pt                                       0x20000168   Data           4  pad.o(.data)
    TouchPad::some_widget_down               0x20000178   Data           1  touchpad.o(.data)
    _div                                     0x2000017a   Data           4  touchpad.o(.data)
    pMove                                    0x2000017e   Data           4  touchpad.o(.data)
    t                                        0x20000190   Data           4  window.o(.data)
    pMove1                                   0x200001a0   Data           4  window.o(.data)
    preFramPos                               0x200001a4   Data           4  window.o(.data)
    LenCar::window                           0x200001b4   Data           4  lencar.o(.data)
    LenCar::textState                        0x200001b8   Data           4  lencar.o(.data)
    LenCar::textSpeed                        0x200001bc   Data           4  lencar.o(.data)
    LenCar::textMode                         0x200001c0   Data           4  lencar.o(.data)
    LenCar::btnSwtich                        0x200001c4   Data           4  lencar.o(.data)
    LenCar::btnOnOFF                         0x200001c8   Data           4  lencar.o(.data)
    LenCar::padControl                       0x200001cc   Data           4  lencar.o(.data)
    LenCar::on                               0x200001d0   Data           1  lencar.o(.data)
    LenCar::bodyMode                         0x200001d1   Data           1  lencar.o(.data)
    LenCar::leftSpeed                        0x200001d2   Data           1  lencar.o(.data)
    LenCar::rightSpeed                       0x200001d3   Data           1  lencar.o(.data)
    SSD1289::set_point_262K(unsigned)::B     0x200001d4   Data           4  ssd1289.o(.data__ZZN7SSD128914set_point_262KEjE1B)
    SSD1289::set_point_262K(unsigned)::G     0x200001d8   Data           4  ssd1289.o(.data__ZZN7SSD128914set_point_262KEjE1G)
    SSD1289::set_point_262K(unsigned)::R     0x200001dc   Data           4  ssd1289.o(.data__ZZN7SSD128914set_point_262KEjE1R)
    System::eventQueue                       0x200001e0   Data          12  system.o(.bss)
    System::systemTouches                    0x200001ec   Data          20  system.o(.bss)
    System::processes                        0x20000200   Data          20  system.o(.bss)
    Screen::window                           0x20000228   Data          12  screen.o(.bss)
    Out::buffer                              0x20000234   Data         512  out.o(.bss)
    Font::window                             0x20000464   Data          12  font.o(.bss)
    _buffer                                  0x20000470   Data         128  paintable.o(.bss)
    PadSources::pads                         0x200004f0   Data          20  pad.o(.bss)
    __libspace_start                         0x20000510   Data          96  libspace.o(.bss)
    __temporary_stack_top$libspace           0x20000570   Data           0  libspace.o(.bss)



==============================================================================

Memory Map of the image

  Image Entry point : 0x08000131

  Load Region LR_IROM1 (Base: 0x08000000, Size: 0x00015de8, Max: 0x00080000, ABSOLUTE, COMPRESSED[0x00015c30])

    Execution Region ER_IROM1 (Base: 0x08000000, Size: 0x00015c08, Max: 0x00080000, ABSOLUTE)

    Base Addr    Size         Type   Attr      Idx    E Section Name        Object

    0x08000000   0x00000130   Data   RO          317    RESET               startup_stm32f10x_hd.o
    0x08000130   0x00000008   Code   RO         3243  * !!!main             c_w.l(__main.o)
    0x08000138   0x00000034   Code   RO         4089    !!!scatter          c_w.l(__scatter.o)
    0x0800016c   0x0000005a   Code   RO         4087    !!dczerorl2         c_w.l(__dczerorl2.o)
    0x080001c6   0x00000002   PAD
    0x080001c8   0x0000001c   Code   RO         4091    !!handler_zi        c_w.l(__scatter_zi.o)
    0x080001e4   0x00000000   Code   RO         3233    .ARM.Collect$$_printf_percent$$00000000  c_w.l(_printf_percent.o)
    0x080001e4   0x00000006   Code   RO         3635    .ARM.Collect$$_printf_percent$$00000001  c_w.l(_printf_n.o)
    0x080001ea   0x00000006   Code   RO         3637    .ARM.Collect$$_printf_percent$$00000002  c_w.l(_printf_p.o)
    0x080001f0   0x00000006   Code   RO         3232    .ARM.Collect$$_printf_percent$$00000003  c_w.l(_printf_f.o)
    0x080001f6   0x00000006   Code   RO         3641    .ARM.Collect$$_printf_percent$$00000004  c_w.l(_printf_e.o)
    0x080001fc   0x00000006   Code   RO         3642    .ARM.Collect$$_printf_percent$$00000005  c_w.l(_printf_g.o)
    0x08000202   0x00000006   Code   RO         3643    .ARM.Collect$$_printf_percent$$00000006  c_w.l(_printf_a.o)
    0x08000208   0x0000000a   Code   RO         3648    .ARM.Collect$$_printf_percent$$00000007  c_w.l(_printf_ll.o)
    0x08000212   0x00000006   Code   RO         3639    .ARM.Collect$$_printf_percent$$00000008  c_w.l(_printf_i.o)
    0x08000218   0x00000006   Code   RO         3231    .ARM.Collect$$_printf_percent$$00000009  c_w.l(_printf_d.o)
    0x0800021e   0x00000006   Code   RO         3640    .ARM.Collect$$_printf_percent$$0000000A  c_w.l(_printf_u.o)
    0x08000224   0x00000006   Code   RO         3638    .ARM.Collect$$_printf_percent$$0000000B  c_w.l(_printf_o.o)
    0x0800022a   0x00000006   Code   RO         3636    .ARM.Collect$$_printf_percent$$0000000C  c_w.l(_printf_x.o)
    0x08000230   0x00000006   Code   RO         3645    .ARM.Collect$$_printf_percent$$0000000D  c_w.l(_printf_lli.o)
    0x08000236   0x00000006   Code   RO         3646    .ARM.Collect$$_printf_percent$$0000000E  c_w.l(_printf_lld.o)
    0x0800023c   0x00000006   Code   RO         3647    .ARM.Collect$$_printf_percent$$0000000F  c_w.l(_printf_llu.o)
    0x08000242   0x00000006   Code   RO         3652    .ARM.Collect$$_printf_percent$$00000010  c_w.l(_printf_llo.o)
    0x08000248   0x00000006   Code   RO         3653    .ARM.Collect$$_printf_percent$$00000011  c_w.l(_printf_llx.o)
    0x0800024e   0x0000000a   Code   RO         3649    .ARM.Collect$$_printf_percent$$00000012  c_w.l(_printf_l.o)
    0x08000258   0x00000006   Code   RO         3633    .ARM.Collect$$_printf_percent$$00000013  c_w.l(_printf_c.o)
    0x0800025e   0x00000006   Code   RO         3634    .ARM.Collect$$_printf_percent$$00000014  c_w.l(_printf_s.o)
    0x08000264   0x00000006   Code   RO         3650    .ARM.Collect$$_printf_percent$$00000015  c_w.l(_printf_lc.o)
    0x0800026a   0x00000006   Code   RO         3651    .ARM.Collect$$_printf_percent$$00000016  c_w.l(_printf_ls.o)
    0x08000270   0x00000004   Code   RO         3644    .ARM.Collect$$_printf_percent$$00000017  c_w.l(_printf_percent_end.o)
    0x08000274   0x00000002   Code   RO         3988    .ARM.Collect$$libinit$$00000000  c_w.l(libinit.o)
    0x08000276   0x00000000   Code   RO         3663    .ARM.Collect$$libinit$$00000002  c_w.l(libinit2.o)
    0x08000276   0x00000008   Code   RO         3664    .ARM.Collect$$libinit$$00000003  c_w.l(libinit2.o)
    0x0800027e   0x00000000   Code   RO         3666    .ARM.Collect$$libinit$$00000008  c_w.l(libinit2.o)
    0x0800027e   0x00000000   Code   RO         3668    .ARM.Collect$$libinit$$0000000A  c_w.l(libinit2.o)
    0x0800027e   0x00000000   Code   RO         3670    .ARM.Collect$$libinit$$0000000C  c_w.l(libinit2.o)
    0x0800027e   0x00000006   Code   RO         3671    .ARM.Collect$$libinit$$0000000D  c_w.l(libinit2.o)
    0x08000284   0x00000000   Code   RO         3673    .ARM.Collect$$libinit$$0000000F  c_w.l(libinit2.o)
    0x08000284   0x0000000c   Code   RO         3674    .ARM.Collect$$libinit$$00000010  c_w.l(libinit2.o)
    0x08000290   0x00000000   Code   RO         3675    .ARM.Collect$$libinit$$00000011  c_w.l(libinit2.o)
    0x08000290   0x00000000   Code   RO         3677    .ARM.Collect$$libinit$$00000013  c_w.l(libinit2.o)
    0x08000290   0x0000000a   Code   RO         3678    .ARM.Collect$$libinit$$00000014  c_w.l(libinit2.o)
    0x0800029a   0x00000000   Code   RO         3679    .ARM.Collect$$libinit$$00000015  c_w.l(libinit2.o)
    0x0800029a   0x00000000   Code   RO         3681    .ARM.Collect$$libinit$$00000017  c_w.l(libinit2.o)
    0x0800029a   0x00000000   Code   RO         3683    .ARM.Collect$$libinit$$00000019  c_w.l(libinit2.o)
    0x0800029a   0x00000000   Code   RO         3685    .ARM.Collect$$libinit$$0000001B  c_w.l(libinit2.o)
    0x0800029a   0x00000000   Code   RO         3687    .ARM.Collect$$libinit$$0000001D  c_w.l(libinit2.o)
    0x0800029a   0x00000000   Code   RO         3689    .ARM.Collect$$libinit$$0000001F  c_w.l(libinit2.o)
    0x0800029a   0x00000000   Code   RO         3691    .ARM.Collect$$libinit$$00000021  c_w.l(libinit2.o)
    0x0800029a   0x00000000   Code   RO         3693    .ARM.Collect$$libinit$$00000023  c_w.l(libinit2.o)
    0x0800029a   0x00000000   Code   RO         3697    .ARM.Collect$$libinit$$0000002A  c_w.l(libinit2.o)
    0x0800029a   0x00000000   Code   RO         3699    .ARM.Collect$$libinit$$0000002C  c_w.l(libinit2.o)
    0x0800029a   0x00000000   Code   RO         3701    .ARM.Collect$$libinit$$0000002E  c_w.l(libinit2.o)
    0x0800029a   0x00000004   Code   RO         3702    .ARM.Collect$$libinit$$0000002F  c_w.l(libinit2.o)
    0x0800029e   0x00000000   Code   RO         3703    .ARM.Collect$$libinit$$00000030  c_w.l(libinit2.o)
    0x0800029e   0x00000002   Code   RO         3704    .ARM.Collect$$libinit$$00000031  c_w.l(libinit2.o)
    0x080002a0   0x00000002   Code   RO         4082    .ARM.Collect$$libshutdown$$00000000  c_w.l(libshutdown.o)
    0x080002a2   0x00000006   Code   RO         3705    .ARM.Collect$$libshutdown$$00000001  c_w.l(libshutdown2.o)
    0x080002a8   0x00000000   Code   RO         3707    .ARM.Collect$$libshutdown$$00000003  c_w.l(libshutdown2.o)
    0x080002a8   0x00000000   Code   RO         3710    .ARM.Collect$$libshutdown$$00000006  c_w.l(libshutdown2.o)
    0x080002a8   0x00000000   Code   RO         3713    .ARM.Collect$$libshutdown$$00000009  c_w.l(libshutdown2.o)
    0x080002a8   0x00000000   Code   RO         3715    .ARM.Collect$$libshutdown$$0000000B  c_w.l(libshutdown2.o)
    0x080002a8   0x00000000   Code   RO         3718    .ARM.Collect$$libshutdown$$0000000E  c_w.l(libshutdown2.o)
    0x080002a8   0x00000002   Code   RO         3719    .ARM.Collect$$libshutdown$$0000000F  c_w.l(libshutdown2.o)
    0x080002aa   0x00000000   Code   RO         3510    .ARM.Collect$$rtentry$$00000000  c_w.l(rtentry.o)
    0x080002aa   0x00000000   Code   RO         3809    .ARM.Collect$$rtentry$$00000002  c_w.l(rtentry2.o)
    0x080002aa   0x00000006   Code   RO         3821    .ARM.Collect$$rtentry$$00000004  c_w.l(rtentry4.o)
    0x080002b0   0x00000000   Code   RO         3811    .ARM.Collect$$rtentry$$00000009  c_w.l(rtentry2.o)
    0x080002b0   0x00000004   Code   RO         3812    .ARM.Collect$$rtentry$$0000000A  c_w.l(rtentry2.o)
    0x080002b4   0x00000000   Code   RO         3814    .ARM.Collect$$rtentry$$0000000C  c_w.l(rtentry2.o)
    0x080002b4   0x00000008   Code   RO         3815    .ARM.Collect$$rtentry$$0000000D  c_w.l(rtentry2.o)
    0x080002bc   0x00000002   Code   RO         4021    .ARM.Collect$$rtexit$$00000000  c_w.l(rtexit.o)
    0x080002be   0x00000000   Code   RO         4055    .ARM.Collect$$rtexit$$00000002  c_w.l(rtexit2.o)
    0x080002be   0x00000004   Code   RO         4056    .ARM.Collect$$rtexit$$00000003  c_w.l(rtexit2.o)
    0x080002c2   0x00000006   Code   RO         4057    .ARM.Collect$$rtexit$$00000004  c_w.l(rtexit2.o)
    0x080002c8   0x00000038   Code   RO          400    .emb_text           com.o
    0x08000300   0x00000000   Code   RO         3956    .emb_text           c_w.l(maybetermalloc1.o)
    0x08000300   0x0000000e   Code   RO            1    .text               main.o
    0x0800030e   0x00000002   PAD
    0x08000310   0x0000081c   Code   RO          145    .text               usermain.o
    0x08000b2c   0x00000040   Code   RO          318    .text               startup_stm32f10x_hd.o
    0x08000b6c   0x00000100   Code   RO          323    .text               isr.o
    0x08000c6c   0x00000008   Code   RO          384    .text               sys.o
    0x08000c74   0x00000160   Code   RO          401    .text               com.o
    0x08000dd4   0x00004a44   Code   RO          427    .text               base.o
    0x08005818   0x00000fec   Code   RO          446    .text               cnf.o
    0x08006804   0x00000250   Code   RO          487    .text               system.o
    0x08006a54   0x0000008c   Code   RO          721    .text               process.o
    0x08006ae0   0x00000490   Code   RO          880    .text               ads7843.o
    0x08006f70   0x0000073c   Code   RO          922    .text               ssd1289.o
    0x080076ac   0x00000008   Code   RO         1048    .text               touch.o
    0x080076b4   0x0000098c   Code   RO         1068    .text               screen.o
    0x08008040   0x00000394   Code   RO         1188    .text               out.o
    0x080083d4   0x00000200   Code   RO         1238    .text               string.o
    0x080085d4   0x0000034c   Code   RO         1330    .text               font.o
    0x08008920   0x000002d0   Code   RO         1376    .text               paintable.o
    0x08008bf0   0x000002f8   Code   RO         1474    .text               touchable.o
    0x08008ee8   0x00000964   Code   RO         1597    .text               graphic.o
    0x0800984c   0x00000164   Code   RO         1654    .text               color.o
    0x080099b0   0x00000110   Code   RO         1669    .text               widget.o
    0x08009ac0   0x000000c4   Code   RO         1810    .text               touchwidget.o
    0x08009b84   0x0000037c   Code   RO         1999    .text               button.o
    0x08009f00   0x0000032c   Code   RO         2103    .text               controlpad.o
    0x0800a22c   0x0000016c   Code   RO         2192    .text               text.o
    0x0800a398   0x0000072a   Code   RO         2307    .text               textbox.o
    0x0800aac2   0x00000002   PAD
    0x0800aac4   0x00000428   Code   RO         2386    .text               slider.o
    0x0800aeec   0x000007ac   Code   RO         2464    .text               pad.o
    0x0800b698   0x00000394   Code   RO         2776    .text               touchpad.o
    0x0800ba2c   0x00000808   Code   RO         2867    .text               window.o
    0x0800c234   0x00000cfc   Code   RO         3027    .text               lencar.o
    0x0800cf30   0x00000024   Code   RO         3201    .text               c_w.l(c89vsprintf.o)
    0x0800cf54   0x0000002c   Code   RO         3203    .text               c_w.l(__2sprintf.o)
    0x0800cf80   0x00000078   Code   RO         3209    .text               c_w.l(_printf_dec.o)
    0x0800cff8   0x0000018c   Code   RO         3228    .text               c_w.l(__printf_flags_ss_wp.o)
    0x0800d184   0x0000007c   Code   RO         3237    .text               c_w.l(assert.o)
    0x0800d200   0x00000064   Code   RO         3239    .text               c_w.l(rt_memcpy_w.o)
    0x0800d264   0x00000006   Code   RO         3241    .text               c_w.l(heapauxi.o)
    0x0800d26a   0x00000002   PAD
    0x0800d26c   0x00000024   Code   RO         3248    .text               c_w.l(init_aeabi.o)
    0x0800d290   0x00000022   Code   RO         3302    .text               cpprt_w.l(aeabi_vec_dtor_noexceptions.o)
    0x0800d2b2   0x00000002   PAD
    0x0800d2b4   0x00000008   Code   RO         3514    .text               c_w.l(rt_new_handler_addr_intlibspace.o)
    0x0800d2bc   0x00000008   Code   RO         3519    .text               c_w.l(rt_ddtor_pointer_addr_intlibspace.o)
    0x0800d2c4   0x0000005e   Code   RO         3525    .text               c_w.l(h1_alloc.o)
    0x0800d322   0x0000004e   Code   RO         3527    .text               c_w.l(h1_free.o)
    0x0800d370   0x00000016   Code   RO         3583    .text               c_w.l(_rserrno.o)
    0x0800d386   0x00000052   Code   RO         3585    .text               c_w.l(_printf_pad.o)
    0x0800d3d8   0x00000024   Code   RO         3587    .text               c_w.l(_printf_truncate.o)
    0x0800d3fc   0x00000052   Code   RO         3589    .text               c_w.l(_printf_str.o)
    0x0800d44e   0x000000b8   Code   RO         3591    .text               c_w.l(_printf_intcommon.o)
    0x0800d506   0x0000002a   Code   RO         3593    .text               c_w.l(_printf_charcount.o)
    0x0800d530   0x00000420   Code   RO         3595    .text               c_w.l(_printf_fp_dec.o)
    0x0800d950   0x00000030   Code   RO         3597    .text               c_w.l(_printf_char_common.o)
    0x0800d980   0x0000000a   Code   RO         3599    .text               c_w.l(_sputc.o)
    0x0800d98a   0x00000002   PAD
    0x0800d98c   0x000000bc   Code   RO         3601    .text               c_w.l(_printf_wctomb.o)
    0x0800da48   0x00000078   Code   RO         3604    .text               c_w.l(_printf_longlong_dec.o)
    0x0800dac0   0x00000078   Code   RO         3610    .text               c_w.l(_printf_oct_int_ll.o)
    0x0800db38   0x0000009c   Code   RO         3630    .text               c_w.l(_printf_hex_int_ll_ptr.o)
    0x0800dbd4   0x00000010   Code   RO         3654    .text               c_w.l(abort.o)
    0x0800dbe4   0x0000000e   Code   RO         3656    .text               c_w.l(defsig_pvfn_outer.o)
    0x0800dbf2   0x00000014   Code   RO         3660    .text               c_w.l(assert_puts.o)
    0x0800dc06   0x00000004   Code   RO         3722    .text               cpprt_w.l(arm_bad_typeid_noexceptions.o)
    0x0800dc0a   0x00000004   Code   RO         3728    .text               cpprt_w.l(arm_newhandler_noexceptions.o)
    0x0800dc0e   0x0000000e   Code   RO         3799    .text               c_w.l(sys_wrch.o)
    0x0800dc1c   0x0000000c   Code   RO         3801    .text               c_w.l(sys_exit.o)
    0x0800dc28   0x00000008   Code   RO         3803    .text               c_w.l(libspace.o)
    0x0800dc30   0x00000008   Code   RO         3828    .text               c_w.l(rt_heap_descriptor_intlibspace.o)
    0x0800dc38   0x00000008   Code   RO         3833    .text               c_w.l(rt_locale_intlibspace.o)
    0x0800dc40   0x00000008   Code   RO         3838    .text               c_w.l(rt_errno_addr_intlibspace.o)
    0x0800dc48   0x00000004   Code   RO         3840    .text               c_w.l(hguard.o)
    0x0800dc4c   0x0000008a   Code   RO         3842    .text               c_w.l(init_alloc.o)
    0x0800dcd6   0x0000000e   Code   RO         3846    .text               c_w.l(h1_init.o)
    0x0800dce4   0x0000008a   Code   RO         3860    .text               c_w.l(lludiv10.o)
    0x0800dd6e   0x00000002   PAD
    0x0800dd70   0x00000080   Code   RO         3862    .text               c_w.l(_printf_fp_infnan.o)
    0x0800ddf0   0x0000002c   Code   RO         3866    .text               c_w.l(_printf_char.o)
    0x0800de1c   0x0000002c   Code   RO         3868    .text               c_w.l(_printf_wchar.o)
    0x0800de48   0x000000e4   Code   RO         3870    .text               c_w.l(bigflt0.o)
    0x0800df2c   0x00000040   Code   RO         3895    .text               c_w.l(_wcrtomb.o)
    0x0800df6c   0x0000000a   Code   RO         3900    .text               c_w.l(defsig_exit.o)
    0x0800df76   0x0000000e   Code   RO         3902    .text               c_w.l(defsig_abrt_outer.o)
    0x0800df84   0x00000030   Code   RO         3906    .text               c_w.l(defsig_pvfn_inner.o)
    0x0800dfb4   0x0000001a   Code   RO         3914    .text               cpprt_w.l(arm_exceptions_terminate.o)
    0x0800dfce   0x00000002   Code   RO         3947    .text               c_w.l(use_no_semi.o)
    0x0800dfd0   0x00000000   Code   RO         3949    .text               c_w.l(indicate_semi.o)
    0x0800dfd0   0x0000004a   Code   RO         3950    .text               c_w.l(sys_stackheap_outer.o)
    0x0800e01a   0x00000002   PAD
    0x0800e01c   0x00000010   Code   RO         3952    .text               c_w.l(rt_ctype_table.o)
    0x0800e02c   0x00000034   Code   RO         3958    .text               c_w.l(h1_extend.o)
    0x0800e060   0x0000000c   Code   RO         3962    .text               c_w.l(exit.o)
    0x0800e06c   0x00000032   Code   RO         3966    .text               c_w.l(defsig_general.o)
    0x0800e09e   0x00000002   PAD
    0x0800e0a0   0x00000030   Code   RO         3968    .text               c_w.l(defsig_abrt_inner.o)
    0x0800e0d0   0x0000000e   Code   RO         3970    .text               c_w.l(defsig_rtmem_outer.o)
    0x0800e0de   0x00000002   PAD
    0x0800e0e0   0x00000080   Code   RO         3974    .text               c_w.l(strcmpv7m.o)
    0x0800e160   0x0000001c   Code   RO         3995    .text               cpprt_w.l(ARM_vec_cleanup_noexceptions.o)
    0x0800e17c   0x00000050   Code   RO         4010    .text               cpprt_w.l(arm_exceptions_globs.o)
    0x0800e1cc   0x00000002   Code   RO         4013    .text               cpprt_w.l(arm_rethrow_noexceptions.o)
    0x0800e1ce   0x00000002   PAD
    0x0800e1d0   0x00000008   Code   RO         4026    .text               c_w.l(rt_eh_globals_addr_intlibspace.o)
    0x0800e1d8   0x00000050   Code   RO         4035    .text               c_w.l(defsig_rtmem_inner.o)
    0x0800e228   0x0000003c   Code   RO         4045    .text               cpprt_w.l(arm_exceptions_mem.o)
    0x0800e264   0x0000003e   Code   RO         3873    CL$$btod_d2e        c_w.l(btod.o)
    0x0800e2a2   0x00000046   Code   RO         3875    CL$$btod_d2e_denorm_low  c_w.l(btod.o)
    0x0800e2e8   0x00000060   Code   RO         3874    CL$$btod_d2e_norm_op1  c_w.l(btod.o)
    0x0800e348   0x00000338   Code   RO         3883    CL$$btod_div_common  c_w.l(btod.o)
    0x0800e680   0x000000c6   Code   RO         3880    CL$$btod_e2e        c_w.l(btod.o)
    0x0800e746   0x00000028   Code   RO         3877    CL$$btod_ediv       c_w.l(btod.o)
    0x0800e76e   0x00000028   Code   RO         3876    CL$$btod_emul       c_w.l(btod.o)
    0x0800e796   0x00000244   Code   RO         3882    CL$$btod_mult_common  c_w.l(btod.o)
    0x0800e9da   0x00000046   Code   RO         3268    i._Z12tbc_downcastPvPKSt9type_infoP28a_base_class_traversal_blockPN10__cxxabiv122__base_class_type_infoE  cpprt_w.l(rtti.o)
    0x0800ea20   0x00000016   Code   RO         3269    i._Z17tbc_post_downcastPvPKSt9type_infoP28a_base_class_traversal_blockPN10__cxxabiv122__base_class_type_infoE  cpprt_w.l(rtti.o)
    0x0800ea36   0x00000002   PAD
    0x0800ea38   0x000000a8   Code   RO         3270    i._Z21traverse_base_classesPvPKSt9type_infoP28a_base_class_traversal_blockPN10__cxxabiv122__base_class_type_infoE  cpprt_w.l(rtti.o)
    0x0800eae0   0x000000c0   Code   RO         3271    i._Z23find_base_class_at_addrPvS_PKSt9type_infoS2_Pi  cpprt_w.l(rtti.o)
    0x0800eba0   0x000001ec   Code   RO         3272    i._Z28derived_to_base_conversion_rPvPS_PKSt9type_infoS3_jPiiPS3_P19a_result_virtualityS4_  cpprt_w.l(rtti.o)
    0x0800ed8c   0x0000003a   Code   RO         2118    i._ZN10ControlPad16centre_of_circleEv  controlpad.o
    0x0800edc6   0x00000012   Code   RO         2128    i._ZN10ControlPadD0Ev  controlpad.o
    0x0800edd8   0x00000020   Code   RO         2125    i._ZN10ControlPadD1Ev  controlpad.o
    0x0800edf8   0x00000006   Code   RO         1830    i._ZN11TouchWidget15is_touch_widgetEv  touchwidget.o
    0x0800edfe   0x00000012   Code   RO         1827    i._ZN11TouchWidgetD0Ev  touchwidget.o
    0x0800ee10   0x0000001e   Code   RO         1824    i._ZN11TouchWidgetD2Ev  touchwidget.o
    0x0800ee2e   0x00000008   Code   RO         2489    i._ZN3Pad10valid_areaEi  pad.o
    0x0800ee36   0x00000014   Code   RO         2657    i._ZN3Pad19widget_off_positionEv  pad.o
    0x0800ee4a   0x00000008   Code   RO         2615    i._ZN3Pad8all_areaEv  pad.o
    0x0800ee52   0x00000002   PAD
    0x0800ee54   0x00000014   Code   RO         2328    i._ZN4Font10font_widthEv  textbox.o
    0x0800ee68   0x00000014   Code   RO         2334    i._ZN4Font9font_highEv  textbox.o
    0x0800ee7c   0x00000040   Code   RO         3039    i._ZN4TextC1E6StringttN6Screen5PointE  lencar.o
    0x0800eebc   0x00000012   Code   RO         2215    i._ZN4TextD0Ev      text.o
    0x0800eece   0x00000002   PAD
    0x0800eed0   0x00000034   Code   RO         2206    i._ZN4TextD1Ev      text.o
    0x0800ef04   0x00000012   Code   RO         2019    i._ZN6ButtonD0Ev    button.o
    0x0800ef16   0x00000002   PAD
    0x0800ef18   0x0000004c   Code   RO         2013    i._ZN6ButtonD1Ev    button.o
    0x0800ef64   0x00000006   Code   RO          172    i._ZN6Screen5PointC1Ess  usermain.o
    0x0800ef6a   0x00000002   Code   RO         1427    i._ZN6Screen5PointC1Ev  paintable.o
    0x0800ef6c   0x00000022   Code   RO         1200    i._ZN6Screen5PointeqERKS0_  out.o
    0x0800ef8e   0x00000020   Code   RO         2885    i._ZN6Screen5PointmiERKS0_  window.o
    0x0800efae   0x00000020   Code   RO         1391    i._ZN6Screen5PointplERKS0_  paintable.o
    0x0800efce   0x0000000e   Code   RO         1118    i._ZN6Screen8RectTypeC1ENS_5PointEii  screen.o
    0x0800efdc   0x00000008   Code   RO         1124    i._ZN6Screen8RectTypeC1Ev  screen.o
    0x0800efe4   0x00000012   Code   RO         2406    i._ZN6SliderD0Ev    slider.o
    0x0800eff6   0x00000002   PAD
    0x0800eff8   0x00000034   Code   RO         2400    i._ZN6SliderD1Ev    slider.o
    0x0800f02c   0x00000016   Code   RO          178    i._ZN6StringD1Ev    usermain.o
    0x0800f042   0x00000004   Code   RO         1723    i._ZN6Widget10set_fatherEP3Pad  widget.o
    0x0800f046   0x00000012   Code   RO         2322    i._ZN6Widget13real_positionEv  textbox.o
    0x0800f058   0x00000006   Code   RO         1698    i._ZN6Widget15is_touch_widgetEv  widget.o
    0x0800f05e   0x00000024   Code   RO         1716    i._ZN6Widget9real_areaEv  widget.o
    0x0800f082   0x00000012   Code   RO         1695    i._ZN6WidgetD0Ev    widget.o
    0x0800f094   0x00000008   Code   RO         1683    i._ZN6WidgetD2Ev    widget.o
    0x0800f09c   0x0000000a   Code   RO         2897    i._ZN6Window13high_of_titleEv  window.o
    0x0800f0a6   0x00000024   Code   RO         2903    i._ZN6Window19widget_off_positionEv  window.o
    0x0800f0ca   0x00000044   Code   RO         1088    i._ZN7Graphic15is_in_rectangleEN6Screen5PointENS0_8RectTypeE  screen.o
    0x0800f10e   0x0000000e   Code   RO         1112    i._ZN7SSD128913set_point_65KEj  screen.o
    0x0800f11c   0x00000054   Code   RO         1082    i._ZN7SSD128914set_point_262KEj  screen.o
    0x0800f170   0x00000050   Code   RO          933    i._ZN7SSD128919set_GDDRAM_positionEtt  ssd1289.o
    0x0800f1c0   0x00000014   Code   RO          969    i._ZN7SSD12894highEv  ssd1289.o
    0x0800f1d4   0x00000014   Code   RO          975    i._ZN7SSD12895widthEv  ssd1289.o
    0x0800f1e8   0x0000000a   Code   RO          963    i._ZN7SSD12899send_dataEtt  ssd1289.o
    0x0800f1f2   0x00000020   Code   RO         3760    i._ZNKSt9type_infoeqERKS_  cpprt_w.l(type_info_eq.o)
    0x0800f212   0x0000000c   Code   RO         3045    i._ZSt3absd         lencar.o
    0x0800f21e   0x00000022   Code   RO         1608    i._ZSt3powdi        graphic.o
    0x0800f240   0x00000008   Code   RO         3251    i._ZdaPv            cpprt_w.l(array_del.o)
    0x0800f248   0x00000008   Code   RO         3258    i._ZdlPv            cpprt_w.l(delete.o)
    0x0800f250   0x00000008   Code   RO         3254    i._Znaj             cpprt_w.l(array_new.o)
    0x0800f258   0x00000028   Code   RO         3261    i._Znwj             cpprt_w.l(new.o)
    0x0800f280   0x00000092   Code   RO         3917    i.__ARM_array_new_general  cpprt_w.l(array_new_general.o)
    0x0800f312   0x00000020   Code   RO         3293    i.__ARM_common_get_typeid  cpprt_w.l(rtti.o)
    0x0800f332   0x00000028   Code   RO         3783    i.__ARM_fpclassify  m_ws.l(fpclassify.o)
    0x0800f35a   0x00000032   Code   RO         3296    i.__aeabi_atexit    cpprt_w.l(aeabi_atexit.o)
    0x0800f38c   0x00000022   Code   RO         3299    i.__aeabi_vec_ctor_nocookie_nodtor  cpprt_w.l(aeabi_vec_ctor_nocookie_nodtor.o)
    0x0800f3ae   0x00000016   Code   RO         3305    i.__aeabi_vec_new_nocookie  cpprt_w.l(aeabi_vec_new_nocookie.o)
    0x0800f3c4   0x00000042   Code   RO         3744    i.__cxa_finalize    cpprt_w.l(cxa_finalize.o)
    0x0800f406   0x00000010   Code   RO         3308    i.__cxa_guard_acquire  cpprt_w.l(cxa_guard_acquire.o)
    0x0800f416   0x00000006   Code   RO         3265    i.__cxa_pure_virtual  cpprt_w.l(pure_virt.o)
    0x0800f41c   0x00000018   Code   RO         3747    i.__cxa_vec_new     cpprt_w.l(cxa_vec_new.o)
    0x0800f434   0x00000070   Code   RO         3273    i.__derived_to_base_conversion  cpprt_w.l(rtti.o)
    0x0800f4a4   0x000000b0   Code   RO         3274    i.__dynamic_cast    cpprt_w.l(rtti.o)
    0x0800f554   0x00000388   Code   RO         3788    i.__ieee754_rem_pio2  m_ws.l(rred.o)
    0x0800f8dc   0x000000fc   Code   RO         3778    i.__kernel_cos      m_ws.l(cos_i.o)
    0x0800f9d8   0x000000aa   Code   RO         3785    i.__kernel_poly     m_ws.l(poly.o)
    0x0800fa82   0x00000002   PAD
    0x0800fa84   0x000000ec   Code   RO         3793    i.__kernel_sin      m_ws.l(sin_i.o)
    0x0800fb70   0x00000010   Code   RO         3781    i.__mathlib_dbl_underflow  m_ws.l(dunder.o)
    0x0800fb80   0x0000000e   Code   RO         3221    i._is_digit         c_w.l(__printf_wp.o)
    0x0800fb8e   0x00000002   PAD
    0x0800fb90   0x00000224   Code   RO         3475    i.atan              m_ws.l(atan.o)
    0x0800fdb4   0x000009e0   Code   RO         3485    i.pow               m_ws.l(pow.o)
    0x08010794   0x000000b0   Code   RO         3495    i.sin               m_ws.l(sin.o)
    0x08010844   0x0000004c   Code   RO         3503    i.sqrt              m_ws.l(sqrt.o)
    0x08010890   0x0000002c   Code   RO         3898    locale$$code        c_w.l(lc_numeric_c.o)
    0x080108bc   0x0000002c   Code   RO         4031    locale$$code        c_w.l(lc_ctype_c.o)
    0x080108e8   0x0000005e   Code   RO         2482    t._Z4sortIP3PadEhPT_S3_PFhS2_S2_E  pad.o
    0x08010946   0x00000018   Code   RO         1100    t._ZN5DatasIN5Color3tagEE20set_current_positionEj  screen.o
    0x0801095e   0x00000002   PAD
    0x08010960   0x00000118   Code   RO         1094    t._ZN5DatasIN5Color3tagEE4findEj  screen.o
    0x08010a78   0x0000006c   Code   RO         1106    t._ZN5DatasIN5Color3tagEE4nextEv  screen.o
    0x08010ae4   0x00000012   Code   RO         2537    t._ZN5DatasIN5Color3tagEE5clearEv  pad.o
    0x08010af6   0x00000002   PAD
    0x08010af8   0x000000bc   Code   RO          957    t._ZN5DatasIN5Color3tagEE9push_backERS1_  ssd1289.o
    0x08010bb4   0x00000018   Code   RO         2501    t._ZN5DatasIN5Color3tagEEC1Ev  pad.o
    0x08010bcc   0x00000016   Code   RO         2525    t._ZN5DatasIN5Color3tagEED1Ev  pad.o
    0x08010be2   0x00000012   Code   RO          526    t._ZN5QueueIN6System5EventEE5emptyEv  system.o
    0x08010bf4   0x00000076   Code   RO          520    t._ZN5QueueIN6System5EventEE7arrangeEv  system.o
    0x08010c6a   0x00000022   Code   RO          538    t._ZN5QueueIN6System5EventEEC1Ev  system.o
    0x08010c8c   0x00000018   Code   RO          550    t._ZN5QueueIN6System5EventEED1Ev  system.o
    0x08010ca4   0x00000030   Code   RO          939    t._ZN6VectorIN5DatasIN5Color3tagEE8DataNodeEE4copyEPKS4_S7_PS4_  ssd1289.o
    0x08010cd4   0x00000020   Code   RO         2531    t._ZN6VectorIN5DatasIN5Color3tagEE8DataNodeEE5clearEv  pad.o
    0x08010cf4   0x0000006e   Code   RO          945    t._ZN6VectorIN5DatasIN5Color3tagEE8DataNodeEE6resizeEv  ssd1289.o
    0x08010d62   0x0000002e   Code   RO          951    t._ZN6VectorIN5DatasIN5Color3tagEE8DataNodeEE9push_backERKS4_  ssd1289.o
    0x08010d90   0x0000000e   Code   RO         2495    t._ZN6VectorIN5DatasIN5Color3tagEE8DataNodeEEC1Ev  pad.o
    0x08010d9e   0x00000012   Code   RO         2519    t._ZN6VectorIN5DatasIN5Color3tagEE8DataNodeEED1Ev  pad.o
    0x08010db0   0x0000000e   Code   RO         1130    t._ZN6VectorIN5DatasIN5Color3tagEE8DataNodeEEixEj  screen.o
    0x08010dbe   0x00000028   Code   RO         1403    t._ZN6VectorIN6Screen5PointEE4copyEPKS1_S4_PS1_  paintable.o
    0x08010de6   0x00000002   PAD
    0x08010de8   0x00000064   Code   RO         1409    t._ZN6VectorIN6Screen5PointEE6resizeEv  paintable.o
    0x08010e4c   0x00000026   Code   RO         1415    t._ZN6VectorIN6Screen5PointEE9push_backERKS1_  paintable.o
    0x08010e72   0x0000000e   Code   RO         1421    t._ZN6VectorIN6Screen5PointEEC1Ev  paintable.o
    0x08010e80   0x00000012   Code   RO         1397    t._ZN6VectorIN6Screen5PointEED1Ev  paintable.o
    0x08010e92   0x0000002c   Code   RO          502    t._ZN6VectorIN6System5EventEE4copyEPKS1_S4_PS1_  system.o
    0x08010ebe   0x00000038   Code   RO          514    t._ZN6VectorIN6System5EventEE5clearEPS1_  system.o
    0x08010ef6   0x00000060   Code   RO          508    t._ZN6VectorIN6System5EventEE6resizeEv  system.o
    0x08010f56   0x00000028   Code   RO         2891    t._ZN6VectorIN6System5EventEE9push_backERKS1_  window.o
    0x08010f7e   0x0000000e   Code   RO          532    t._ZN6VectorIN6System5EventEEC1Ev  system.o
    0x08010f8c   0x00000012   Code   RO          544    t._ZN6VectorIN6System5EventEED1Ev  system.o
    0x08010f9e   0x00000028   Code   RO         2567    t._ZN6VectorIP3PadE4copyEPKS1_S4_PS1_  pad.o
    0x08010fc6   0x0000002e   Code   RO         2585    t._ZN6VectorIP3PadE4findERKS1_  pad.o
    0x08010ff4   0x00000026   Code   RO         2597    t._ZN6VectorIP3PadE5eraseEPS1_  pad.o
    0x0801101a   0x00000042   Code   RO         2591    t._ZN6VectorIP3PadE6removeEPS1_  pad.o
    0x0801105c   0x00000060   Code   RO         2573    t._ZN6VectorIP3PadE6resizeEv  pad.o
    0x080110bc   0x00000024   Code   RO         2579    t._ZN6VectorIP3PadE9push_backERKS1_  pad.o
    0x080110e0   0x0000000e   Code   RO         2603    t._ZN6VectorIP3PadEC1Ev  pad.o
    0x080110ee   0x00000012   Code   RO         2609    t._ZN6VectorIP3PadED1Ev  pad.o
    0x08011100   0x00000028   Code   RO          730    t._ZN6VectorIP4ProcE4copyEPKS1_S4_PS1_  process.o
    0x08011128   0x0000002e   Code   RO          760    t._ZN6VectorIP4ProcE4findERKS1_  process.o
    0x08011156   0x00000026   Code   RO          772    t._ZN6VectorIP4ProcE5eraseEPS1_  process.o
    0x0801117c   0x00000042   Code   RO          766    t._ZN6VectorIP4ProcE6removeEPS1_  process.o
    0x080111be   0x00000060   Code   RO          736    t._ZN6VectorIP4ProcE6resizeEv  process.o
    0x0801121e   0x00000024   Code   RO          742    t._ZN6VectorIP4ProcE9push_backERKS1_  process.o
    0x08011242   0x0000000e   Code   RO          568    t._ZN6VectorIP4ProcEC1Ev  system.o
    0x08011250   0x00000012   Code   RO          574    t._ZN6VectorIP4ProcED1Ev  system.o
    0x08011262   0x00000028   Code   RO         2549    t._ZN6VectorIP6WidgetE4copyEPKS1_S4_PS1_  pad.o
    0x0801128a   0x00000020   Code   RO         2543    t._ZN6VectorIP6WidgetE5clearEv  pad.o
    0x080112aa   0x00000060   Code   RO         2555    t._ZN6VectorIP6WidgetE6resizeEv  pad.o
    0x0801130a   0x00000024   Code   RO         2561    t._ZN6VectorIP6WidgetE9push_backERKS1_  pad.o
    0x0801132e   0x0000000e   Code   RO         2507    t._ZN6VectorIP6WidgetEC1Ev  pad.o
    0x0801133c   0x00000012   Code   RO         2513    t._ZN6VectorIP6WidgetED1Ev  pad.o
    0x0801134e   0x00000028   Code   RO         1488    t._ZN6VectorIP9TouchableE4copyEPKS1_S4_PS1_  touchable.o
    0x08011376   0x0000002e   Code   RO         1506    t._ZN6VectorIP9TouchableE4findERKS1_  touchable.o
    0x080113a4   0x00000026   Code   RO         1518    t._ZN6VectorIP9TouchableE5eraseEPS1_  touchable.o
    0x080113ca   0x00000042   Code   RO         1512    t._ZN6VectorIP9TouchableE6removeEPS1_  touchable.o
    0x0801140c   0x0000005c   Code   RO         2792    t._ZN6VectorIP9TouchableE6resizeEv  touchpad.o
    0x08011468   0x00000024   Code   RO         1500    t._ZN6VectorIP9TouchableE9push_backERKS1_  touchable.o
    0x0801148c   0x0000000e   Code   RO          556    t._ZN6VectorIP9TouchableEC1Ev  system.o
    0x0801149a   0x00000012   Code   RO          562    t._ZN6VectorIP9TouchableED1Ev  system.o
    0x080114ac   0x00000028   Code   RO          778    t._ZN6VectorIPFvvEE4copyEPKS1_S4_PS1_  process.o
    0x080114d4   0x0000002e   Code   RO          796    t._ZN6VectorIPFvvEE4findERKS1_  process.o
    0x08011502   0x00000026   Code   RO          808    t._ZN6VectorIPFvvEE5eraseEPS1_  process.o
    0x08011528   0x00000042   Code   RO          802    t._ZN6VectorIPFvvEE6removeEPS1_  process.o
    0x0801156a   0x00000060   Code   RO          784    t._ZN6VectorIPFvvEE6resizeEv  process.o
    0x080115ca   0x00000024   Code   RO          790    t._ZN6VectorIPFvvEE9push_backERKS1_  process.o
    0x080115ee   0x0000000e   Code   RO          748    t._ZN6VectorIPFvvEEC1Ev  process.o
    0x080115fc   0x00000012   Code   RO          754    t._ZN6VectorIPFvvEED1Ev  process.o
    0x0801160e   0x00000026   Code   RO         1253    t._ZN6VectorIcE4copyEPKcS2_Pc  string.o
    0x08011634   0x00000020   Code   RO          166    t._ZN6VectorIcE5clearEv  usermain.o
    0x08011654   0x00000026   Code   RO         1277    t._ZN6VectorIcE5eraseEPc  string.o
    0x0801167a   0x00000042   Code   RO         1271    t._ZN6VectorIcE6removeEPc  string.o
    0x080116bc   0x00000060   Code   RO         1259    t._ZN6VectorIcE6resizeEv  string.o
    0x0801171c   0x00000022   Code   RO         1265    t._ZN6VectorIcE9push_backERKc  string.o
    0x0801173e   0x0000000e   Code   RO         1247    t._ZN6VectorIcEC1Ev  string.o
    0x0801174c   0x00000012   Code   RO          160    t._ZN6VectorIcED1Ev  usermain.o
    0x0801175e   0x00000080   Code   RO         1295    t._ZN6VectorIcEeqERKS0_  string.o
    0x080117de   0x00000014   Code   RO         1433    t._ZNK6VectorIN6Screen5PointEE3endEv  paintable.o
    0x080117f2   0x00000014   Code   RO          580    t._ZNK6VectorIN6System5EventEE3endEv  system.o
    0x08011806   0x00000006   Code   RO          586    t._ZNK6VectorIN6System5EventEE5beginEv  system.o
    0x0801180c   0x00000014   Code   RO         2633    t._ZNK6VectorIP3PadE3endEv  pad.o
    0x08011820   0x00000010   Code   RO         2639    t._ZNK6VectorIP3PadE4rendEv  pad.o
    0x08011830   0x00000006   Code   RO         2651    t._ZNK6VectorIP3PadE5beginEv  pad.o
    0x08011836   0x00000016   Code   RO         2645    t._ZNK6VectorIP3PadE6rbeginEv  pad.o
    0x0801184c   0x00000014   Code   RO          814    t._ZNK6VectorIP4ProcE3endEv  process.o
    0x08011860   0x00000006   Code   RO          820    t._ZNK6VectorIP4ProcE5beginEv  process.o
    0x08011866   0x00000014   Code   RO         2621    t._ZNK6VectorIP6WidgetE3endEv  pad.o
    0x0801187a   0x00000006   Code   RO         2627    t._ZNK6VectorIP6WidgetE5beginEv  pad.o
    0x08011880   0x00000014   Code   RO         1524    t._ZNK6VectorIP9TouchableE3endEv  touchable.o
    0x08011894   0x00000006   Code   RO         1530    t._ZNK6VectorIP9TouchableE5beginEv  touchable.o
    0x0801189a   0x00000014   Code   RO          826    t._ZNK6VectorIPFvvEE3endEv  process.o
    0x080118ae   0x00000006   Code   RO          832    t._ZNK6VectorIPFvvEE5beginEv  process.o
    0x080118b4   0x00000012   Code   RO         1283    t._ZNK6VectorIcE3endEv  string.o
    0x080118c6   0x00000006   Code   RO         1289    t._ZNK6VectorIcE5beginEv  string.o
    0x080118cc   0x00000062   Code   RO         3414    x$fpl$d2f           fz_ws.l(d2f.o)
    0x0801192e   0x00000002   PAD
    0x08011930   0x00000150   Code   RO         3416    x$fpl$dadd          fz_ws.l(daddsub_clz.o)
    0x08011a80   0x00000010   Code   RO         3939    x$fpl$dcheck1       fz_ws.l(dcheck1.o)
    0x08011a90   0x00000018   Code   RO         3763    x$fpl$dcmpinf       fz_ws.l(dcmpi.o)
    0x08011aa8   0x000002b0   Code   RO         3423    x$fpl$ddiv          fz_ws.l(ddiv.o)
    0x08011d58   0x00000078   Code   RO         3426    x$fpl$deqf          fz_ws.l(deqf.o)
    0x08011dd0   0x0000005e   Code   RO         3428    x$fpl$dfix          fz_ws.l(dfix.o)
    0x08011e2e   0x00000002   PAD
    0x08011e30   0x0000005a   Code   RO         3432    x$fpl$dfixu         fz_ws.l(dfixu.o)
    0x08011e8a   0x0000002e   Code   RO         3437    x$fpl$dflt          fz_ws.l(dflt_clz.o)
    0x08011eb8   0x00000026   Code   RO         3436    x$fpl$dfltu         fz_ws.l(dflt_clz.o)
    0x08011ede   0x00000002   PAD
    0x08011ee0   0x00000078   Code   RO         3442    x$fpl$dleqf         fz_ws.l(dleqf.o)
    0x08011f58   0x00000154   Code   RO         3444    x$fpl$dmul          fz_ws.l(dmul.o)
    0x080120ac   0x0000009c   Code   RO         3765    x$fpl$dnaninf       fz_ws.l(dnaninf.o)
    0x08012148   0x0000000c   Code   RO         3767    x$fpl$dretinf       fz_ws.l(dretinf.o)
    0x08012154   0x0000006c   Code   RO         3446    x$fpl$drleqf        fz_ws.l(drleqf.o)
    0x080121c0   0x00000016   Code   RO         3417    x$fpl$drsb          fz_ws.l(daddsub_clz.o)
    0x080121d6   0x00000002   PAD
    0x080121d8   0x000001cc   Code   RO         3769    x$fpl$dsqrt         fz_ws.l(dsqrt_noumaal.o)
    0x080123a4   0x000001d4   Code   RO         3418    x$fpl$dsub          fz_ws.l(daddsub_clz.o)
    0x08012578   0x00000056   Code   RO         3448    x$fpl$f2d           fz_ws.l(f2d.o)
    0x080125ce   0x00000002   PAD
    0x080125d0   0x000000c4   Code   RO         3450    x$fpl$fadd          fz_ws.l(faddsub_clz.o)
    0x08012694   0x00000184   Code   RO         3457    x$fpl$fdiv          fz_ws.l(fdiv.o)
    0x08012818   0x00000036   Code   RO         3460    x$fpl$ffix          fz_ws.l(ffix.o)
    0x0801284e   0x00000002   PAD
    0x08012850   0x00000030   Code   RO         3465    x$fpl$fflt          fz_ws.l(fflt_clz.o)
    0x08012880   0x00000026   Code   RO         3464    x$fpl$ffltu         fz_ws.l(fflt_clz.o)
    0x080128a6   0x00000002   PAD
    0x080128a8   0x00000102   Code   RO         3470    x$fpl$fmul          fz_ws.l(fmul.o)
    0x080129aa   0x0000008c   Code   RO         3771    x$fpl$fnaninf       fz_ws.l(fnaninf.o)
    0x08012a36   0x0000000a   Code   RO         3773    x$fpl$fretinf       fz_ws.l(fretinf.o)
    0x08012a40   0x00000014   Code   RO         3451    x$fpl$frsb          fz_ws.l(faddsub_clz.o)
    0x08012a54   0x000000ea   Code   RO         3452    x$fpl$fsub          fz_ws.l(faddsub_clz.o)
    0x08012b3e   0x00000004   Code   RO         3472    x$fpl$printf1       fz_ws.l(printf1.o)
    0x08012b42   0x00000064   Code   RO         4019    x$fpl$retnan        fz_ws.l(retnan.o)
    0x08012ba6   0x0000005c   Code   RO         3775    x$fpl$scalbn        fz_ws.l(scalbn.o)
    0x08012c02   0x00000030   Code   RO         4052    x$fpl$trapveneer    fz_ws.l(trapv.o)
    0x08012c32   0x00000000   Code   RO         3777    x$fpl$usenofp       fz_ws.l(usenofp.o)
    0x08012c32   0x00000002   PAD
    0x08012c34   0x00000052   Data   RO          148    .constdata          usermain.o
    0x08012c86   0x00000002   PAD
    0x08012c88   0x0000000c   Data   RO         1071    .constdata          screen.o
    0x08012c94   0x0000003c   Data   RO         1333    .constdata          font.o
    0x08012cd0   0x000023a0   Data   RO         1364    .constdata          fontlib.o
    0x08015070   0x00000008   Data   RO         2871    .constdata          window.o
    0x08015078   0x00000011   Data   RO         3229    .constdata          c_w.l(__printf_flags_ss_wp.o)
    0x08015089   0x00000007   PAD
    0x08015090   0x00000098   Data   RO         3476    .constdata          m_ws.l(atan.o)
    0x08015128   0x00000088   Data   RO         3486    .constdata          m_ws.l(pow.o)
    0x080151b0   0x00000008   Data   RO         3602    .constdata          c_w.l(_printf_wctomb.o)
    0x080151b8   0x00000028   Data   RO         3631    .constdata          c_w.l(_printf_hex_int_ll_ptr.o)
    0x080151e0   0x00000030   Data   RO         3779    .constdata          m_ws.l(cos_i.o)
    0x08015210   0x00000008   Data   RO         3787    .constdata          m_ws.l(qnan.o)
    0x08015218   0x000000c8   Data   RO         3790    .constdata          m_ws.l(rred.o)
    0x080152e0   0x00000028   Data   RO         3794    .constdata          m_ws.l(sin_i.o)
    0x08015308   0x00000094   Data   RO         3871    .constdata          c_w.l(bigflt0.o)
    0x0801539c   0x0000000c   Data   RO         2143    .constdata__ZTI10ControlPad  controlpad.o
    0x080153a8   0x00000020   Data   RO         1842    .constdata__ZTI11TouchWidget  touchwidget.o
    0x080153c8   0x0000000c   Data   RO         2218    .constdata__ZTI4Text  text.o
    0x080153d4   0x00000018   Data   RO         1537    .constdata__ZTI5Touch  touchable.o
    0x080153ec   0x0000000c   Data   RO         2028    .constdata__ZTI6Button  button.o
    0x080153f8   0x0000000c   Data   RO         1734    .constdata__ZTI6Screen  widget.o
    0x08015404   0x0000000c   Data   RO         2421    .constdata__ZTI6Slider  slider.o
    0x08015410   0x0000000c   Data   RO         1731    .constdata__ZTI6Widget  widget.o
    0x0801541c   0x00000008   Data   RO         1539    .constdata__ZTI7ADS7843  touchable.o
    0x08015424   0x0000000c   Data   RO         1732    .constdata__ZTI7Graphic  widget.o
    0x08015430   0x00000008   Data   RO         1736    .constdata__ZTI7SSD1289  widget.o
    0x08015438   0x0000000c   Data   RO         2346    .constdata__ZTI7TextBox  textbox.o
    0x08015444   0x0000000c   Data   RO         1536    .constdata__ZTI9Touchable  touchable.o
    0x08015450   0x0000000c   Data   RO         3398    .constdata__ZTIN10__cxxabiv117__class_type_infoE  cpprt_w.l(lib_rtti_impl.o)
    0x0801545c   0x0000000c   Data   RO         3399    .constdata__ZTIN10__cxxabiv120__si_class_type_infoE  cpprt_w.l(lib_rtti_impl.o)
    0x08015468   0x0000000c   Data   RO         3400    .constdata__ZTIN10__cxxabiv121__vmi_class_type_infoE  cpprt_w.l(lib_rtti_impl.o)
    0x08015474   0x00000008   Data   RO         3758    .constdata__ZTISt9type_info  cpprt_w.l(type_info_dtor.o)
    0x0801547c   0x0000000d   Data   RO         2144    .constdata__ZTS10ControlPad  controlpad.o
    0x08015489   0x0000000e   Data   RO         1843    .constdata__ZTS11TouchWidget  touchwidget.o
    0x08015497   0x00000006   Data   RO         2219    .constdata__ZTS4Text  text.o
    0x0801549d   0x00000007   Data   RO         1540    .constdata__ZTS5Touch  touchable.o
    0x080154a4   0x00000008   Data   RO         2029    .constdata__ZTS6Button  button.o
    0x080154ac   0x00000008   Data   RO         1737    .constdata__ZTS6Screen  widget.o
    0x080154b4   0x00000008   Data   RO         2422    .constdata__ZTS6Slider  slider.o
    0x080154bc   0x00000008   Data   RO         1733    .constdata__ZTS6Widget  widget.o
    0x080154c4   0x00000009   Data   RO         1541    .constdata__ZTS7ADS7843  touchable.o
    0x080154cd   0x00000009   Data   RO         1735    .constdata__ZTS7Graphic  widget.o
    0x080154d6   0x00000009   Data   RO         1738    .constdata__ZTS7SSD1289  widget.o
    0x080154df   0x00000009   Data   RO         2347    .constdata__ZTS7TextBox  textbox.o
    0x080154e8   0x0000000b   Data   RO         1538    .constdata__ZTS9Touchable  touchable.o
    0x080154f3   0x00000022   Data   RO         3408    .constdata__ZTSN10__cxxabiv117__class_type_infoE  cpprt_w.l(lib_rtti_impl.o)
    0x08015515   0x00000025   Data   RO         3409    .constdata__ZTSN10__cxxabiv120__si_class_type_infoE  cpprt_w.l(lib_rtti_impl.o)
    0x0801553a   0x00000026   Data   RO         3410    .constdata__ZTSN10__cxxabiv121__vmi_class_type_infoE  cpprt_w.l(lib_rtti_impl.o)
    0x08015560   0x0000000d   Data   RO         3759    .constdata__ZTSSt9type_info  cpprt_w.l(type_info_dtor.o)
    0x0801556d   0x00000003   PAD
    0x08015570   0x00000080   Data   RO         2117    .constdata__ZTV10ControlPad  controlpad.o
    0x080155f0   0x00000070   Data   RO         1823    .constdata__ZTV11TouchWidget  touchwidget.o
    0x08015660   0x00000044   Data   RO         2481    .constdata__ZTV3Pad  pad.o
    0x080156a4   0x00000040   Data   RO         2205    .constdata__ZTV4Text  text.o
    0x080156e4   0x00000084   Data   RO         2012    .constdata__ZTV6Button  button.o
    0x08015768   0x00000080   Data   RO         2399    .constdata__ZTV6Slider  slider.o
    0x080157e8   0x00000040   Data   RO         1682    .constdata__ZTV6Widget  widget.o
    0x08015828   0x000000bc   Data   RO         2884    .constdata__ZTV6Window  window.o
    0x080158e4   0x00000020   Data   RO         1730    .constdata__ZTV7Graphic  widget.o
    0x08015904   0x00000080   Data   RO         2320    .constdata__ZTV7TextBox  textbox.o
    0x08015984   0x00000088   Data   RO         2791    .constdata__ZTV8TouchPad  touchpad.o
    0x08015a0c   0x00000034   Data   RO         1390    .constdata__ZTV9Paintable  paintable.o
    0x08015a40   0x0000002c   Data   RO         1487    .constdata__ZTV9Touchable  touchable.o
    0x08015a6c   0x00000010   Data   RO         3383    .constdata__ZTVN10__cxxabiv117__class_type_infoE  cpprt_w.l(lib_rtti_impl.o)
    0x08015a7c   0x00000010   Data   RO         3385    .constdata__ZTVN10__cxxabiv120__si_class_type_infoE  cpprt_w.l(lib_rtti_impl.o)
    0x08015a8c   0x00000010   Data   RO         3387    .constdata__ZTVN10__cxxabiv121__vmi_class_type_infoE  cpprt_w.l(lib_rtti_impl.o)
    0x08015a9c   0x00000020   Data   RO         4086    Region$$Table       anon$$obj.o
    0x08015abc   0x0000001c   Data   RO         3897    locale$$data        c_w.l(lc_numeric_c.o)
    0x08015ad8   0x00000110   Data   RO         4030    locale$$data        c_w.l(lc_ctype_c.o)
    0x08015be8   0x00000004   Data   RO          492    .init_array         system.o
    0x08015bec   0x00000004   Data   RO          884    .init_array         ads7843.o
    0x08015bf0   0x00000004   Data   RO         1073    .init_array         screen.o
    0x08015bf4   0x00000004   Data   RO         1335    .init_array         font.o
    0x08015bf8   0x00000004   Data   RO         1657    .init_array         color.o
    0x08015bfc   0x00000004   Data   RO         2469    .init_array         pad.o
    0x08015c00   0x00000004   Data   RO         2780    .init_array         touchpad.o
    0x08015c04   0x00000004   Data   RO         2873    .init_array         window.o


    Execution Region RW_IRAM1 (Base: 0x20000000, Size: 0x0000ff70, Max: 0x00010000, ABSOLUTE, COMPRESSED[0x00000028])

    Base Addr    Size         Type   Attr      Idx    E Section Name        Object

    0x20000000   0x0000003c   Data   RW          149    .data               usermain.o
    0x2000003c   0x00000010   Data   RW          325    .data               isr.o
    0x2000004c   0x00000001   Data   RW          429    .data               base.o
    0x2000004d   0x00000003   PAD
    0x20000050   0x00000010   Data   RW          448    .data               cnf.o
    0x20000060   0x00000010   Data   RW          491    .data               system.o
    0x20000070   0x0000001c   Data   RW          883    .data               ads7843.o
    0x2000008c   0x00000019   Data   RW          924    .data               ssd1289.o
    0x200000a5   0x00000003   PAD
    0x200000a8   0x0000000c   Data   RW         1072    .data               screen.o
    0x200000b4   0x00000014   Data   RW         1191    .data               out.o
    0x200000c8   0x00000020   Data   RW         1334    .data               font.o
    0x200000e8   0x00000020   Data   RW         1477    .data               touchable.o
    0x20000108   0x00000010   Data   RW         1599    .data               graphic.o
    0x20000118   0x00000024   Data   RW         1656    .data               color.o
    0x2000013c   0x00000010   Data   RW         2106    .data               controlpad.o
    0x2000014c   0x00000010   Data   RW         2389    .data               slider.o
    0x2000015c   0x00000010   Data   RW         2468    .data               pad.o
    0x2000016c   0x00000016   Data   RW         2779    .data               touchpad.o
    0x20000182   0x00000002   PAD
    0x20000184   0x00000024   Data   RW         2872    .data               window.o
    0x200001a8   0x0000002c   Data   RW         3030    .data               lencar.o
    0x200001d4   0x00000004   Data   RW          983    .data__ZZN7SSD128914set_point_262KEjE1B  ssd1289.o
    0x200001d8   0x00000004   Data   RW          982    .data__ZZN7SSD128914set_point_262KEjE1G  ssd1289.o
    0x200001dc   0x00000004   Data   RW          981    .data__ZZN7SSD128914set_point_262KEjE1R  ssd1289.o
    0x200001e0   0x00000034   Zero   RW          490    .bss                system.o
    0x20000214   0x00000014   Zero   RW          882    .bss                ads7843.o
    0x20000228   0x0000000c   Zero   RW         1070    .bss                screen.o
    0x20000234   0x00000200   Zero   RW         1190    .bss                out.o
    0x20000434   0x0000003c   Zero   RW         1332    .bss                font.o
    0x20000470   0x00000080   Zero   RW         1378    .bss                paintable.o
    0x200004f0   0x00000014   Zero   RW         2467    .bss                pad.o
    0x20000504   0x0000000c   Zero   RW         2870    .bss                window.o
    0x20000510   0x00000060   Zero   RW         3804    .bss                c_w.l(libspace.o)
    0x20000570   0x0000f000   Zero   RW          316    HEAP                startup_stm32f10x_hd.o
    0x2000f570   0x00000a00   Zero   RW          315    STACK               startup_stm32f10x_hd.o


==============================================================================

Image component sizes


      Code (inc. data)   RO Data    RW Data    ZI Data      Debug   Object Name

      1168         48          4         28         20       8552   ads7843.o
     19012        252          0          1          0     385237   base.o
       986         34        152          0          0      22160   button.o
      4076         56          0         16          0      21430   cnf.o
       356         26          4         36          0       2108   color.o
       408          0          0          0          0       4096   com.o
       920          8        153         16          0      12652   controlpad.o
       844         38         64         32         60       8660   font.o
         0          0       9120          0          0       2088   fontlib.o
      2438          8          0         16          0      14186   graphic.o
       256         22          0         16          0       7708   isr.o
      3400        218          0         44          0      11092   lencar.o
        14          0          0          0          0      15583   main.o
         0          0          0          0          0      21360   messagebox.o
       950         34          0         20        512      10368   out.o
      2902         48         72         16         20      38624   pad.o
       984          8         52          0        128      17134   paintable.o
       868          4          0          0          0      14492   process.o
      3058        108         16         12         12      24412   screen.o
      1134         18        148         16          0      12492   slider.o
      2374         80          0         37          0      19580   ssd1289.o
        64         26        304          0      64000        812   startup_stm32f10x_hd.o
       950          0          0          0          0      12304   string.o
         8          0          0          0          0        421   sys.o
      1104         34          4         16         52      32839   system.o
       434         14         82          0          0      16768   text.o
      1892         30        149          0          0      14952   textbox.o
         8          4          0          0          0       1688   touch.o
      1012         66        115         32          0      13792   touchable.o
      1008         32        140         22          0      19433   touchpad.o
       250          6        158          0          0      15840   touchwidget.o
      2154        190         82         60          0      40514   usermain.o
       344         12        174          0          0      11696   widget.o
      2174         66        200         36         12      37086   window.o

    ----------------------------------------------------------------------
     57568       1490      11227        480      64816     892159   Object Totals
         0          0         32          0          0          0   (incl. Generated)
        18          0          2          8          0          0   (incl. Padding)

    ----------------------------------------------------------------------

      Code (inc. data)   RO Data    RW Data    ZI Data      Debug   Library Member Name

        44          6          0          0          0         84   __2sprintf.o
        90          0          0          0          0          0   __dczerorl2.o
         8          0          0          0          0         68   __main.o
       396          6         17          0          0         92   __printf_flags_ss_wp.o
        14          0          0          0          0         68   __printf_wp.o
        52          8          0          0          0          0   __scatter.o
        28          0          0          0          0          0   __scatter_zi.o
         6          0          0          0          0          0   _printf_a.o
         6          0          0          0          0          0   _printf_c.o
        44          0          0          0          0        108   _printf_char.o
        48          6          0          0          0         96   _printf_char_common.o
        42          0          0          0          0         68   _printf_charcount.o
         6          0          0          0          0          0   _printf_d.o
       120         18          0          0          0         92   _printf_dec.o
         6          0          0          0          0          0   _printf_e.o
         6          0          0          0          0          0   _printf_f.o
      1056          0          0          0          0        216   _printf_fp_dec.o
       128         16          0          0          0         84   _printf_fp_infnan.o
         6          0          0          0          0          0   _printf_g.o
       156          6         40          0          0        160   _printf_hex_int_ll_ptr.o
         6          0          0          0          0          0   _printf_i.o
       184          0          0          0          0         88   _printf_intcommon.o
        10          0          0          0          0          0   _printf_l.o
         6          0          0          0          0          0   _printf_lc.o
        10          0          0          0          0          0   _printf_ll.o
         6          0          0          0          0          0   _printf_lld.o
         6          0          0          0          0          0   _printf_lli.o
         6          0          0          0          0          0   _printf_llo.o
         6          0          0          0          0          0   _printf_llu.o
         6          0          0          0          0          0   _printf_llx.o
       120         16          0          0          0         92   _printf_longlong_dec.o
         6          0          0          0          0          0   _printf_ls.o
         6          0          0          0          0          0   _printf_n.o
         6          0          0          0          0          0   _printf_o.o
       120          8          0          0          0        124   _printf_oct_int_ll.o
         6          0          0          0          0          0   _printf_p.o
        82          0          0          0          0        108   _printf_pad.o
         0          0          0          0          0          0   _printf_percent.o
         4          0          0          0          0          0   _printf_percent_end.o
         6          0          0          0          0          0   _printf_s.o
        82          0          0          0          0         80   _printf_str.o
        36          0          0          0          0         84   _printf_truncate.o
         6          0          0          0          0          0   _printf_u.o
        44          0          0          0          0        108   _printf_wchar.o
       188          6          8          0          0         92   _printf_wctomb.o
         6          0          0          0          0          0   _printf_x.o
        22          0          0          0          0        100   _rserrno.o
        10          0          0          0          0         68   _sputc.o
        64          0          0          0          0         92   _wcrtomb.o
        16          0          0          0          0         72   abort.o
       124         40          0          0          0         76   assert.o
        20          0          0          0          0         76   assert_puts.o
       228          6        148          0          0         96   bigflt0.o
      1910        128          0          0          0        672   btod.o
        36          4          0          0          0         76   c89vsprintf.o
        48         34          0          0          0         76   defsig_abrt_inner.o
        14          0          0          0          0         80   defsig_abrt_outer.o
        10          0          0          0          0         68   defsig_exit.o
        50          0          0          0          0         88   defsig_general.o
        48         34          0          0          0         76   defsig_pvfn_inner.o
        14          0          0          0          0         80   defsig_pvfn_outer.o
        80         58          0          0          0         76   defsig_rtmem_inner.o
        14          0          0          0          0         80   defsig_rtmem_outer.o
        12          0          0          0          0         72   exit.o
        94          0          0          0          0         80   h1_alloc.o
        52          0          0          0          0         68   h1_extend.o
        78          0          0          0          0         80   h1_free.o
        14          0          0          0          0         84   h1_init.o
         6          0          0          0          0        152   heapauxi.o
         4          0          0          0          0        136   hguard.o
         0          0          0          0          0          0   indicate_semi.o
        36         10          0          0          0         80   init_aeabi.o
       138          0          0          0          0        168   init_alloc.o
        44         10        272          0          0         76   lc_ctype_c.o
        44         10         28          0          0         76   lc_numeric_c.o
         2          0          0          0          0          0   libinit.o
        42          0          0          0          0          0   libinit2.o
         2          0          0          0          0          0   libshutdown.o
         8          0          0          0          0          0   libshutdown2.o
         8          4          0          0         96         68   libspace.o
       138          0          0          0          0         80   lludiv10.o
         0          0          0          0          0          0   maybetermalloc1.o
        16          4          0          0          0         76   rt_ctype_table.o
         8          4          0          0          0         68   rt_ddtor_pointer_addr_intlibspace.o
         8          4          0          0          0         68   rt_eh_globals_addr_intlibspace.o
         8          4          0          0          0         68   rt_errno_addr_intlibspace.o
         8          4          0          0          0         68   rt_heap_descriptor_intlibspace.o
         8          4          0          0          0         68   rt_locale_intlibspace.o
       100          0          0          0          0         80   rt_memcpy_w.o
         8          4          0          0          0         68   rt_new_handler_addr_intlibspace.o
         0          0          0          0          0          0   rtentry.o
        12          0          0          0          0          0   rtentry2.o
         6          0          0          0          0          0   rtentry4.o
         2          0          0          0          0          0   rtexit.o
        10          0          0          0          0          0   rtexit2.o
       128          0          0          0          0         68   strcmpv7m.o
        12          4          0          0          0         68   sys_exit.o
        74          0          0          0          0         80   sys_stackheap_outer.o
        14          0          0          0          0         76   sys_wrch.o
         2          0          0          0          0         68   use_no_semi.o
        28          0          0          0          0         84   ARM_vec_cleanup_noexceptions.o
        50          0          0          0          0         84   aeabi_atexit.o
        34          0          0          0          0         84   aeabi_vec_ctor_nocookie_nodtor.o
        34          0          0          0          0         84   aeabi_vec_dtor_noexceptions.o
        22          0          0          0          0         80   aeabi_vec_new_nocookie.o
         4          0          0          0          0         72   arm_bad_typeid_noexceptions.o
        80         12          0          0          0        104   arm_exceptions_globs.o
        60          0          0          0          0        108   arm_exceptions_mem.o
        26          0          0          0          0         76   arm_exceptions_terminate.o
         4          0          0          0          0         68   arm_newhandler_noexceptions.o
         2          0          0          0          0         68   arm_rethrow_noexceptions.o
         8          0          0          0          0         76   array_del.o
         8          0          0          0          0         76   array_new.o
       146          0          0          0          0         96   array_new_general.o
        66          0          0          0          0         84   cxa_finalize.o
        16          0          0          0          0         68   cxa_guard_acquire.o
        24          6          0          0          0         84   cxa_vec_new.o
         8          0          0          0          0         76   delete.o
         0          0        193          0          0          0   lib_rtti_impl.o
        40          6          0          0          0         76   new.o
         6          0          0          0          0         68   pure_virt.o
      1264         44          0          0          0        716   rtti.o
         0          0         21          0          0          0   type_info_dtor.o
        32          0          0          0          0         80   type_info_eq.o
        98          4          0          0          0         92   d2f.o
       826         16          0          0          0        348   daddsub_clz.o
        16          4          0          0          0         68   dcheck1.o
        24          0          0          0          0         68   dcmpi.o
       688        140          0          0          0        208   ddiv.o
       120          4          0          0          0         92   deqf.o
        94          4          0          0          0         92   dfix.o
        90          4          0          0          0         92   dfixu.o
        84          0          0          0          0        136   dflt_clz.o
       120          4          0          0          0         92   dleqf.o
       340         12          0          0          0        104   dmul.o
       156          4          0          0          0         92   dnaninf.o
        12          0          0          0          0         68   dretinf.o
       108          0          0          0          0         80   drleqf.o
       460         56          0          0          0        120   dsqrt_noumaal.o
        86          4          0          0          0         84   f2d.o
       450          8          0          0          0        236   faddsub_clz.o
       388         76          0          0          0         96   fdiv.o
        54          4          0          0          0         84   ffix.o
        86          0          0          0          0        136   fflt_clz.o
       258          4          0          0          0         84   fmul.o
       140          4          0          0          0         84   fnaninf.o
        10          0          0          0          0         68   fretinf.o
         4          0          0          0          0         68   printf1.o
       100          0          0          0          0         68   retnan.o
        92          0          0          0          0         68   scalbn.o
        48          0          0          0          0         68   trapv.o
         0          0          0          0          0          0   usenofp.o
       548         70        152          0          0        124   atan.o
       252         22         48          0          0        124   cos_i.o
        16          6          0          0          0         68   dunder.o
        40          0          0          0          0         68   fpclassify.o
       170          0          0          0          0         96   poly.o
      2528        190        136          0          0        332   pow.o
         0          0          8          0          0          0   qnan.o
       904         72        200          0          0        140   rred.o
       176         10          0          0          0        116   sin.o
       236         12         40          0          0        128   sin_i.o
        76          0          0          0          0         84   sqrt.o

    ----------------------------------------------------------------------
     18980       1268       1321          0         96      12596   Library Totals
        40          0         10          0          0          0   (incl. Padding)

    ----------------------------------------------------------------------

      Code (inc. data)   RO Data    RW Data    ZI Data      Debug   Library Name

      7080        466        513          0         96       6008   c_w.l
      1962         68        214          0          0       2412   cpprt_w.l
      4952        352          0          0          0       2896   fz_ws.l
      4946        382        584          0          0       1280   m_ws.l

    ----------------------------------------------------------------------
     18980       1268       1321          0         96      12596   Library Totals

    ----------------------------------------------------------------------

==============================================================================


      Code (inc. data)   RO Data    RW Data    ZI Data      Debug   

     76548       2758      12548        480      64912     887699   Grand Totals
     76548       2758      12548         40      64912     887699   ELF Image Totals (compressed)
     76548       2758      12548         40          0          0   ROM Totals

==============================================================================

    Total RO  Size (Code + RO Data)                89096 (  87.01kB)
    Total RW  Size (RW Data + ZI Data)             65392 (  63.86kB)
    Total ROM Size (Code + RO Data + RW Data)      89136 (  87.05kB)

==============================================================================

